[00:00:00.033967300 / 00:00:00.033967300] [11303512 bytes] Test Runner Configured
[00:00:00.066431800 / 00:00:00.032464500] [13723184 bytes] PHPUnit Started (PHPUnit 12.5.28 using PHP 8.5.3 (cli) on WINNT)
[00:00:00.068700200 / 00:00:00.002268400] [13723184 bytes] Test Runner Configured
[00:00:00.070258800 / 00:00:00.001558600] [13748184 bytes] Bootstrap Finished (C:\Rega Code\Web\apotek-digital\apotek-digital\vendor/autoload.php)
[00:00:00.083831500 / 00:00:00.013572700] [14066952 bytes] Event Facade Sealed
[00:00:00.112956900 / 00:00:00.029125400] [16968704 bytes] Data Provider Method Called (P\Tests\Feature\LaporanPageTest::__pest_evaluable_typeLabel_returns_correct_Indonesian_labels_dataset for test method P\Tests\Feature\LaporanPageTest::__pest_evaluable_typeLabel_returns_correct_Indonesian_labels)
[00:00:00.116815000 / 00:00:00.003858100] [18390680 bytes] Data Provider Method Finished for P\Tests\Feature\LaporanPageTest::__pest_evaluable_typeLabel_returns_correct_Indonesian_labels:
                                                           - P\Tests\Feature\LaporanPageTest::__pest_evaluable_typeLabel_returns_correct_Indonesian_labels_dataset
[00:00:00.127406200 / 00:00:00.010591200] [18765104 bytes] Data Provider Method Called (P\Tests\Feature\SistemRoutesTest::__pest_evaluable_guests_are_redirected_from_protected_sistem_routes_to_login_dataset for test method P\Tests\Feature\SistemRoutesTest::__pest_evaluable_guests_are_redirected_from_protected_sistem_routes_to_login)
[00:00:00.128795300 / 00:00:00.001389100] [18765104 bytes] Data Provider Method Finished for P\Tests\Feature\SistemRoutesTest::__pest_evaluable_guests_are_redirected_from_protected_sistem_routes_to_login:
                                                           - P\Tests\Feature\SistemRoutesTest::__pest_evaluable_guests_are_redirected_from_protected_sistem_routes_to_login_dataset
[00:00:00.130391200 / 00:00:00.001595900] [18765104 bytes] Data Provider Method Called (P\Tests\Feature\SistemRoutesTest::__pest_evaluable_admin_can_access_all_sistem_modules_dataset for test method P\Tests\Feature\SistemRoutesTest::__pest_evaluable_admin_can_access_all_sistem_modules)
[00:00:00.131312200 / 00:00:00.000921000] [18765104 bytes] Data Provider Method Finished for P\Tests\Feature\SistemRoutesTest::__pest_evaluable_admin_can_access_all_sistem_modules:
                                                           - P\Tests\Feature\SistemRoutesTest::__pest_evaluable_admin_can_access_all_sistem_modules_dataset
[00:00:00.132801200 / 00:00:00.001489000] [18765104 bytes] Data Provider Method Called (P\Tests\Feature\SistemRoutesTest::__pest_evaluable_pharmacist_can_access_dashboard_inventaris_laporan_and_pos_dataset for test method P\Tests\Feature\SistemRoutesTest::__pest_evaluable_pharmacist_can_access_dashboard_inventaris_laporan_and_pos)
[00:00:00.133640600 / 00:00:00.000839400] [18765104 bytes] Data Provider Method Finished for P\Tests\Feature\SistemRoutesTest::__pest_evaluable_pharmacist_can_access_dashboard_inventaris_laporan_and_pos:
                                                           - P\Tests\Feature\SistemRoutesTest::__pest_evaluable_pharmacist_can_access_dashboard_inventaris_laporan_and_pos_dataset
[00:00:00.135087800 / 00:00:00.001447200] [18800192 bytes] Data Provider Method Called (P\Tests\Feature\SistemRoutesTest::__pest_evaluable_cashier_cannot_access_inventaris_laporan_or_user_management_dataset for test method P\Tests\Feature\SistemRoutesTest::__pest_evaluable_cashier_cannot_access_inventaris_laporan_or_user_management)
[00:00:00.135940700 / 00:00:00.000852900] [18803672 bytes] Data Provider Method Finished for P\Tests\Feature\SistemRoutesTest::__pest_evaluable_cashier_cannot_access_inventaris_laporan_or_user_management:
                                                           - P\Tests\Feature\SistemRoutesTest::__pest_evaluable_cashier_cannot_access_inventaris_laporan_or_user_management_dataset
[00:00:00.142998800 / 00:00:00.007058100] [19432008 bytes] Test Suite Loaded (170 tests)
[00:00:00.145485900 / 00:00:00.002487100] [19557072 bytes] Test Runner Started
[00:00:00.147339900 / 00:00:00.001854000] [19638464 bytes] Test Suite Sorted
[00:00:00.151674300 / 00:00:00.004334400] [19710576 bytes] Test Runner Execution Started (170 tests)
[00:00:00.153730400 / 00:00:00.002056100] [19760000 bytes] Test Suite Started (C:\Rega Code\Web\apotek-digital\apotek-digital\phpunit.xml, 170 tests)
[00:00:00.154572000 / 00:00:00.000841600] [19760000 bytes] Test Suite Started (Unit, 15 tests)
[00:00:00.156552700 / 00:00:00.001980700] [19760000 bytes] Test Suite Started (P\Tests\Unit\ExampleTest, 1 test)
[00:00:00.158583400 / 00:00:00.002030700] [19890384 bytes] Before First Test Method Called (P\Tests\Unit\ExampleTest::setUpBeforeClass)
[00:00:00.159651600 / 00:00:00.001068200] [19890384 bytes] Before First Test Method Finished:
                                                           - P\Tests\Unit\ExampleTest::setUpBeforeClass
[00:00:00.162605000 / 00:00:00.002953400] [19998168 bytes] Test Preparation Started (P\Tests\Unit\ExampleTest::__pest_evaluable_that_true_is_true)
[00:00:00.165085300 / 00:00:00.002480300] [20026592 bytes] Before Test Method Called (P\Tests\Unit\ExampleTest::setUp)
[00:00:00.166180000 / 00:00:00.001094700] [20026592 bytes] Before Test Method Finished:
                                                           - P\Tests\Unit\ExampleTest::setUp
[00:00:00.167566500 / 00:00:00.001386500] [19981096 bytes] Test Prepared (P\Tests\Unit\ExampleTest::__pest_evaluable_that_true_is_true)
[00:00:00.172710000 / 00:00:00.005143500] [20318360 bytes] Post Condition Method Called (P\Tests\Unit\ExampleTest::__MarkTestIncompleteIfSnapshotHaveChanged)
[00:00:00.173778900 / 00:00:00.001068900] [20318360 bytes] Post Condition Method Finished:
                                                           - P\Tests\Unit\ExampleTest::__MarkTestIncompleteIfSnapshotHaveChanged
[00:00:00.179765600 / 00:00:00.005986700] [20448168 bytes] After Test Method Called (P\Tests\Unit\ExampleTest::tearDown)
[00:00:00.181078800 / 00:00:00.001313200] [20448168 bytes] After Test Method Finished:
                                                           - P\Tests\Unit\ExampleTest::tearDown
[00:00:00.182030200 / 00:00:00.000951400] [20448168 bytes] Test Passed (P\Tests\Unit\ExampleTest::__pest_evaluable_that_true_is_true)
[00:00:00.186555000 / 00:00:00.004524800] [20628400 bytes] Test Finished (P\Tests\Unit\ExampleTest::__pest_evaluable_that_true_is_true)
[00:00:00.187915100 / 00:00:00.001360100] [20628400 bytes] After Last Test Method Called (P\Tests\Unit\ExampleTest::tearDownAfterClass)
[00:00:00.188799800 / 00:00:00.000884700] [20628400 bytes] After Last Test Method Finished:
                                                           - P\Tests\Unit\ExampleTest::tearDownAfterClass
[00:00:00.189681500 / 00:00:00.000881700] [20628400 bytes] Test Suite Finished (P\Tests\Unit\ExampleTest, 1 test)
[00:00:00.190555400 / 00:00:00.000873900] [20628400 bytes] Test Suite Started (P\Tests\Unit\MedicineBatchTest, 3 tests)
[00:00:00.192005700 / 00:00:00.001450300] [20653056 bytes] Before First Test Method Called (P\Tests\Unit\MedicineBatchTest::setUpBeforeClass)
[00:00:00.192649000 / 00:00:00.000643300] [20653056 bytes] Before First Test Method Finished:
                                                           - P\Tests\Unit\MedicineBatchTest::setUpBeforeClass
[00:00:00.193710300 / 00:00:00.001061300] [20653056 bytes] Test Preparation Started (P\Tests\Unit\MedicineBatchTest::__pest_evaluable_medicine_batch_has_correct_fillable_attributes)
[00:00:00.361150100 / 00:00:00.167439800] [41410608 bytes] Before Test Method Called (P\Tests\Unit\MedicineBatchTest::setUp)
[00:00:00.362288000 / 00:00:00.001137900] [41410608 bytes] Before Test Method Finished:
                                                           - P\Tests\Unit\MedicineBatchTest::setUp
[00:00:00.363150500 / 00:00:00.000862500] [41359440 bytes] Test Prepared (P\Tests\Unit\MedicineBatchTest::__pest_evaluable_medicine_batch_has_correct_fillable_attributes)
[00:00:00.366235600 / 00:00:00.003085100] [41507920 bytes] Post Condition Method Called (P\Tests\Unit\MedicineBatchTest::__MarkTestIncompleteIfSnapshotHaveChanged)
[00:00:00.367003200 / 00:00:00.000767600] [41507920 bytes] Post Condition Method Finished:
                                                           - P\Tests\Unit\MedicineBatchTest::__MarkTestIncompleteIfSnapshotHaveChanged
[00:00:00.382851200 / 00:00:00.015848000] [43003760 bytes] After Test Method Called (P\Tests\Unit\MedicineBatchTest::tearDown)
[00:00:00.383949200 / 00:00:00.001098000] [43003760 bytes] After Test Method Finished:
                                                           - P\Tests\Unit\MedicineBatchTest::tearDown
[00:00:00.385228600 / 00:00:00.001279400] [43003760 bytes] Test Passed (P\Tests\Unit\MedicineBatchTest::__pest_evaluable_medicine_batch_has_correct_fillable_attributes)
[00:00:00.386140500 / 00:00:00.000911900] [43003760 bytes] Test Finished (P\Tests\Unit\MedicineBatchTest::__pest_evaluable_medicine_batch_has_correct_fillable_attributes)
[00:00:00.387436200 / 00:00:00.001295700] [43003760 bytes] Test Preparation Started (P\Tests\Unit\MedicineBatchTest::__pest_evaluable_medicine_batch_has_correct_casts)
[00:00:00.400987600 / 00:00:00.013551400] [44048112 bytes] Before Test Method Called (P\Tests\Unit\MedicineBatchTest::setUp)
[00:00:00.402013800 / 00:00:00.001026200] [44048112 bytes] Before Test Method Finished:
                                                           - P\Tests\Unit\MedicineBatchTest::setUp
[00:00:00.403148000 / 00:00:00.001134200] [43747992 bytes] Test Prepared (P\Tests\Unit\MedicineBatchTest::__pest_evaluable_medicine_batch_has_correct_casts)
[00:00:00.406320700 / 00:00:00.003172700] [43818184 bytes] Post Condition Method Called (P\Tests\Unit\MedicineBatchTest::__MarkTestIncompleteIfSnapshotHaveChanged)
[00:00:00.407289000 / 00:00:00.000968300] [43818184 bytes] Post Condition Method Finished:
                                                           - P\Tests\Unit\MedicineBatchTest::__MarkTestIncompleteIfSnapshotHaveChanged
[00:00:00.408459300 / 00:00:00.001170300] [43818184 bytes] After Test Method Called (P\Tests\Unit\MedicineBatchTest::tearDown)
[00:00:00.409245400 / 00:00:00.000786100] [43818184 bytes] After Test Method Finished:
                                                           - P\Tests\Unit\MedicineBatchTest::tearDown
[00:00:00.410472800 / 00:00:00.001227400] [43818184 bytes] Test Passed (P\Tests\Unit\MedicineBatchTest::__pest_evaluable_medicine_batch_has_correct_casts)
[00:00:00.411237200 / 00:00:00.000764400] [43818184 bytes] Test Finished (P\Tests\Unit\MedicineBatchTest::__pest_evaluable_medicine_batch_has_correct_casts)
[00:00:00.412757700 / 00:00:00.001520500] [43818184 bytes] Test Preparation Started (P\Tests\Unit\MedicineBatchTest::__pest_evaluable_fefo_scope_orders_batches_by_expiry_date_ascending)
[00:00:00.426247700 / 00:00:00.013490000] [44488064 bytes] Before Test Method Called (P\Tests\Unit\MedicineBatchTest::setUp)
[00:00:00.427494900 / 00:00:00.001247200] [44488064 bytes] Before Test Method Finished:
                                                           - P\Tests\Unit\MedicineBatchTest::setUp
[00:00:00.428391800 / 00:00:00.000896900] [44187568 bytes] Test Prepared (P\Tests\Unit\MedicineBatchTest::__pest_evaluable_fefo_scope_orders_batches_by_expiry_date_ascending)
[00:00:00.445759900 / 00:00:00.017368100] [46357296 bytes] Post Condition Method Called (P\Tests\Unit\MedicineBatchTest::__MarkTestIncompleteIfSnapshotHaveChanged)
[00:00:00.446784100 / 00:00:00.001024200] [46357296 bytes] Post Condition Method Finished:
                                                           - P\Tests\Unit\MedicineBatchTest::__MarkTestIncompleteIfSnapshotHaveChanged
[00:00:00.448062500 / 00:00:00.001278400] [46357296 bytes] After Test Method Called (P\Tests\Unit\MedicineBatchTest::tearDown)
[00:00:00.448937700 / 00:00:00.000875200] [46357296 bytes] After Test Method Finished:
                                                           - P\Tests\Unit\MedicineBatchTest::tearDown
[00:00:00.449749500 / 00:00:00.000811800] [46357296 bytes] Test Passed (P\Tests\Unit\MedicineBatchTest::__pest_evaluable_fefo_scope_orders_batches_by_expiry_date_ascending)
[00:00:00.450712200 / 00:00:00.000962700] [46357296 bytes] Test Finished (P\Tests\Unit\MedicineBatchTest::__pest_evaluable_fefo_scope_orders_batches_by_expiry_date_ascending)
[00:00:00.451543200 / 00:00:00.000831000] [46357296 bytes] After Last Test Method Called (P\Tests\Unit\MedicineBatchTest::tearDownAfterClass)
[00:00:00.452267100 / 00:00:00.000723900] [46357296 bytes] After Last Test Method Finished:
                                                           - P\Tests\Unit\MedicineBatchTest::tearDownAfterClass
[00:00:00.452929300 / 00:00:00.000662200] [46357296 bytes] Test Suite Finished (P\Tests\Unit\MedicineBatchTest, 3 tests)
[00:00:00.453757400 / 00:00:00.000828100] [46357296 bytes] Test Suite Started (P\Tests\Unit\MedicineTest, 4 tests)
[00:00:00.454788700 / 00:00:00.001031300] [46357296 bytes] Before First Test Method Called (P\Tests\Unit\MedicineTest::setUpBeforeClass)
[00:00:00.455873100 / 00:00:00.001084400] [46357296 bytes] Before First Test Method Finished:
                                                           - P\Tests\Unit\MedicineTest::setUpBeforeClass
[00:00:00.456919500 / 00:00:00.001046400] [46357296 bytes] Test Preparation Started (P\Tests\Unit\MedicineTest::__pest_evaluable_medicine_has_correct_fillable_attributes)
[00:00:00.470225700 / 00:00:00.013306200] [47025520 bytes] Before Test Method Called (P\Tests\Unit\MedicineTest::setUp)
[00:00:00.471363700 / 00:00:00.001138000] [47025520 bytes] Before Test Method Finished:
                                                           - P\Tests\Unit\MedicineTest::setUp
[00:00:00.472240800 / 00:00:00.000877100] [46725024 bytes] Test Prepared (P\Tests\Unit\MedicineTest::__pest_evaluable_medicine_has_correct_fillable_attributes)
[00:00:00.474503000 / 00:00:00.002262200] [46839792 bytes] Post Condition Method Called (P\Tests\Unit\MedicineTest::__MarkTestIncompleteIfSnapshotHaveChanged)
[00:00:00.475317300 / 00:00:00.000814300] [46839792 bytes] Post Condition Method Finished:
                                                           - P\Tests\Unit\MedicineTest::__MarkTestIncompleteIfSnapshotHaveChanged
[00:00:00.476598200 / 00:00:00.001280900] [46839792 bytes] After Test Method Called (P\Tests\Unit\MedicineTest::tearDown)
[00:00:00.477365600 / 00:00:00.000767400] [46839792 bytes] After Test Method Finished:
                                                           - P\Tests\Unit\MedicineTest::tearDown
[00:00:00.478281200 / 00:00:00.000915600] [46839792 bytes] Test Passed (P\Tests\Unit\MedicineTest::__pest_evaluable_medicine_has_correct_fillable_attributes)
[00:00:00.479082800 / 00:00:00.000801600] [46839792 bytes] Test Finished (P\Tests\Unit\MedicineTest::__pest_evaluable_medicine_has_correct_fillable_attributes)
[00:00:00.480112900 / 00:00:00.001030100] [46839792 bytes] Test Preparation Started (P\Tests\Unit\MedicineTest::__pest_evaluable_medicine_has_correct_casts)
[00:00:00.493157900 / 00:00:00.013045000] [47502320 bytes] Before Test Method Called (P\Tests\Unit\MedicineTest::setUp)
[00:00:00.494311700 / 00:00:00.001153800] [47502320 bytes] Before Test Method Finished:
                                                           - P\Tests\Unit\MedicineTest::setUp
[00:00:00.495306500 / 00:00:00.000994800] [47201824 bytes] Test Prepared (P\Tests\Unit\MedicineTest::__pest_evaluable_medicine_has_correct_casts)
[00:00:00.497889500 / 00:00:00.002583000] [47273000 bytes] Post Condition Method Called (P\Tests\Unit\MedicineTest::__MarkTestIncompleteIfSnapshotHaveChanged)
[00:00:00.498804900 / 00:00:00.000915400] [47273000 bytes] Post Condition Method Finished:
                                                           - P\Tests\Unit\MedicineTest::__MarkTestIncompleteIfSnapshotHaveChanged
[00:00:00.499903300 / 00:00:00.001098400] [47273000 bytes] After Test Method Called (P\Tests\Unit\MedicineTest::tearDown)
[00:00:00.500706900 / 00:00:00.000803600] [47273000 bytes] After Test Method Finished:
                                                           - P\Tests\Unit\MedicineTest::tearDown
[00:00:00.501656600 / 00:00:00.000949700] [47273000 bytes] Test Passed (P\Tests\Unit\MedicineTest::__pest_evaluable_medicine_has_correct_casts)
[00:00:00.502429600 / 00:00:00.000773000] [47273000 bytes] Test Finished (P\Tests\Unit\MedicineTest::__pest_evaluable_medicine_has_correct_casts)
[00:00:00.503853100 / 00:00:00.001423500] [47273000 bytes] Test Preparation Started (P\Tests\Unit\MedicineTest::__pest_evaluable_low_stock_scope_filters_medicines_at_or_below_minimum_stock)
[00:00:00.517394200 / 00:00:00.013541100] [47936392 bytes] Before Test Method Called (P\Tests\Unit\MedicineTest::setUp)
[00:00:00.518368000 / 00:00:00.000973800] [47936392 bytes] Before Test Method Finished:
                                                           - P\Tests\Unit\MedicineTest::setUp
[00:00:00.519398700 / 00:00:00.001030700] [47635896 bytes] Test Prepared (P\Tests\Unit\MedicineTest::__pest_evaluable_low_stock_scope_filters_medicines_at_or_below_minimum_stock)
[00:00:00.522145600 / 00:00:00.002746900] [47707048 bytes] Post Condition Method Called (P\Tests\Unit\MedicineTest::__MarkTestIncompleteIfSnapshotHaveChanged)
[00:00:00.522880900 / 00:00:00.000735300] [47707048 bytes] Post Condition Method Finished:
                                                           - P\Tests\Unit\MedicineTest::__MarkTestIncompleteIfSnapshotHaveChanged
[00:00:00.523934700 / 00:00:00.001053800] [47707048 bytes] After Test Method Called (P\Tests\Unit\MedicineTest::tearDown)
[00:00:00.524732500 / 00:00:00.000797800] [47707048 bytes] After Test Method Finished:
                                                           - P\Tests\Unit\MedicineTest::tearDown
[00:00:00.525413100 / 00:00:00.000680600] [47707048 bytes] Test Passed (P\Tests\Unit\MedicineTest::__pest_evaluable_low_stock_scope_filters_medicines_at_or_below_minimum_stock)
[00:00:00.526151800 / 00:00:00.000738700] [47707048 bytes] Test Finished (P\Tests\Unit\MedicineTest::__pest_evaluable_low_stock_scope_filters_medicines_at_or_below_minimum_stock)
[00:00:00.526918900 / 00:00:00.000767100] [47707048 bytes] Test Preparation Started (P\Tests\Unit\MedicineTest::__pest_evaluable_expiring_soon_scope_filters_medicines_by_expiry_date)
[00:00:00.540172700 / 00:00:00.013253800] [48373512 bytes] Before Test Method Called (P\Tests\Unit\MedicineTest::setUp)
[00:00:00.541321500 / 00:00:00.001148800] [48373512 bytes] Before Test Method Finished:
                                                           - P\Tests\Unit\MedicineTest::setUp
[00:00:00.542285100 / 00:00:00.000963600] [48073016 bytes] Test Prepared (P\Tests\Unit\MedicineTest::__pest_evaluable_expiring_soon_scope_filters_medicines_by_expiry_date)
[00:00:00.545577900 / 00:00:00.003292800] [48152272 bytes] Post Condition Method Called (P\Tests\Unit\MedicineTest::__MarkTestIncompleteIfSnapshotHaveChanged)
[00:00:00.546593800 / 00:00:00.001015900] [48152272 bytes] Post Condition Method Finished:
                                                           - P\Tests\Unit\MedicineTest::__MarkTestIncompleteIfSnapshotHaveChanged
[00:00:00.547709000 / 00:00:00.001115200] [48152272 bytes] After Test Method Called (P\Tests\Unit\MedicineTest::tearDown)
[00:00:00.548661600 / 00:00:00.000952600] [48152272 bytes] After Test Method Finished:
                                                           - P\Tests\Unit\MedicineTest::tearDown
[00:00:00.549690700 / 00:00:00.001029100] [48152272 bytes] Test Passed (P\Tests\Unit\MedicineTest::__pest_evaluable_expiring_soon_scope_filters_medicines_by_expiry_date)
[00:00:00.550436800 / 00:00:00.000746100] [48152272 bytes] Test Finished (P\Tests\Unit\MedicineTest::__pest_evaluable_expiring_soon_scope_filters_medicines_by_expiry_date)
[00:00:00.551203700 / 00:00:00.000766900] [48152272 bytes] After Last Test Method Called (P\Tests\Unit\MedicineTest::tearDownAfterClass)
[00:00:00.552087900 / 00:00:00.000884200] [48152272 bytes] After Last Test Method Finished:
                                                           - P\Tests\Unit\MedicineTest::tearDownAfterClass
[00:00:00.553053200 / 00:00:00.000965300] [48152272 bytes] Test Suite Finished (P\Tests\Unit\MedicineTest, 4 tests)
[00:00:00.553923800 / 00:00:00.000870600] [48152272 bytes] Test Suite Started (P\Tests\Unit\StockMutationTest, 2 tests)
[00:00:00.556022100 / 00:00:00.002098300] [48152272 bytes] Before First Test Method Called (P\Tests\Unit\StockMutationTest::setUpBeforeClass)
[00:00:00.556810700 / 00:00:00.000788600] [48152272 bytes] Before First Test Method Finished:
                                                           - P\Tests\Unit\StockMutationTest::setUpBeforeClass
[00:00:00.557605100 / 00:00:00.000794400] [48152272 bytes] Test Preparation Started (P\Tests\Unit\StockMutationTest::__pest_evaluable_stock_mutation_has_correct_fillable_attributes)
[00:00:00.571491200 / 00:00:00.013886100] [48916248 bytes] Before Test Method Called (P\Tests\Unit\StockMutationTest::setUp)
[00:00:00.572513800 / 00:00:00.001022600] [48916248 bytes] Before Test Method Finished:
                                                           - P\Tests\Unit\StockMutationTest::setUp
[00:00:00.573423000 / 00:00:00.000909200] [48615752 bytes] Test Prepared (P\Tests\Unit\StockMutationTest::__pest_evaluable_stock_mutation_has_correct_fillable_attributes)
[00:00:00.577193600 / 00:00:00.003770600] [48720080 bytes] Post Condition Method Called (P\Tests\Unit\StockMutationTest::__MarkTestIncompleteIfSnapshotHaveChanged)
[00:00:00.578039100 / 00:00:00.000845500] [48720080 bytes] Post Condition Method Finished:
                                                           - P\Tests\Unit\StockMutationTest::__MarkTestIncompleteIfSnapshotHaveChanged
[00:00:00.579276900 / 00:00:00.001237800] [48720080 bytes] After Test Method Called (P\Tests\Unit\StockMutationTest::tearDown)
[00:00:00.580183800 / 00:00:00.000906900] [48720080 bytes] After Test Method Finished:
                                                           - P\Tests\Unit\StockMutationTest::tearDown
[00:00:00.580897700 / 00:00:00.000713900] [48720080 bytes] Test Passed (P\Tests\Unit\StockMutationTest::__pest_evaluable_stock_mutation_has_correct_fillable_attributes)
[00:00:00.581776000 / 00:00:00.000878300] [48720080 bytes] Test Finished (P\Tests\Unit\StockMutationTest::__pest_evaluable_stock_mutation_has_correct_fillable_attributes)
[00:00:00.582616600 / 00:00:00.000840600] [48720080 bytes] Test Preparation Started (P\Tests\Unit\StockMutationTest::__pest_evaluable_stock_mutation_has_correct_casts)
[00:00:00.595862200 / 00:00:00.013245600] [49384296 bytes] Before Test Method Called (P\Tests\Unit\StockMutationTest::setUp)
[00:00:00.596957700 / 00:00:00.001095500] [49384296 bytes] Before Test Method Finished:
                                                           - P\Tests\Unit\StockMutationTest::setUp
[00:00:00.598066500 / 00:00:00.001108800] [49083800 bytes] Test Prepared (P\Tests\Unit\StockMutationTest::__pest_evaluable_stock_mutation_has_correct_casts)
[00:00:00.599987300 / 00:00:00.001920800] [49153992 bytes] Post Condition Method Called (P\Tests\Unit\StockMutationTest::__MarkTestIncompleteIfSnapshotHaveChanged)
[00:00:00.600900800 / 00:00:00.000913500] [49153992 bytes] Post Condition Method Finished:
                                                           - P\Tests\Unit\StockMutationTest::__MarkTestIncompleteIfSnapshotHaveChanged
[00:00:00.602119800 / 00:00:00.001219000] [49153992 bytes] After Test Method Called (P\Tests\Unit\StockMutationTest::tearDown)
[00:00:00.602951500 / 00:00:00.000831700] [49153992 bytes] After Test Method Finished:
                                                           - P\Tests\Unit\StockMutationTest::tearDown
[00:00:00.604166400 / 00:00:00.001214900] [49153992 bytes] Test Passed (P\Tests\Unit\StockMutationTest::__pest_evaluable_stock_mutation_has_correct_casts)
[00:00:00.605125100 / 00:00:00.000958700] [49153992 bytes] Test Finished (P\Tests\Unit\StockMutationTest::__pest_evaluable_stock_mutation_has_correct_casts)
[00:00:00.606404500 / 00:00:00.001279400] [49153992 bytes] After Last Test Method Called (P\Tests\Unit\StockMutationTest::tearDownAfterClass)
[00:00:00.606978200 / 00:00:00.000573700] [49153992 bytes] After Last Test Method Finished:
                                                           - P\Tests\Unit\StockMutationTest::tearDownAfterClass
[00:00:00.609279500 / 00:00:00.002301300] [49153992 bytes] Test Suite Finished (P\Tests\Unit\StockMutationTest, 2 tests)
[00:00:00.610188700 / 00:00:00.000909200] [49153992 bytes] Test Suite Started (P\Tests\Unit\UserTest, 5 tests)
[00:00:00.611452000 / 00:00:00.001263300] [49153992 bytes] Before First Test Method Called (P\Tests\Unit\UserTest::setUpBeforeClass)
[00:00:00.612022500 / 00:00:00.000570500] [49153992 bytes] Before First Test Method Finished:
                                                           - P\Tests\Unit\UserTest::setUpBeforeClass
[00:00:00.612909600 / 00:00:00.000887100] [49153992 bytes] Test Preparation Started (P\Tests\Unit\UserTest::__pest_evaluable_user_has_correct_fillable_attributes)
[00:00:00.626139600 / 00:00:00.013230000] [49877024 bytes] Before Test Method Called (P\Tests\Unit\UserTest::setUp)
[00:00:00.627162800 / 00:00:00.001023200] [49877024 bytes] Before Test Method Finished:
                                                           - P\Tests\Unit\UserTest::setUp
[00:00:00.629320500 / 00:00:00.002157700] [49576528 bytes] Test Prepared (P\Tests\Unit\UserTest::__pest_evaluable_user_has_correct_fillable_attributes)
[00:00:00.634976900 / 00:00:00.005656400] [49818752 bytes] Post Condition Method Called (P\Tests\Unit\UserTest::__MarkTestIncompleteIfSnapshotHaveChanged)
[00:00:00.636003600 / 00:00:00.001026700] [49818752 bytes] Post Condition Method Finished:
                                                           - P\Tests\Unit\UserTest::__MarkTestIncompleteIfSnapshotHaveChanged
[00:00:00.637203100 / 00:00:00.001199500] [49818752 bytes] After Test Method Called (P\Tests\Unit\UserTest::tearDown)
[00:00:00.637872100 / 00:00:00.000669000] [49818752 bytes] After Test Method Finished:
                                                           - P\Tests\Unit\UserTest::tearDown
[00:00:00.638495400 / 00:00:00.000623300] [49818752 bytes] Test Passed (P\Tests\Unit\UserTest::__pest_evaluable_user_has_correct_fillable_attributes)
[00:00:00.639339900 / 00:00:00.000844500] [49818752 bytes] Test Finished (P\Tests\Unit\UserTest::__pest_evaluable_user_has_correct_fillable_attributes)
[00:00:00.640164400 / 00:00:00.000824500] [49818752 bytes] Test Preparation Started (P\Tests\Unit\UserTest::__pest_evaluable_user_has_correct_hidden_attributes)
[00:00:00.653414100 / 00:00:00.013249700] [50443424 bytes] Before Test Method Called (P\Tests\Unit\UserTest::setUp)
[00:00:00.654532500 / 00:00:00.001118400] [50443424 bytes] Before Test Method Finished:
                                                           - P\Tests\Unit\UserTest::setUp
[00:00:00.655481800 / 00:00:00.000949300] [50142928 bytes] Test Prepared (P\Tests\Unit\UserTest::__pest_evaluable_user_has_correct_hidden_attributes)
[00:00:00.657323200 / 00:00:00.001841400] [50221920 bytes] Post Condition Method Called (P\Tests\Unit\UserTest::__MarkTestIncompleteIfSnapshotHaveChanged)
[00:00:00.658151600 / 00:00:00.000828400] [50221920 bytes] Post Condition Method Finished:
                                                           - P\Tests\Unit\UserTest::__MarkTestIncompleteIfSnapshotHaveChanged
[00:00:00.659167100 / 00:00:00.001015500] [50221920 bytes] After Test Method Called (P\Tests\Unit\UserTest::tearDown)
[00:00:00.660092200 / 00:00:00.000925100] [50221920 bytes] After Test Method Finished:
                                                           - P\Tests\Unit\UserTest::tearDown
[00:00:00.661144800 / 00:00:00.001052600] [50221920 bytes] Test Passed (P\Tests\Unit\UserTest::__pest_evaluable_user_has_correct_hidden_attributes)
[00:00:00.662184200 / 00:00:00.001039400] [50221920 bytes] Test Finished (P\Tests\Unit\UserTest::__pest_evaluable_user_has_correct_hidden_attributes)
[00:00:00.663018500 / 00:00:00.000834300] [50221920 bytes] Test Preparation Started (P\Tests\Unit\UserTest::__pest_evaluable_user_has_correct_casts)
[00:00:00.677880000 / 00:00:00.014861500] [50876656 bytes] Before Test Method Called (P\Tests\Unit\UserTest::setUp)
[00:00:00.679029000 / 00:00:00.001149000] [50876656 bytes] Before Test Method Finished:
                                                           - P\Tests\Unit\UserTest::setUp
[00:00:00.679866700 / 00:00:00.000837700] [50576160 bytes] Test Prepared (P\Tests\Unit\UserTest::__pest_evaluable_user_has_correct_casts)
[00:00:00.682571300 / 00:00:00.002704600] [50655168 bytes] Post Condition Method Called (P\Tests\Unit\UserTest::__MarkTestIncompleteIfSnapshotHaveChanged)
[00:00:00.683901200 / 00:00:00.001329900] [50655168 bytes] Post Condition Method Finished:
                                                           - P\Tests\Unit\UserTest::__MarkTestIncompleteIfSnapshotHaveChanged
[00:00:00.684932700 / 00:00:00.001031500] [50655168 bytes] After Test Method Called (P\Tests\Unit\UserTest::tearDown)
[00:00:00.685685900 / 00:00:00.000753200] [50655168 bytes] After Test Method Finished:
                                                           - P\Tests\Unit\UserTest::tearDown
[00:00:00.686486100 / 00:00:00.000800200] [50655168 bytes] Test Passed (P\Tests\Unit\UserTest::__pest_evaluable_user_has_correct_casts)
[00:00:00.687520600 / 00:00:00.001034500] [50655168 bytes] Test Finished (P\Tests\Unit\UserTest::__pest_evaluable_user_has_correct_casts)
[00:00:00.688605500 / 00:00:00.001084900] [50655168 bytes] Test Preparation Started (P\Tests\Unit\UserTest::__pest_evaluable_user_role_helper_methods_work_correctly)
[00:00:00.702263500 / 00:00:00.013658000] [51309904 bytes] Before Test Method Called (P\Tests\Unit\UserTest::setUp)
[00:00:00.703260800 / 00:00:00.000997300] [51309904 bytes] Before Test Method Finished:
                                                           - P\Tests\Unit\UserTest::setUp
[00:00:00.704203600 / 00:00:00.000942800] [51009408 bytes] Test Prepared (P\Tests\Unit\UserTest::__pest_evaluable_user_role_helper_methods_work_correctly)
[00:00:00.709684800 / 00:00:00.005481200] [51258200 bytes] Post Condition Method Called (P\Tests\Unit\UserTest::__MarkTestIncompleteIfSnapshotHaveChanged)
[00:00:00.710860300 / 00:00:00.001175500] [51258200 bytes] Post Condition Method Finished:
                                                           - P\Tests\Unit\UserTest::__MarkTestIncompleteIfSnapshotHaveChanged
[00:00:00.712252100 / 00:00:00.001391800] [51258200 bytes] After Test Method Called (P\Tests\Unit\UserTest::tearDown)
[00:00:00.713252800 / 00:00:00.001000700] [51258200 bytes] After Test Method Finished:
                                                           - P\Tests\Unit\UserTest::tearDown
[00:00:00.714403800 / 00:00:00.001151000] [51258200 bytes] Test Passed (P\Tests\Unit\UserTest::__pest_evaluable_user_role_helper_methods_work_correctly)
[00:00:00.715438000 / 00:00:00.001034200] [51258200 bytes] Test Finished (P\Tests\Unit\UserTest::__pest_evaluable_user_role_helper_methods_work_correctly)
[00:00:00.716263500 / 00:00:00.000825500] [51258200 bytes] Test Preparation Started (P\Tests\Unit\UserTest::__pest_evaluable_active_scope_filters_is__active)
[00:00:00.732343900 / 00:00:00.016080400] [51258200 bytes] Before Test Method Called (P\Tests\Unit\UserTest::setUp)
[00:00:00.733380400 / 00:00:00.001036500] [51258200 bytes] Before Test Method Finished:
                                                           - P\Tests\Unit\UserTest::setUp
[00:00:00.734322200 / 00:00:00.000941800] [46995800 bytes] Test Prepared (P\Tests\Unit\UserTest::__pest_evaluable_active_scope_filters_is__active)
[00:00:00.741580400 / 00:00:00.007258200] [47074800 bytes] Post Condition Method Called (P\Tests\Unit\UserTest::__MarkTestIncompleteIfSnapshotHaveChanged)
[00:00:00.742985500 / 00:00:00.001405100] [47074800 bytes] Post Condition Method Finished:
                                                           - P\Tests\Unit\UserTest::__MarkTestIncompleteIfSnapshotHaveChanged
[00:00:00.744245600 / 00:00:00.001260100] [47074800 bytes] After Test Method Called (P\Tests\Unit\UserTest::tearDown)
[00:00:00.745057400 / 00:00:00.000811800] [47074800 bytes] After Test Method Finished:
                                                           - P\Tests\Unit\UserTest::tearDown
[00:00:00.745859400 / 00:00:00.000802000] [47074800 bytes] Test Passed (P\Tests\Unit\UserTest::__pest_evaluable_active_scope_filters_is__active)
[00:00:00.746806300 / 00:00:00.000946900] [47074800 bytes] Test Finished (P\Tests\Unit\UserTest::__pest_evaluable_active_scope_filters_is__active)
[00:00:00.747949300 / 00:00:00.001143000] [47074800 bytes] After Last Test Method Called (P\Tests\Unit\UserTest::tearDownAfterClass)
[00:00:00.749190500 / 00:00:00.001241200] [47074800 bytes] After Last Test Method Finished:
                                                           - P\Tests\Unit\UserTest::tearDownAfterClass
[00:00:00.749960700 / 00:00:00.000770200] [47074800 bytes] Test Suite Finished (P\Tests\Unit\UserTest, 5 tests)
[00:00:00.750661000 / 00:00:00.000700300] [47074800 bytes] Test Suite Finished (Unit, 15 tests)
[00:00:00.751898800 / 00:00:00.001237800] [47074800 bytes] Test Suite Started (Feature, 155 tests)
[00:00:00.752795400 / 00:00:00.000896600] [47074800 bytes] Test Suite Started (P\Tests\Feature\ApotekMiddlewareTest, 4 tests)
[00:00:00.754310500 / 00:00:00.001515100] [47074800 bytes] Before First Test Method Called (P\Tests\Feature\ApotekMiddlewareTest::setUpBeforeClass)
[00:00:00.756442800 / 00:00:00.002132300] [47074800 bytes] Before First Test Method Finished:
                                                           - P\Tests\Feature\ApotekMiddlewareTest::setUpBeforeClass
[00:00:00.757215200 / 00:00:00.000772400] [47074800 bytes] Test Preparation Started (P\Tests\Feature\ApotekMiddlewareTest::__pest_evaluable_auth_apotek_middleware_redirects_guests_to_sistem_login)
[00:00:00.973007200 / 00:00:00.215792000] [55277160 bytes] Before Test Method Called (P\Tests\Feature\ApotekMiddlewareTest::setUp)
[00:00:00.975487000 / 00:00:00.002479800] [55277160 bytes] Before Test Method Finished:
                                                           - P\Tests\Feature\ApotekMiddlewareTest::setUp
[00:00:00.976585500 / 00:00:00.001098500] [55218368 bytes] Test Prepared (P\Tests\Feature\ApotekMiddlewareTest::__pest_evaluable_auth_apotek_middleware_redirects_guests_to_sistem_login)
[00:00:01.000029800 / 00:00:00.023444300] [56825600 bytes] Post Condition Method Called (P\Tests\Feature\ApotekMiddlewareTest::__MarkTestIncompleteIfSnapshotHaveChanged)
[00:00:01.001299500 / 00:00:00.001269700] [56825600 bytes] Post Condition Method Finished:
                                                           - P\Tests\Feature\ApotekMiddlewareTest::__MarkTestIncompleteIfSnapshotHaveChanged
[00:00:01.002613700 / 00:00:00.001314200] [56825600 bytes] After Test Method Called (P\Tests\Feature\ApotekMiddlewareTest::tearDown)
[00:00:01.003411200 / 00:00:00.000797500] [56825600 bytes] After Test Method Finished:
                                                           - P\Tests\Feature\ApotekMiddlewareTest::tearDown
[00:00:01.004224600 / 00:00:00.000813400] [56825600 bytes] Test Passed (P\Tests\Feature\ApotekMiddlewareTest::__pest_evaluable_auth_apotek_middleware_redirects_guests_to_sistem_login)
[00:00:01.005140200 / 00:00:00.000915600] [56825600 bytes] Test Finished (P\Tests\Feature\ApotekMiddlewareTest::__pest_evaluable_auth_apotek_middleware_redirects_guests_to_sistem_login)
[00:00:01.006350800 / 00:00:00.001210600] [56825600 bytes] Test Preparation Started (P\Tests\Feature\ApotekMiddlewareTest::__pest_evaluable_auth_apotek_middleware_allows_authenticated_users)
[00:00:01.021001000 / 00:00:00.014650200] [57550856 bytes] Before Test Method Called (P\Tests\Feature\ApotekMiddlewareTest::setUp)
[00:00:01.022394300 / 00:00:00.001393300] [57550856 bytes] Before Test Method Finished:
                                                           - P\Tests\Feature\ApotekMiddlewareTest::setUp
[00:00:01.023338500 / 00:00:00.000944200] [57254264 bytes] Test Prepared (P\Tests\Feature\ApotekMiddlewareTest::__pest_evaluable_auth_apotek_middleware_allows_authenticated_users)
[00:00:01.507844000 / 00:00:00.484505500] [65251976 bytes] Test Failed (P\Tests\Feature\ApotekMiddlewareTest::__pest_evaluable_auth_apotek_middleware_allows_authenticated_users)
                                                           Expected response status code [200] but received 500.
                                                           Failed asserting that 500 is identical to 200.
                                                           
                                                           The following exception occurred during the last request:
                                                           
                                                           RuntimeException: Session store not set on request. in C:\Rega Code\Web\apotek-digital\apotek-digital\vendor\laravel\framework\src\Illuminate\Http\Request.php:624
                                                           Stack trace:
                                                           #0 C:\Rega Code\Web\apotek-digital\apotek-digital\app\Http\Middleware\EnsureAuthenticated.php(32): Illuminate\Http\Request->session()
                                                           #1 C:\Rega Code\Web\apotek-digital\apotek-digital\vendor\laravel\framework\src\Illuminate\Pipeline\Pipeline.php(219): App\Http\Middleware\EnsureAuthenticated->handle()
                                                           #2 C:\Rega Code\Web\apotek-digital\apotek-digital\vendor\laravel\framework\src\Illuminate\Pipeline\Pipeline.php(137): Illuminate\Pipeline\Pipeline->{closure:{closure:Illuminate\Pipeline\Pipeline::carry():194}:195}()
                                                           #3 C:\Rega Code\Web\apotek-digital\apotek-digital\vendor\laravel\framework\src\Illuminate\Routing\Router.php(821): Illuminate\Pipeline\Pipeline->then()
                                                           #4 C:\Rega Code\Web\apotek-digital\apotek-digital\vendor\laravel\framework\src\Illuminate\Routing\Router.php(800): Illuminate\Routing\Router->runRouteWithinStack()
                                                           #5 C:\Rega Code\Web\apotek-digital\apotek-digital\vendor\laravel\framework\src\Illuminate\Routing\Router.php(764): Illuminate\Routing\Router->runRoute()
                                                           #6 C:\Rega Code\Web\apotek-digital\apotek-digital\vendor\laravel\framework\src\Illuminate\Routing\Router.php(753): Illuminate\Routing\Router->dispatchToRoute()
                                                           #7 C:\Rega Code\Web\apotek-digital\apotek-digital\vendor\laravel\framework\src\Illuminate\Foundation\Http\Kernel.php(200): Illuminate\Routing\Router->dispatch()
                                                           #8 C:\Rega Code\Web\apotek-digital\apotek-digital\vendor\laravel\framework\src\Illuminate\Pipeline\Pipeline.php(180): Illuminate\Foundation\Http\Kernel->{closure:Illuminate\Foundation\Http\Kernel::dispatchToRouter():197}()
                                                           #9 C:\Rega Code\Web\apotek-digital\apotek-digital\vendor\livewire\livewire\src\Features\SupportDisablingBackButtonCache\DisableBackButtonCacheMiddleware.php(19): Illuminate\Pipeline\Pipeline->{closure:Illuminate\Pipeline\Pipeline::prepareDestination():178}()
                                                           #10 C:\Rega Code\Web\apotek-digital\apotek-digital\vendor\laravel\framework\src\Illuminate\Pipeline\Pipeline.php(219): Livewire\Features\SupportDisablingBackButtonCache\DisableBackButtonCacheMiddleware->handle()
                                                           #11 C:\Rega Code\Web\apotek-digital\apotek-digital\vendor\laravel\framework\src\Illuminate\Foundation\Http\Middleware\TransformsRequest.php(21): Illuminate\Pipeline\Pipeline->{closure:{closure:Illuminate\Pipeline\Pipeline::carry():194}:195}()
                                                           #12 C:\Rega Code\Web\apotek-digital\apotek-digital\vendor\laravel\framework\src\Illuminate\Foundation\Http\Middleware\ConvertEmptyStringsToNull.php(31): Illuminate\Foundation\Http\Middleware\TransformsRequest->handle()
                                                           #13 C:\Rega Code\Web\apotek-digital\apotek-digital\vendor\laravel\framework\src\Illuminate\Pipeline\Pipeline.php(219): Illuminate\Foundation\Http\Middleware\ConvertEmptyStringsToNull->handle()
                                                           #14 C:\Rega Code\Web\apotek-digital\apotek-digital\vendor\laravel\framework\src\Illuminate\Foundation\Http\Middleware\TransformsRequest.php(21): Illuminate\Pipeline\Pipeline->{closure:{closure:Illuminate\Pipeline\Pipeline::carry():194}:195}()
                                                           #15 C:\Rega Code\Web\apotek-digital\apotek-digital\vendor\laravel\framework\src\Illuminate\Foundation\Http\Middleware\TrimStrings.php(51): Illuminate\Foundation\Http\Middleware\TransformsRequest->handle()
                                                           #16 C:\Rega Code\Web\apotek-digital\apotek-digital\vendor\laravel\framework\src\Illuminate\Pipeline\Pipeline.php(219): Illuminate\Foundation\Http\Middleware\TrimStrings->handle()
                                                           #17 C:\Rega Code\Web\apotek-digital\apotek-digital\vendor\laravel\framework\src\Illuminate\Http\Middleware\ValidatePostSize.php(27): Illuminate\Pipeline\Pipeline->{closure:{closure:Illuminate\Pipeline\Pipeline::carry():194}:195}()
                                                           #18 C:\Rega Code\Web\apotek-digital\apotek-digital\vendor\laravel\framework\src\Illuminate\Pipeline\Pipeline.php(219): Illuminate\Http\Middleware\ValidatePostSize->handle()
                                                           #19 C:\Rega Code\Web\apotek-digital\apotek-digital\vendor\laravel\framework\src\Illuminate\Foundation\Http\Middleware\PreventRequestsDuringMaintenance.php(109): Illuminate\Pipeline\Pipeline->{closure:{closure:Illuminate\Pipeline\Pipeline::carry():194}:195}()
                                                           #20 C:\Rega Code\Web\apotek-digital\apotek-digital\vendor\laravel\framework\src\Illuminate\Pipeline\Pipeline.php(219): Illuminate\Foundation\Http\Middleware\PreventRequestsDuringMaintenance->handle()
                                                           #21 C:\Rega Code\Web\apotek-digital\apotek-digital\vendor\laravel\framework\src\Illuminate\Http\Middleware\HandleCors.php(61): Illuminate\Pipeline\Pipeline->{closure:{closure:Illuminate\Pipeline\Pipeline::carry():194}:195}()
                                                           #22 C:\Rega Code\Web\apotek-digital\apotek-digital\vendor\laravel\framework\src\Illuminate\Pipeline\Pipeline.php(219): Illuminate\Http\Middleware\HandleCors->handle()
                                                           #23 C:\Rega Code\Web\apotek-digital\apotek-digital\vendor\laravel\framework\src\Illuminate\Http\Middleware\TrustProxies.php(58): Illuminate\Pipeline\Pipeline->{closure:{closure:Illuminate\Pipeline\Pipeline::carry():194}:195}()
                                                           #24 C:\Rega Code\Web\apotek-digital\apotek-digital\vendor\laravel\framework\src\Illuminate\Pipeline\Pipeline.php(219): Illuminate\Http\Middleware\TrustProxies->handle()
                                                           #25 C:\Rega Code\Web\apotek-digital\apotek-digital\vendor\laravel\framework\src\Illuminate\Foundation\Http\Middleware\InvokeDeferredCallbacks.php(22): Illuminate\Pipeline\Pipeline->{closure:{closure:Illuminate\Pipeline\Pipeline::carry():194}:195}()
                                                           #26 C:\Rega Code\Web\apotek-digital\apotek-digital\vendor\laravel\framework\src\Illuminate\Pipeline\Pipeline.php(219): Illuminate\Foundation\Http\Middleware\InvokeDeferredCallbacks->handle()
                                                           #27 C:\Rega Code\Web\apotek-digital\apotek-digital\vendor\laravel\framework\src\Illuminate\Http\Middleware\ValidatePathEncoding.php(28): Illuminate\Pipeline\Pipeline->{closure:{closure:Illuminate\Pipeline\Pipeline::carry():194}:195}()
                                                           #28 C:\Rega Code\Web\apotek-digital\apotek-digital\vendor\laravel\framework\src\Illuminate\Pipeline\Pipeline.php(219): Illuminate\Http\Middleware\ValidatePathEncoding->handle()
                                                           #29 C:\Rega Code\Web\apotek-digital\apotek-digital\vendor\laravel\framework\src\Illuminate\Pipeline\Pipeline.php(137): Illuminate\Pipeline\Pipeline->{closure:{closure:Illuminate\Pipeline\Pipeline::carry():194}:195}()
                                                           #30 C:\Rega Code\Web\apotek-digital\apotek-digital\vendor\laravel\framework\src\Illuminate\Foundation\Http\Kernel.php(175): Illuminate\Pipeline\Pipeline->then()
                                                           #31 C:\Rega Code\Web\apotek-digital\apotek-digital\vendor\laravel\framework\src\Illuminate\Foundation\Http\Kernel.php(144): Illuminate\Foundation\Http\Kernel->sendRequestThroughRouter()
                                                           #32 C:\Rega Code\Web\apotek-digital\apotek-digital\vendor\laravel\framework\src\Illuminate\Foundation\Testing\Concerns\MakesHttpRequests.php(607): Illuminate\Foundation\Http\Kernel->handle()
                                                           #33 C:\Rega Code\Web\apotek-digital\apotek-digital\vendor\laravel\framework\src\Illuminate\Foundation\Testing\Concerns\MakesHttpRequests.php(368): Illuminate\Foundation\Testing\TestCase->call()
                                                           #34 C:\Rega Code\Web\apotek-digital\apotek-digital\tests\Feature\ApotekMiddlewareTest.php(26): Illuminate\Foundation\Testing\TestCase->get()
                                                           #35 C:\Rega Code\Web\apotek-digital\apotek-digital\vendor\pestphp\pest\src\Factories\TestCaseMethodFactory.php(177): P\Tests\Feature\ApotekMiddlewareTest->{closure:C:\Rega Code\Web\apotek-digital\apotek-digital\tests\Feature\ApotekMiddlewareTest.php:21}()
                                                           #36 [internal function]: P\Tests\Feature\ApotekMiddlewareTest->{closure:Pest\Factories\TestCaseMethodFactory::getClosure():167}()
                                                           #37 C:\Rega Code\Web\apotek-digital\apotek-digital\vendor\pestphp\pest\src\Concerns\Testable.php(576): call_user_func_array()
                                                           #38 C:\Rega Code\Web\apotek-digital\apotek-digital\vendor\pestphp\pest\src\Support\ExceptionTrace.php(26): P\Tests\Feature\ApotekMiddlewareTest->{closure:Pest\Concerns\Testable::__callClosure():576}()
                                                           #39 C:\Rega Code\Web\apotek-digital\apotek-digital\vendor\pestphp\pest\src\Concerns\Testable.php(576): Pest\Support\ExceptionTrace::ensure()
                                                           #40 C:\Rega Code\Web\apotek-digital\apotek-digital\vendor\pestphp\pest\src\Concerns\Testable.php(403): P\Tests\Feature\ApotekMiddlewareTest->__callClosure()
                                                           #41 C:\Rega Code\Web\apotek-digital\apotek-digital\vendor\pestphp\pest\src\Factories\TestCaseFactory.php(175) : eval()'d code(26): P\Tests\Feature\ApotekMiddlewareTest->__runTest()
                                                           #42 C:\Rega Code\Web\apotek-digital\apotek-digital\vendor\phpunit\phpunit\src\Framework\TestCase.php(1314): P\Tests\Feature\ApotekMiddlewareTest->__pest_evaluable_auth_apotek_middleware_allows_authenticated_users()
                                                           #43 C:\Rega Code\Web\apotek-digital\apotek-digital\vendor\phpunit\phpunit\src\Framework\TestCase.php(1351): PHPUnit\Framework\TestCase->invokeTestMethod()
                                                           #44 C:\Rega Code\Web\apotek-digital\apotek-digital\vendor\phpunit\phpunit\src\Framework\TestCase.php(521): PHPUnit\Framework\TestCase->runTest()
                                                           #45 C:\Rega Code\Web\apotek-digital\apotek-digital\vendor\phpunit\phpunit\src\Framework\TestRunner\TestRunner.php(99): PHPUnit\Framework\TestCase->runBare()
                                                           #46 C:\Rega Code\Web\apotek-digital\apotek-digital\vendor\phpunit\phpunit\src\Framework\TestCase.php(361): PHPUnit\Framework\TestRunner->run()
                                                           #47 C:\Rega Code\Web\apotek-digital\apotek-digital\vendor\phpunit\phpunit\src\Framework\TestSuite.php(374): PHPUnit\Framework\TestCase->run()
                                                           #48 C:\Rega Code\Web\apotek-digital\apotek-digital\vendor\phpunit\phpunit\src\Framework\TestSuite.php(374): PHPUnit\Framework\TestSuite->run()
                                                           #49 C:\Rega Code\Web\apotek-digital\apotek-digital\vendor\phpunit\phpunit\src\Framework\TestSuite.php(374): PHPUnit\Framework\TestSuite->run()
                                                           #50 C:\Rega Code\Web\apotek-digital\apotek-digital\vendor\phpunit\phpunit\src\TextUI\TestRunner.php(64): PHPUnit\Framework\TestSuite->run()
                                                           #51 C:\Rega Code\Web\apotek-digital\apotek-digital\vendor\phpunit\phpunit\src\TextUI\Application.php(229): PHPUnit\TextUI\TestRunner->run()
                                                           #52 C:\Rega Code\Web\apotek-digital\apotek-digital\vendor\pestphp\pest\src\Kernel.php(117): PHPUnit\TextUI\Application->run()
                                                           #53 C:\Rega Code\Web\apotek-digital\apotek-digital\vendor\pestphp\pest\bin\pest(207): Pest\Kernel->handle()
                                                           #54 C:\Rega Code\Web\apotek-digital\apotek-digital\vendor\pestphp\pest\bin\pest(215): {closure:C:\Rega Code\Web\apotek-digital\apotek-digital\vendor\pestphp\pest\bin\pest:21}()
                                                           #55 {main}
                                                           
                                                           ----------------------------------------------------------------------------------
                                                           
                                                           Session store not set on request.
[00:00:01.511004000 / 00:00:00.003160000] [65251976 bytes] After Test Method Called (P\Tests\Feature\ApotekMiddlewareTest::tearDown)
[00:00:01.512123200 / 00:00:00.001119200] [65251976 bytes] After Test Method Finished:
                                                           - P\Tests\Feature\ApotekMiddlewareTest::tearDown
[00:00:01.513155300 / 00:00:00.001032100] [65251976 bytes] Test Finished (P\Tests\Feature\ApotekMiddlewareTest::__pest_evaluable_auth_apotek_middleware_allows_authenticated_users)
[00:00:01.514158700 / 00:00:00.001003400] [65251976 bytes] Test Preparation Started (P\Tests\Feature\ApotekMiddlewareTest::__pest_evaluable_role_middleware_allows_users_with_matching_role)
[00:00:01.529136100 / 00:00:00.014977400] [65251976 bytes] Before Test Method Called (P\Tests\Feature\ApotekMiddlewareTest::setUp)
[00:00:01.530286500 / 00:00:00.001150400] [65251976 bytes] Before Test Method Finished:
                                                           - P\Tests\Feature\ApotekMiddlewareTest::setUp
[00:00:01.531254600 / 00:00:00.000968100] [61618704 bytes] Test Prepared (P\Tests\Feature\ApotekMiddlewareTest::__pest_evaluable_role_middleware_allows_users_with_matching_role)
[00:00:01.703656900 / 00:00:00.172402300] [66382160 bytes] Test Failed (P\Tests\Feature\ApotekMiddlewareTest::__pest_evaluable_role_middleware_allows_users_with_matching_role)
                                                           Expected response status code [200] but received 500.
                                                           Failed asserting that 500 is identical to 200.
                                                           
                                                           The following exception occurred during the last request:
                                                           
                                                           RuntimeException: Session store not set on request. in C:\Rega Code\Web\apotek-digital\apotek-digital\vendor\laravel\framework\src\Illuminate\Http\Request.php:624
                                                           Stack trace:
                                                           #0 C:\Rega Code\Web\apotek-digital\apotek-digital\app\Http\Middleware\EnsureAuthenticated.php(32): Illuminate\Http\Request->session()
                                                           #1 C:\Rega Code\Web\apotek-digital\apotek-digital\vendor\laravel\framework\src\Illuminate\Pipeline\Pipeline.php(219): App\Http\Middleware\EnsureAuthenticated->handle()
                                                           #2 C:\Rega Code\Web\apotek-digital\apotek-digital\vendor\laravel\framework\src\Illuminate\Pipeline\Pipeline.php(137): Illuminate\Pipeline\Pipeline->{closure:{closure:Illuminate\Pipeline\Pipeline::carry():194}:195}()
                                                           #3 C:\Rega Code\Web\apotek-digital\apotek-digital\vendor\laravel\framework\src\Illuminate\Routing\Router.php(821): Illuminate\Pipeline\Pipeline->then()
                                                           #4 C:\Rega Code\Web\apotek-digital\apotek-digital\vendor\laravel\framework\src\Illuminate\Routing\Router.php(800): Illuminate\Routing\Router->runRouteWithinStack()
                                                           #5 C:\Rega Code\Web\apotek-digital\apotek-digital\vendor\laravel\framework\src\Illuminate\Routing\Router.php(764): Illuminate\Routing\Router->runRoute()
                                                           #6 C:\Rega Code\Web\apotek-digital\apotek-digital\vendor\laravel\framework\src\Illuminate\Routing\Router.php(753): Illuminate\Routing\Router->dispatchToRoute()
                                                           #7 C:\Rega Code\Web\apotek-digital\apotek-digital\vendor\laravel\framework\src\Illuminate\Foundation\Http\Kernel.php(200): Illuminate\Routing\Router->dispatch()
                                                           #8 C:\Rega Code\Web\apotek-digital\apotek-digital\vendor\laravel\framework\src\Illuminate\Pipeline\Pipeline.php(180): Illuminate\Foundation\Http\Kernel->{closure:Illuminate\Foundation\Http\Kernel::dispatchToRouter():197}()
                                                           #9 C:\Rega Code\Web\apotek-digital\apotek-digital\vendor\livewire\livewire\src\Features\SupportDisablingBackButtonCache\DisableBackButtonCacheMiddleware.php(19): Illuminate\Pipeline\Pipeline->{closure:Illuminate\Pipeline\Pipeline::prepareDestination():178}()
                                                           #10 C:\Rega Code\Web\apotek-digital\apotek-digital\vendor\laravel\framework\src\Illuminate\Pipeline\Pipeline.php(219): Livewire\Features\SupportDisablingBackButtonCache\DisableBackButtonCacheMiddleware->handle()
                                                           #11 C:\Rega Code\Web\apotek-digital\apotek-digital\vendor\laravel\framework\src\Illuminate\Foundation\Http\Middleware\TransformsRequest.php(21): Illuminate\Pipeline\Pipeline->{closure:{closure:Illuminate\Pipeline\Pipeline::carry():194}:195}()
                                                           #12 C:\Rega Code\Web\apotek-digital\apotek-digital\vendor\laravel\framework\src\Illuminate\Foundation\Http\Middleware\ConvertEmptyStringsToNull.php(31): Illuminate\Foundation\Http\Middleware\TransformsRequest->handle()
                                                           #13 C:\Rega Code\Web\apotek-digital\apotek-digital\vendor\laravel\framework\src\Illuminate\Pipeline\Pipeline.php(219): Illuminate\Foundation\Http\Middleware\ConvertEmptyStringsToNull->handle()
                                                           #14 C:\Rega Code\Web\apotek-digital\apotek-digital\vendor\laravel\framework\src\Illuminate\Foundation\Http\Middleware\TransformsRequest.php(21): Illuminate\Pipeline\Pipeline->{closure:{closure:Illuminate\Pipeline\Pipeline::carry():194}:195}()
                                                           #15 C:\Rega Code\Web\apotek-digital\apotek-digital\vendor\laravel\framework\src\Illuminate\Foundation\Http\Middleware\TrimStrings.php(51): Illuminate\Foundation\Http\Middleware\TransformsRequest->handle()
                                                           #16 C:\Rega Code\Web\apotek-digital\apotek-digital\vendor\laravel\framework\src\Illuminate\Pipeline\Pipeline.php(219): Illuminate\Foundation\Http\Middleware\TrimStrings->handle()
                                                           #17 C:\Rega Code\Web\apotek-digital\apotek-digital\vendor\laravel\framework\src\Illuminate\Http\Middleware\ValidatePostSize.php(27): Illuminate\Pipeline\Pipeline->{closure:{closure:Illuminate\Pipeline\Pipeline::carry():194}:195}()
                                                           #18 C:\Rega Code\Web\apotek-digital\apotek-digital\vendor\laravel\framework\src\Illuminate\Pipeline\Pipeline.php(219): Illuminate\Http\Middleware\ValidatePostSize->handle()
                                                           #19 C:\Rega Code\Web\apotek-digital\apotek-digital\vendor\laravel\framework\src\Illuminate\Foundation\Http\Middleware\PreventRequestsDuringMaintenance.php(109): Illuminate\Pipeline\Pipeline->{closure:{closure:Illuminate\Pipeline\Pipeline::carry():194}:195}()
                                                           #20 C:\Rega Code\Web\apotek-digital\apotek-digital\vendor\laravel\framework\src\Illuminate\Pipeline\Pipeline.php(219): Illuminate\Foundation\Http\Middleware\PreventRequestsDuringMaintenance->handle()
                                                           #21 C:\Rega Code\Web\apotek-digital\apotek-digital\vendor\laravel\framework\src\Illuminate\Http\Middleware\HandleCors.php(61): Illuminate\Pipeline\Pipeline->{closure:{closure:Illuminate\Pipeline\Pipeline::carry():194}:195}()
                                                           #22 C:\Rega Code\Web\apotek-digital\apotek-digital\vendor\laravel\framework\src\Illuminate\Pipeline\Pipeline.php(219): Illuminate\Http\Middleware\HandleCors->handle()
                                                           #23 C:\Rega Code\Web\apotek-digital\apotek-digital\vendor\laravel\framework\src\Illuminate\Http\Middleware\TrustProxies.php(58): Illuminate\Pipeline\Pipeline->{closure:{closure:Illuminate\Pipeline\Pipeline::carry():194}:195}()
                                                           #24 C:\Rega Code\Web\apotek-digital\apotek-digital\vendor\laravel\framework\src\Illuminate\Pipeline\Pipeline.php(219): Illuminate\Http\Middleware\TrustProxies->handle()
                                                           #25 C:\Rega Code\Web\apotek-digital\apotek-digital\vendor\laravel\framework\src\Illuminate\Foundation\Http\Middleware\InvokeDeferredCallbacks.php(22): Illuminate\Pipeline\Pipeline->{closure:{closure:Illuminate\Pipeline\Pipeline::carry():194}:195}()
                                                           #26 C:\Rega Code\Web\apotek-digital\apotek-digital\vendor\laravel\framework\src\Illuminate\Pipeline\Pipeline.php(219): Illuminate\Foundation\Http\Middleware\InvokeDeferredCallbacks->handle()
                                                           #27 C:\Rega Code\Web\apotek-digital\apotek-digital\vendor\laravel\framework\src\Illuminate\Http\Middleware\ValidatePathEncoding.php(28): Illuminate\Pipeline\Pipeline->{closure:{closure:Illuminate\Pipeline\Pipeline::carry():194}:195}()
                                                           #28 C:\Rega Code\Web\apotek-digital\apotek-digital\vendor\laravel\framework\src\Illuminate\Pipeline\Pipeline.php(219): Illuminate\Http\Middleware\ValidatePathEncoding->handle()
                                                           #29 C:\Rega Code\Web\apotek-digital\apotek-digital\vendor\laravel\framework\src\Illuminate\Pipeline\Pipeline.php(137): Illuminate\Pipeline\Pipeline->{closure:{closure:Illuminate\Pipeline\Pipeline::carry():194}:195}()
                                                           #30 C:\Rega Code\Web\apotek-digital\apotek-digital\vendor\laravel\framework\src\Illuminate\Foundation\Http\Kernel.php(175): Illuminate\Pipeline\Pipeline->then()
                                                           #31 C:\Rega Code\Web\apotek-digital\apotek-digital\vendor\laravel\framework\src\Illuminate\Foundation\Http\Kernel.php(144): Illuminate\Foundation\Http\Kernel->sendRequestThroughRouter()
                                                           #32 C:\Rega Code\Web\apotek-digital\apotek-digital\vendor\laravel\framework\src\Illuminate\Foundation\Testing\Concerns\MakesHttpRequests.php(607): Illuminate\Foundation\Http\Kernel->handle()
                                                           #33 C:\Rega Code\Web\apotek-digital\apotek-digital\vendor\laravel\framework\src\Illuminate\Foundation\Testing\Concerns\MakesHttpRequests.php(368): Illuminate\Foundation\Testing\TestCase->call()
                                                           #34 C:\Rega Code\Web\apotek-digital\apotek-digital\tests\Feature\ApotekMiddlewareTest.php(39): Illuminate\Foundation\Testing\TestCase->get()
                                                           #35 C:\Rega Code\Web\apotek-digital\apotek-digital\vendor\pestphp\pest\src\Factories\TestCaseMethodFactory.php(177): P\Tests\Feature\ApotekMiddlewareTest->{closure:C:\Rega Code\Web\apotek-digital\apotek-digital\tests\Feature\ApotekMiddlewareTest.php:33}()
                                                           #36 [internal function]: P\Tests\Feature\ApotekMiddlewareTest->{closure:Pest\Factories\TestCaseMethodFactory::getClosure():167}()
                                                           #37 C:\Rega Code\Web\apotek-digital\apotek-digital\vendor\pestphp\pest\src\Concerns\Testable.php(576): call_user_func_array()
                                                           #38 C:\Rega Code\Web\apotek-digital\apotek-digital\vendor\pestphp\pest\src\Support\ExceptionTrace.php(26): P\Tests\Feature\ApotekMiddlewareTest->{closure:Pest\Concerns\Testable::__callClosure():576}()
                                                           #39 C:\Rega Code\Web\apotek-digital\apotek-digital\vendor\pestphp\pest\src\Concerns\Testable.php(576): Pest\Support\ExceptionTrace::ensure()
                                                           #40 C:\Rega Code\Web\apotek-digital\apotek-digital\vendor\pestphp\pest\src\Concerns\Testable.php(403): P\Tests\Feature\ApotekMiddlewareTest->__callClosure()
                                                           #41 C:\Rega Code\Web\apotek-digital\apotek-digital\vendor\pestphp\pest\src\Factories\TestCaseFactory.php(175) : eval()'d code(35): P\Tests\Feature\ApotekMiddlewareTest->__runTest()
                                                           #42 C:\Rega Code\Web\apotek-digital\apotek-digital\vendor\phpunit\phpunit\src\Framework\TestCase.php(1314): P\Tests\Feature\ApotekMiddlewareTest->__pest_evaluable_role_middleware_allows_users_with_matching_role()
                                                           #43 C:\Rega Code\Web\apotek-digital\apotek-digital\vendor\phpunit\phpunit\src\Framework\TestCase.php(1351): PHPUnit\Framework\TestCase->invokeTestMethod()
                                                           #44 C:\Rega Code\Web\apotek-digital\apotek-digital\vendor\phpunit\phpunit\src\Framework\TestCase.php(521): PHPUnit\Framework\TestCase->runTest()
                                                           #45 C:\Rega Code\Web\apotek-digital\apotek-digital\vendor\phpunit\phpunit\src\Framework\TestRunner\TestRunner.php(99): PHPUnit\Framework\TestCase->runBare()
                                                           #46 C:\Rega Code\Web\apotek-digital\apotek-digital\vendor\phpunit\phpunit\src\Framework\TestCase.php(361): PHPUnit\Framework\TestRunner->run()
                                                           #47 C:\Rega Code\Web\apotek-digital\apotek-digital\vendor\phpunit\phpunit\src\Framework\TestSuite.php(374): PHPUnit\Framework\TestCase->run()
                                                           #48 C:\Rega Code\Web\apotek-digital\apotek-digital\vendor\phpunit\phpunit\src\Framework\TestSuite.php(374): PHPUnit\Framework\TestSuite->run()
                                                           #49 C:\Rega Code\Web\apotek-digital\apotek-digital\vendor\phpunit\phpunit\src\Framework\TestSuite.php(374): PHPUnit\Framework\TestSuite->run()
                                                           #50 C:\Rega Code\Web\apotek-digital\apotek-digital\vendor\phpunit\phpunit\src\TextUI\TestRunner.php(64): PHPUnit\Framework\TestSuite->run()
                                                           #51 C:\Rega Code\Web\apotek-digital\apotek-digital\vendor\phpunit\phpunit\src\TextUI\Application.php(229): PHPUnit\TextUI\TestRunner->run()
                                                           #52 C:\Rega Code\Web\apotek-digital\apotek-digital\vendor\pestphp\pest\src\Kernel.php(117): PHPUnit\TextUI\Application->run()
                                                           #53 C:\Rega Code\Web\apotek-digital\apotek-digital\vendor\pestphp\pest\bin\pest(207): Pest\Kernel->handle()
                                                           #54 C:\Rega Code\Web\apotek-digital\apotek-digital\vendor\pestphp\pest\bin\pest(215): {closure:C:\Rega Code\Web\apotek-digital\apotek-digital\vendor\pestphp\pest\bin\pest:21}()
                                                           #55 {main}
                                                           
                                                           ----------------------------------------------------------------------------------
                                                           
                                                           Session store not set on request.
[00:00:01.707761800 / 00:00:00.004104900] [66382160 bytes] After Test Method Called (P\Tests\Feature\ApotekMiddlewareTest::tearDown)
[00:00:01.708936500 / 00:00:00.001174700] [66382160 bytes] After Test Method Finished:
                                                           - P\Tests\Feature\ApotekMiddlewareTest::tearDown
[00:00:01.709916500 / 00:00:00.000980000] [66382160 bytes] Test Finished (P\Tests\Feature\ApotekMiddlewareTest::__pest_evaluable_role_middleware_allows_users_with_matching_role)
[00:00:01.710734000 / 00:00:00.000817500] [66382160 bytes] Test Preparation Started (P\Tests\Feature\ApotekMiddlewareTest::__pest_evaluable_role_middleware_aborts_with_403_for_users_without_matching_role)
[00:00:01.724707000 / 00:00:00.013973000] [66382160 bytes] Before Test Method Called (P\Tests\Feature\ApotekMiddlewareTest::setUp)
[00:00:01.726777700 / 00:00:00.002070700] [66382160 bytes] Before Test Method Finished:
                                                           - P\Tests\Feature\ApotekMiddlewareTest::setUp
[00:00:01.728052000 / 00:00:00.001274300] [62292360 bytes] Test Prepared (P\Tests\Feature\ApotekMiddlewareTest::__pest_evaluable_role_middleware_aborts_with_403_for_users_without_matching_role)
[00:00:01.901730100 / 00:00:00.173678100] [67023416 bytes] Test Failed (P\Tests\Feature\ApotekMiddlewareTest::__pest_evaluable_role_middleware_aborts_with_403_for_users_without_matching_role)
                                                           Expected response status code [403] but received 500.
                                                           Failed asserting that 500 is identical to 403.
                                                           
                                                           The following exception occurred during the last request:
                                                           
                                                           RuntimeException: Session store not set on request. in C:\Rega Code\Web\apotek-digital\apotek-digital\vendor\laravel\framework\src\Illuminate\Http\Request.php:624
                                                           Stack trace:
                                                           #0 C:\Rega Code\Web\apotek-digital\apotek-digital\app\Http\Middleware\EnsureAuthenticated.php(32): Illuminate\Http\Request->session()
                                                           #1 C:\Rega Code\Web\apotek-digital\apotek-digital\vendor\laravel\framework\src\Illuminate\Pipeline\Pipeline.php(219): App\Http\Middleware\EnsureAuthenticated->handle()
                                                           #2 C:\Rega Code\Web\apotek-digital\apotek-digital\vendor\laravel\framework\src\Illuminate\Pipeline\Pipeline.php(137): Illuminate\Pipeline\Pipeline->{closure:{closure:Illuminate\Pipeline\Pipeline::carry():194}:195}()
                                                           #3 C:\Rega Code\Web\apotek-digital\apotek-digital\vendor\laravel\framework\src\Illuminate\Routing\Router.php(821): Illuminate\Pipeline\Pipeline->then()
                                                           #4 C:\Rega Code\Web\apotek-digital\apotek-digital\vendor\laravel\framework\src\Illuminate\Routing\Router.php(800): Illuminate\Routing\Router->runRouteWithinStack()
                                                           #5 C:\Rega Code\Web\apotek-digital\apotek-digital\vendor\laravel\framework\src\Illuminate\Routing\Router.php(764): Illuminate\Routing\Router->runRoute()
                                                           #6 C:\Rega Code\Web\apotek-digital\apotek-digital\vendor\laravel\framework\src\Illuminate\Routing\Router.php(753): Illuminate\Routing\Router->dispatchToRoute()
                                                           #7 C:\Rega Code\Web\apotek-digital\apotek-digital\vendor\laravel\framework\src\Illuminate\Foundation\Http\Kernel.php(200): Illuminate\Routing\Router->dispatch()
                                                           #8 C:\Rega Code\Web\apotek-digital\apotek-digital\vendor\laravel\framework\src\Illuminate\Pipeline\Pipeline.php(180): Illuminate\Foundation\Http\Kernel->{closure:Illuminate\Foundation\Http\Kernel::dispatchToRouter():197}()
                                                           #9 C:\Rega Code\Web\apotek-digital\apotek-digital\vendor\livewire\livewire\src\Features\SupportDisablingBackButtonCache\DisableBackButtonCacheMiddleware.php(19): Illuminate\Pipeline\Pipeline->{closure:Illuminate\Pipeline\Pipeline::prepareDestination():178}()
                                                           #10 C:\Rega Code\Web\apotek-digital\apotek-digital\vendor\laravel\framework\src\Illuminate\Pipeline\Pipeline.php(219): Livewire\Features\SupportDisablingBackButtonCache\DisableBackButtonCacheMiddleware->handle()
                                                           #11 C:\Rega Code\Web\apotek-digital\apotek-digital\vendor\laravel\framework\src\Illuminate\Foundation\Http\Middleware\TransformsRequest.php(21): Illuminate\Pipeline\Pipeline->{closure:{closure:Illuminate\Pipeline\Pipeline::carry():194}:195}()
                                                           #12 C:\Rega Code\Web\apotek-digital\apotek-digital\vendor\laravel\framework\src\Illuminate\Foundation\Http\Middleware\ConvertEmptyStringsToNull.php(31): Illuminate\Foundation\Http\Middleware\TransformsRequest->handle()
                                                           #13 C:\Rega Code\Web\apotek-digital\apotek-digital\vendor\laravel\framework\src\Illuminate\Pipeline\Pipeline.php(219): Illuminate\Foundation\Http\Middleware\ConvertEmptyStringsToNull->handle()
                                                           #14 C:\Rega Code\Web\apotek-digital\apotek-digital\vendor\laravel\framework\src\Illuminate\Foundation\Http\Middleware\TransformsRequest.php(21): Illuminate\Pipeline\Pipeline->{closure:{closure:Illuminate\Pipeline\Pipeline::carry():194}:195}()
                                                           #15 C:\Rega Code\Web\apotek-digital\apotek-digital\vendor\laravel\framework\src\Illuminate\Foundation\Http\Middleware\TrimStrings.php(51): Illuminate\Foundation\Http\Middleware\TransformsRequest->handle()
                                                           #16 C:\Rega Code\Web\apotek-digital\apotek-digital\vendor\laravel\framework\src\Illuminate\Pipeline\Pipeline.php(219): Illuminate\Foundation\Http\Middleware\TrimStrings->handle()
                                                           #17 C:\Rega Code\Web\apotek-digital\apotek-digital\vendor\laravel\framework\src\Illuminate\Http\Middleware\ValidatePostSize.php(27): Illuminate\Pipeline\Pipeline->{closure:{closure:Illuminate\Pipeline\Pipeline::carry():194}:195}()
                                                           #18 C:\Rega Code\Web\apotek-digital\apotek-digital\vendor\laravel\framework\src\Illuminate\Pipeline\Pipeline.php(219): Illuminate\Http\Middleware\ValidatePostSize->handle()
                                                           #19 C:\Rega Code\Web\apotek-digital\apotek-digital\vendor\laravel\framework\src\Illuminate\Foundation\Http\Middleware\PreventRequestsDuringMaintenance.php(109): Illuminate\Pipeline\Pipeline->{closure:{closure:Illuminate\Pipeline\Pipeline::carry():194}:195}()
                                                           #20 C:\Rega Code\Web\apotek-digital\apotek-digital\vendor\laravel\framework\src\Illuminate\Pipeline\Pipeline.php(219): Illuminate\Foundation\Http\Middleware\PreventRequestsDuringMaintenance->handle()
                                                           #21 C:\Rega Code\Web\apotek-digital\apotek-digital\vendor\laravel\framework\src\Illuminate\Http\Middleware\HandleCors.php(61): Illuminate\Pipeline\Pipeline->{closure:{closure:Illuminate\Pipeline\Pipeline::carry():194}:195}()
                                                           #22 C:\Rega Code\Web\apotek-digital\apotek-digital\vendor\laravel\framework\src\Illuminate\Pipeline\Pipeline.php(219): Illuminate\Http\Middleware\HandleCors->handle()
                                                           #23 C:\Rega Code\Web\apotek-digital\apotek-digital\vendor\laravel\framework\src\Illuminate\Http\Middleware\TrustProxies.php(58): Illuminate\Pipeline\Pipeline->{closure:{closure:Illuminate\Pipeline\Pipeline::carry():194}:195}()
                                                           #24 C:\Rega Code\Web\apotek-digital\apotek-digital\vendor\laravel\framework\src\Illuminate\Pipeline\Pipeline.php(219): Illuminate\Http\Middleware\TrustProxies->handle()
                                                           #25 C:\Rega Code\Web\apotek-digital\apotek-digital\vendor\laravel\framework\src\Illuminate\Foundation\Http\Middleware\InvokeDeferredCallbacks.php(22): Illuminate\Pipeline\Pipeline->{closure:{closure:Illuminate\Pipeline\Pipeline::carry():194}:195}()
                                                           #26 C:\Rega Code\Web\apotek-digital\apotek-digital\vendor\laravel\framework\src\Illuminate\Pipeline\Pipeline.php(219): Illuminate\Foundation\Http\Middleware\InvokeDeferredCallbacks->handle()
                                                           #27 C:\Rega Code\Web\apotek-digital\apotek-digital\vendor\laravel\framework\src\Illuminate\Http\Middleware\ValidatePathEncoding.php(28): Illuminate\Pipeline\Pipeline->{closure:{closure:Illuminate\Pipeline\Pipeline::carry():194}:195}()
                                                           #28 C:\Rega Code\Web\apotek-digital\apotek-digital\vendor\laravel\framework\src\Illuminate\Pipeline\Pipeline.php(219): Illuminate\Http\Middleware\ValidatePathEncoding->handle()
                                                           #29 C:\Rega Code\Web\apotek-digital\apotek-digital\vendor\laravel\framework\src\Illuminate\Pipeline\Pipeline.php(137): Illuminate\Pipeline\Pipeline->{closure:{closure:Illuminate\Pipeline\Pipeline::carry():194}:195}()
                                                           #30 C:\Rega Code\Web\apotek-digital\apotek-digital\vendor\laravel\framework\src\Illuminate\Foundation\Http\Kernel.php(175): Illuminate\Pipeline\Pipeline->then()
                                                           #31 C:\Rega Code\Web\apotek-digital\apotek-digital\vendor\laravel\framework\src\Illuminate\Foundation\Http\Kernel.php(144): Illuminate\Foundation\Http\Kernel->sendRequestThroughRouter()
                                                           #32 C:\Rega Code\Web\apotek-digital\apotek-digital\vendor\laravel\framework\src\Illuminate\Foundation\Testing\Concerns\MakesHttpRequests.php(607): Illuminate\Foundation\Http\Kernel->handle()
                                                           #33 C:\Rega Code\Web\apotek-digital\apotek-digital\vendor\laravel\framework\src\Illuminate\Foundation\Testing\Concerns\MakesHttpRequests.php(368): Illuminate\Foundation\Testing\TestCase->call()
                                                           #34 C:\Rega Code\Web\apotek-digital\apotek-digital\tests\Feature\ApotekMiddlewareTest.php(49): Illuminate\Foundation\Testing\TestCase->get()
                                                           #35 C:\Rega Code\Web\apotek-digital\apotek-digital\vendor\pestphp\pest\src\Factories\TestCaseMethodFactory.php(177): P\Tests\Feature\ApotekMiddlewareTest->{closure:C:\Rega Code\Web\apotek-digital\apotek-digital\tests\Feature\ApotekMiddlewareTest.php:44}()
                                                           #36 [internal function]: P\Tests\Feature\ApotekMiddlewareTest->{closure:Pest\Factories\TestCaseMethodFactory::getClosure():167}()
                                                           #37 C:\Rega Code\Web\apotek-digital\apotek-digital\vendor\pestphp\pest\src\Concerns\Testable.php(576): call_user_func_array()
                                                           #38 C:\Rega Code\Web\apotek-digital\apotek-digital\vendor\pestphp\pest\src\Support\ExceptionTrace.php(26): P\Tests\Feature\ApotekMiddlewareTest->{closure:Pest\Concerns\Testable::__callClosure():576}()
                                                           #39 C:\Rega Code\Web\apotek-digital\apotek-digital\vendor\pestphp\pest\src\Concerns\Testable.php(576): Pest\Support\ExceptionTrace::ensure()
                                                           #40 C:\Rega Code\Web\apotek-digital\apotek-digital\vendor\pestphp\pest\src\Concerns\Testable.php(403): P\Tests\Feature\ApotekMiddlewareTest->__callClosure()
                                                           #41 C:\Rega Code\Web\apotek-digital\apotek-digital\vendor\pestphp\pest\src\Factories\TestCaseFactory.php(175) : eval()'d code(44): P\Tests\Feature\ApotekMiddlewareTest->__runTest()
                                                           #42 C:\Rega Code\Web\apotek-digital\apotek-digital\vendor\phpunit\phpunit\src\Framework\TestCase.php(1314): P\Tests\Feature\ApotekMiddlewareTest->__pest_evaluable_role_middleware_aborts_with_403_for_users_without_matching_role()
                                                           #43 C:\Rega Code\Web\apotek-digital\apotek-digital\vendor\phpunit\phpunit\src\Framework\TestCase.php(1351): PHPUnit\Framework\TestCase->invokeTestMethod()
                                                           #44 C:\Rega Code\Web\apotek-digital\apotek-digital\vendor\phpunit\phpunit\src\Framework\TestCase.php(521): PHPUnit\Framework\TestCase->runTest()
                                                           #45 C:\Rega Code\Web\apotek-digital\apotek-digital\vendor\phpunit\phpunit\src\Framework\TestRunner\TestRunner.php(99): PHPUnit\Framework\TestCase->runBare()
                                                           #46 C:\Rega Code\Web\apotek-digital\apotek-digital\vendor\phpunit\phpunit\src\Framework\TestCase.php(361): PHPUnit\Framework\TestRunner->run()
                                                           #47 C:\Rega Code\Web\apotek-digital\apotek-digital\vendor\phpunit\phpunit\src\Framework\TestSuite.php(374): PHPUnit\Framework\TestCase->run()
                                                           #48 C:\Rega Code\Web\apotek-digital\apotek-digital\vendor\phpunit\phpunit\src\Framework\TestSuite.php(374): PHPUnit\Framework\TestSuite->run()
                                                           #49 C:\Rega Code\Web\apotek-digital\apotek-digital\vendor\phpunit\phpunit\src\Framework\TestSuite.php(374): PHPUnit\Framework\TestSuite->run()
                                                           #50 C:\Rega Code\Web\apotek-digital\apotek-digital\vendor\phpunit\phpunit\src\TextUI\TestRunner.php(64): PHPUnit\Framework\TestSuite->run()
                                                           #51 C:\Rega Code\Web\apotek-digital\apotek-digital\vendor\phpunit\phpunit\src\TextUI\Application.php(229): PHPUnit\TextUI\TestRunner->run()
                                                           #52 C:\Rega Code\Web\apotek-digital\apotek-digital\vendor\pestphp\pest\src\Kernel.php(117): PHPUnit\TextUI\Application->run()
                                                           #53 C:\Rega Code\Web\apotek-digital\apotek-digital\vendor\pestphp\pest\bin\pest(207): Pest\Kernel->handle()
                                                           #54 C:\Rega Code\Web\apotek-digital\apotek-digital\vendor\pestphp\pest\bin\pest(215): {closure:C:\Rega Code\Web\apotek-digital\apotek-digital\vendor\pestphp\pest\bin\pest:21}()
                                                           #55 {main}
                                                           
                                                           ----------------------------------------------------------------------------------
                                                           
                                                           Session store not set on request.
[00:00:01.904821600 / 00:00:00.003091500] [67023416 bytes] After Test Method Called (P\Tests\Feature\ApotekMiddlewareTest::tearDown)
[00:00:01.905669600 / 00:00:00.000848000] [67023416 bytes] After Test Method Finished:
                                                           - P\Tests\Feature\ApotekMiddlewareTest::tearDown
[00:00:01.906951600 / 00:00:00.001282000] [67023416 bytes] Test Finished (P\Tests\Feature\ApotekMiddlewareTest::__pest_evaluable_role_middleware_aborts_with_403_for_users_without_matching_role)
[00:00:01.907834900 / 00:00:00.000883300] [67023416 bytes] After Last Test Method Called (P\Tests\Feature\ApotekMiddlewareTest::tearDownAfterClass)
[00:00:01.908659700 / 00:00:00.000824800] [67023416 bytes] After Last Test Method Finished:
                                                           - P\Tests\Feature\ApotekMiddlewareTest::tearDownAfterClass
[00:00:01.909471300 / 00:00:00.000811600] [67023416 bytes] Test Suite Finished (P\Tests\Feature\ApotekMiddlewareTest, 4 tests)
[00:00:01.910507200 / 00:00:00.001035900] [67023416 bytes] Test Suite Started (P\Tests\Feature\Auth\ApotheekAuthTest, 7 tests)
[00:00:01.911667100 / 00:00:00.001159900] [67023416 bytes] Before First Test Method Called (P\Tests\Feature\Auth\ApotheekAuthTest::setUpBeforeClass)
[00:00:01.912243700 / 00:00:00.000576600] [67023416 bytes] Before First Test Method Finished:
                                                           - P\Tests\Feature\Auth\ApotheekAuthTest::setUpBeforeClass
[00:00:01.913400000 / 00:00:00.001156300] [67023416 bytes] Test Preparation Started (P\Tests\Feature\Auth\ApotheekAuthTest::__pest_evaluable_test__user__can__login__with__valid__credentials)
[00:00:01.927096000 / 00:00:00.013696000] [67023416 bytes] Before Test Method Called (P\Tests\Feature\Auth\ApotheekAuthTest::setUp)
[00:00:01.928195600 / 00:00:00.001099600] [67023416 bytes] Before Test Method Finished:
                                                           - P\Tests\Feature\Auth\ApotheekAuthTest::setUp
[00:00:01.929330300 / 00:00:00.001134700] [62982824 bytes] Test Prepared (P\Tests\Feature\Auth\ApotheekAuthTest::__pest_evaluable_test__user__can__login__with__valid__credentials)
[00:00:01.946667000 / 00:00:00.017336700] [64040272 bytes] Post Condition Method Called (P\Tests\Feature\Auth\ApotheekAuthTest::__MarkTestIncompleteIfSnapshotHaveChanged)
[00:00:01.947820100 / 00:00:00.001153100] [64040272 bytes] Post Condition Method Finished:
                                                           - P\Tests\Feature\Auth\ApotheekAuthTest::__MarkTestIncompleteIfSnapshotHaveChanged
[00:00:01.949064000 / 00:00:00.001243900] [64040272 bytes] After Test Method Called (P\Tests\Feature\Auth\ApotheekAuthTest::tearDown)
[00:00:01.949962900 / 00:00:00.000898900] [64040272 bytes] After Test Method Finished:
                                                           - P\Tests\Feature\Auth\ApotheekAuthTest::tearDown
[00:00:01.950556200 / 00:00:00.000593300] [64040272 bytes] Test Passed (P\Tests\Feature\Auth\ApotheekAuthTest::__pest_evaluable_test__user__can__login__with__valid__credentials)
[00:00:01.951156700 / 00:00:00.000600500] [64040272 bytes] Test Finished (P\Tests\Feature\Auth\ApotheekAuthTest::__pest_evaluable_test__user__can__login__with__valid__credentials)
[00:00:01.952187800 / 00:00:00.001031100] [64040272 bytes] Test Preparation Started (P\Tests\Feature\Auth\ApotheekAuthTest::__pest_evaluable_test__user__cannot__login__with__wrong__password)
[00:00:01.968475200 / 00:00:00.016287400] [64763832 bytes] Before Test Method Called (P\Tests\Feature\Auth\ApotheekAuthTest::setUp)
[00:00:01.969591700 / 00:00:00.001116500] [64763832 bytes] Before Test Method Finished:
                                                           - P\Tests\Feature\Auth\ApotheekAuthTest::setUp
[00:00:01.971117700 / 00:00:00.001526000] [64467432 bytes] Test Prepared (P\Tests\Feature\Auth\ApotheekAuthTest::__pest_evaluable_test__user__cannot__login__with__wrong__password)
[00:00:02.191181400 / 00:00:00.220063700] [64581344 bytes] Post Condition Method Called (P\Tests\Feature\Auth\ApotheekAuthTest::__MarkTestIncompleteIfSnapshotHaveChanged)
[00:00:02.192554100 / 00:00:00.001372700] [64581344 bytes] Post Condition Method Finished:
                                                           - P\Tests\Feature\Auth\ApotheekAuthTest::__MarkTestIncompleteIfSnapshotHaveChanged
[00:00:02.195632700 / 00:00:00.003078600] [64581344 bytes] After Test Method Called (P\Tests\Feature\Auth\ApotheekAuthTest::tearDown)
[00:00:02.196683100 / 00:00:00.001050400] [64581344 bytes] After Test Method Finished:
                                                           - P\Tests\Feature\Auth\ApotheekAuthTest::tearDown
[00:00:02.197420400 / 00:00:00.000737300] [64581344 bytes] Test Passed (P\Tests\Feature\Auth\ApotheekAuthTest::__pest_evaluable_test__user__cannot__login__with__wrong__password)
[00:00:02.198954300 / 00:00:00.001533900] [64581344 bytes] Test Finished (P\Tests\Feature\Auth\ApotheekAuthTest::__pest_evaluable_test__user__cannot__login__with__wrong__password)
[00:00:02.199908200 / 00:00:00.000953900] [64581344 bytes] Test Preparation Started (P\Tests\Feature\Auth\ApotheekAuthTest::__pest_evaluable_test__inactive__user__cannot__login)
[00:00:02.214983000 / 00:00:00.015074800] [65322288 bytes] Before Test Method Called (P\Tests\Feature\Auth\ApotheekAuthTest::setUp)
[00:00:02.216107100 / 00:00:00.001124100] [65322288 bytes] Before Test Method Finished:
                                                           - P\Tests\Feature\Auth\ApotheekAuthTest::setUp
[00:00:02.217327000 / 00:00:00.001219900] [65025888 bytes] Test Prepared (P\Tests\Feature\Auth\ApotheekAuthTest::__pest_evaluable_test__inactive__user__cannot__login)
[00:00:02.223514200 / 00:00:00.006187200] [65120424 bytes] Post Condition Method Called (P\Tests\Feature\Auth\ApotheekAuthTest::__MarkTestIncompleteIfSnapshotHaveChanged)
[00:00:02.224573800 / 00:00:00.001059600] [65120424 bytes] Post Condition Method Finished:
                                                           - P\Tests\Feature\Auth\ApotheekAuthTest::__MarkTestIncompleteIfSnapshotHaveChanged
[00:00:02.225663500 / 00:00:00.001089700] [65120424 bytes] After Test Method Called (P\Tests\Feature\Auth\ApotheekAuthTest::tearDown)
[00:00:02.226812500 / 00:00:00.001149000] [65120424 bytes] After Test Method Finished:
                                                           - P\Tests\Feature\Auth\ApotheekAuthTest::tearDown
[00:00:02.227658800 / 00:00:00.000846300] [65120424 bytes] Test Passed (P\Tests\Feature\Auth\ApotheekAuthTest::__pest_evaluable_test__inactive__user__cannot__login)
[00:00:02.228055400 / 00:00:00.000396600] [65120424 bytes] Test Finished (P\Tests\Feature\Auth\ApotheekAuthTest::__pest_evaluable_test__inactive__user__cannot__login)
[00:00:02.229041000 / 00:00:00.000985600] [65120424 bytes] Test Preparation Started (P\Tests\Feature\Auth\ApotheekAuthTest::__pest_evaluable_test__cashier__cannot__access__inventaris__route)
[00:00:02.243307900 / 00:00:00.014266900] [65877928 bytes] Before Test Method Called (P\Tests\Feature\Auth\ApotheekAuthTest::setUp)
[00:00:02.244433700 / 00:00:00.001125800] [65877928 bytes] Before Test Method Finished:
                                                           - P\Tests\Feature\Auth\ApotheekAuthTest::setUp
[00:00:02.245915700 / 00:00:00.001482000] [65581528 bytes] Test Prepared (P\Tests\Feature\Auth\ApotheekAuthTest::__pest_evaluable_test__cashier__cannot__access__inventaris__route)
[00:00:02.255017100 / 00:00:00.009101400] [66025488 bytes] Post Condition Method Called (P\Tests\Feature\Auth\ApotheekAuthTest::__MarkTestIncompleteIfSnapshotHaveChanged)
[00:00:02.256052600 / 00:00:00.001035500] [66025488 bytes] Post Condition Method Finished:
                                                           - P\Tests\Feature\Auth\ApotheekAuthTest::__MarkTestIncompleteIfSnapshotHaveChanged
[00:00:02.257272400 / 00:00:00.001219800] [66025488 bytes] After Test Method Called (P\Tests\Feature\Auth\ApotheekAuthTest::tearDown)
[00:00:02.258228400 / 00:00:00.000956000] [66025488 bytes] After Test Method Finished:
                                                           - P\Tests\Feature\Auth\ApotheekAuthTest::tearDown
[00:00:02.260405400 / 00:00:00.002177000] [66025488 bytes] Test Passed (P\Tests\Feature\Auth\ApotheekAuthTest::__pest_evaluable_test__cashier__cannot__access__inventaris__route)
[00:00:02.261436600 / 00:00:00.001031200] [66025488 bytes] Test Finished (P\Tests\Feature\Auth\ApotheekAuthTest::__pest_evaluable_test__cashier__cannot__access__inventaris__route)
[00:00:02.262626600 / 00:00:00.001190000] [66025488 bytes] Test Preparation Started (P\Tests\Feature\Auth\ApotheekAuthTest::__pest_evaluable_test__pharmacist__can__access__inventaris__route)
[00:00:02.276817600 / 00:00:00.014191000] [66678888 bytes] Before Test Method Called (P\Tests\Feature\Auth\ApotheekAuthTest::setUp)
[00:00:02.279236400 / 00:00:00.002418800] [66678888 bytes] Before Test Method Finished:
                                                           - P\Tests\Feature\Auth\ApotheekAuthTest::setUp
[00:00:02.280357600 / 00:00:00.001121200] [66382488 bytes] Test Prepared (P\Tests\Feature\Auth\ApotheekAuthTest::__pest_evaluable_test__pharmacist__can__access__inventaris__route)
[00:00:02.307825500 / 00:00:00.027467900] [67557664 bytes] Post Condition Method Called (P\Tests\Feature\Auth\ApotheekAuthTest::__MarkTestIncompleteIfSnapshotHaveChanged)
[00:00:02.308955300 / 00:00:00.001129800] [67557664 bytes] Post Condition Method Finished:
                                                           - P\Tests\Feature\Auth\ApotheekAuthTest::__MarkTestIncompleteIfSnapshotHaveChanged
[00:00:02.310328200 / 00:00:00.001372900] [67557664 bytes] After Test Method Called (P\Tests\Feature\Auth\ApotheekAuthTest::tearDown)
[00:00:02.311060200 / 00:00:00.000732000] [67557664 bytes] After Test Method Finished:
                                                           - P\Tests\Feature\Auth\ApotheekAuthTest::tearDown
[00:00:02.312375400 / 00:00:00.001315200] [67557664 bytes] Test Passed (P\Tests\Feature\Auth\ApotheekAuthTest::__pest_evaluable_test__pharmacist__can__access__inventaris__route)
[00:00:02.313314700 / 00:00:00.000939300] [67557664 bytes] Test Finished (P\Tests\Feature\Auth\ApotheekAuthTest::__pest_evaluable_test__pharmacist__can__access__inventaris__route)
[00:00:02.314329900 / 00:00:00.001015200] [67557664 bytes] Test Preparation Started (P\Tests\Feature\Auth\ApotheekAuthTest::__pest_evaluable_test__admin__can__access__all__routes)
[00:00:02.328383200 / 00:00:00.014053300] [67998528 bytes] Before Test Method Called (P\Tests\Feature\Auth\ApotheekAuthTest::setUp)
[00:00:02.329636700 / 00:00:00.001253500] [67998528 bytes] Before Test Method Finished:
                                                           - P\Tests\Feature\Auth\ApotheekAuthTest::setUp
[00:00:02.330324300 / 00:00:00.000687600] [67702128 bytes] Test Prepared (P\Tests\Feature\Auth\ApotheekAuthTest::__pest_evaluable_test__admin__can__access__all__routes)
[00:00:02.369065100 / 00:00:00.038740800] [68875792 bytes] Post Condition Method Called (P\Tests\Feature\Auth\ApotheekAuthTest::__MarkTestIncompleteIfSnapshotHaveChanged)
[00:00:02.370063600 / 00:00:00.000998500] [68875792 bytes] Post Condition Method Finished:
                                                           - P\Tests\Feature\Auth\ApotheekAuthTest::__MarkTestIncompleteIfSnapshotHaveChanged
[00:00:02.371303600 / 00:00:00.001240000] [68875792 bytes] After Test Method Called (P\Tests\Feature\Auth\ApotheekAuthTest::tearDown)
[00:00:02.372120100 / 00:00:00.000816500] [68875792 bytes] After Test Method Finished:
                                                           - P\Tests\Feature\Auth\ApotheekAuthTest::tearDown
[00:00:02.373008400 / 00:00:00.000888300] [68875792 bytes] Test Passed (P\Tests\Feature\Auth\ApotheekAuthTest::__pest_evaluable_test__admin__can__access__all__routes)
[00:00:02.374053700 / 00:00:00.001045300] [68875792 bytes] Test Finished (P\Tests\Feature\Auth\ApotheekAuthTest::__pest_evaluable_test__admin__can__access__all__routes)
[00:00:02.375744700 / 00:00:00.001691000] [68875792 bytes] Test Preparation Started (P\Tests\Feature\Auth\ApotheekAuthTest::__pest_evaluable_test__unauthenticated__user__redirected__to__login)
[00:00:02.389678800 / 00:00:00.013934100] [69305736 bytes] Before Test Method Called (P\Tests\Feature\Auth\ApotheekAuthTest::setUp)
[00:00:02.390894100 / 00:00:00.001215300] [69305736 bytes] Before Test Method Finished:
                                                           - P\Tests\Feature\Auth\ApotheekAuthTest::setUp
[00:00:02.391833800 / 00:00:00.000939700] [69009336 bytes] Test Prepared (P\Tests\Feature\Auth\ApotheekAuthTest::__pest_evaluable_test__unauthenticated__user__redirected__to__login)
[00:00:02.395316000 / 00:00:00.003482200] [69113144 bytes] Post Condition Method Called (P\Tests\Feature\Auth\ApotheekAuthTest::__MarkTestIncompleteIfSnapshotHaveChanged)
[00:00:02.396110200 / 00:00:00.000794200] [69113144 bytes] Post Condition Method Finished:
                                                           - P\Tests\Feature\Auth\ApotheekAuthTest::__MarkTestIncompleteIfSnapshotHaveChanged
[00:00:02.397441900 / 00:00:00.001331700] [69113144 bytes] After Test Method Called (P\Tests\Feature\Auth\ApotheekAuthTest::tearDown)
[00:00:02.398364700 / 00:00:00.000922800] [69113144 bytes] After Test Method Finished:
                                                           - P\Tests\Feature\Auth\ApotheekAuthTest::tearDown
[00:00:02.399186500 / 00:00:00.000821800] [69113144 bytes] Test Passed (P\Tests\Feature\Auth\ApotheekAuthTest::__pest_evaluable_test__unauthenticated__user__redirected__to__login)
[00:00:02.400006900 / 00:00:00.000820400] [69113144 bytes] Test Finished (P\Tests\Feature\Auth\ApotheekAuthTest::__pest_evaluable_test__unauthenticated__user__redirected__to__login)
[00:00:02.400709200 / 00:00:00.000702300] [69113144 bytes] After Last Test Method Called (P\Tests\Feature\Auth\ApotheekAuthTest::tearDownAfterClass)
[00:00:02.401537400 / 00:00:00.000828200] [69113144 bytes] After Last Test Method Finished:
                                                           - P\Tests\Feature\Auth\ApotheekAuthTest::tearDownAfterClass
[00:00:02.402281700 / 00:00:00.000744300] [69113144 bytes] Test Suite Finished (P\Tests\Feature\Auth\ApotheekAuthTest, 7 tests)
[00:00:02.402968900 / 00:00:00.000687200] [69113144 bytes] Test Suite Started (P\Tests\Feature\CategoryManagementTest, 11 tests)
[00:00:02.404117600 / 00:00:00.001148700] [69113144 bytes] Before First Test Method Called (P\Tests\Feature\CategoryManagementTest::setUpBeforeClass)
[00:00:02.404766700 / 00:00:00.000649100] [69113144 bytes] Before First Test Method Finished:
                                                           - P\Tests\Feature\CategoryManagementTest::setUpBeforeClass
[00:00:02.405824000 / 00:00:00.001057300] [69113144 bytes] Test Preparation Started (P\Tests\Feature\CategoryManagementTest::__pest_evaluable_admin_can_access_category_management_page)
[00:00:02.419342200 / 00:00:00.013518200] [69867904 bytes] Before Test Method Called (P\Tests\Feature\CategoryManagementTest::setUp)
[00:00:02.420447800 / 00:00:00.001105600] [69867904 bytes] Before Test Method Finished:
                                                           - P\Tests\Feature\CategoryManagementTest::setUp
[00:00:02.421559700 / 00:00:00.001111900] [69571504 bytes] Test Prepared (P\Tests\Feature\CategoryManagementTest::__pest_evaluable_admin_can_access_category_management_page)
[00:00:02.427536100 / 00:00:00.005976400] [69689912 bytes] Test Errored (P\Tests\Feature\CategoryManagementTest::__pest_evaluable_admin_can_access_category_management_page)
                                                           Call to a member function all() on array
[00:00:02.429181500 / 00:00:00.001645400] [69689912 bytes] After Test Method Called (P\Tests\Feature\CategoryManagementTest::tearDown)
[00:00:02.429935400 / 00:00:00.000753900] [69689912 bytes] After Test Method Finished:
                                                           - P\Tests\Feature\CategoryManagementTest::tearDown
[00:00:02.430839300 / 00:00:00.000903900] [69689912 bytes] Test Finished (P\Tests\Feature\CategoryManagementTest::__pest_evaluable_admin_can_access_category_management_page)
[00:00:02.431889600 / 00:00:00.001050300] [69689912 bytes] Test Preparation Started (P\Tests\Feature\CategoryManagementTest::__pest_evaluable_pharmacist_can_access_category_management_page)
[00:00:02.445702800 / 00:00:00.013813200] [70455232 bytes] Before Test Method Called (P\Tests\Feature\CategoryManagementTest::setUp)
[00:00:02.446984900 / 00:00:00.001282100] [70455232 bytes] Before Test Method Finished:
                                                           - P\Tests\Feature\CategoryManagementTest::setUp
[00:00:02.448202700 / 00:00:00.001217800] [70158832 bytes] Test Prepared (P\Tests\Feature\CategoryManagementTest::__pest_evaluable_pharmacist_can_access_category_management_page)
[00:00:02.457911300 / 00:00:00.009708600] [70394096 bytes] Test Errored (P\Tests\Feature\CategoryManagementTest::__pest_evaluable_pharmacist_can_access_category_management_page)
                                                           Call to a member function all() on array
[00:00:02.459647700 / 00:00:00.001736400] [70394096 bytes] After Test Method Called (P\Tests\Feature\CategoryManagementTest::tearDown)
[00:00:02.460406500 / 00:00:00.000758800] [70394096 bytes] After Test Method Finished:
                                                           - P\Tests\Feature\CategoryManagementTest::tearDown
[00:00:02.461578400 / 00:00:00.001171900] [70394096 bytes] Test Finished (P\Tests\Feature\CategoryManagementTest::__pest_evaluable_pharmacist_can_access_category_management_page)
[00:00:02.462396000 / 00:00:00.000817600] [70394096 bytes] Test Preparation Started (P\Tests\Feature\CategoryManagementTest::__pest_evaluable_cashier_cannot_access_category_management_page)
[00:00:02.478913400 / 00:00:00.016517400] [70394096 bytes] Before Test Method Called (P\Tests\Feature\CategoryManagementTest::setUp)
[00:00:02.479960400 / 00:00:00.001047000] [70394096 bytes] Before Test Method Finished:
                                                           - P\Tests\Feature\CategoryManagementTest::setUp
[00:00:02.480860100 / 00:00:00.000899700] [63908376 bytes] Test Prepared (P\Tests\Feature\CategoryManagementTest::__pest_evaluable_cashier_cannot_access_category_management_page)
[00:00:02.485451100 / 00:00:00.004591000] [64001592 bytes] Test Errored (P\Tests\Feature\CategoryManagementTest::__pest_evaluable_cashier_cannot_access_category_management_page)
                                                           Call to a member function all() on array
[00:00:02.487050500 / 00:00:00.001599400] [64001592 bytes] After Test Method Called (P\Tests\Feature\CategoryManagementTest::tearDown)
[00:00:02.487951200 / 00:00:00.000900700] [64001592 bytes] After Test Method Finished:
                                                           - P\Tests\Feature\CategoryManagementTest::tearDown
[00:00:02.488957300 / 00:00:00.001006100] [64001592 bytes] Test Finished (P\Tests\Feature\CategoryManagementTest::__pest_evaluable_cashier_cannot_access_category_management_page)
[00:00:02.489904800 / 00:00:00.000947500] [64001592 bytes] Test Preparation Started (P\Tests\Feature\CategoryManagementTest::__pest_evaluable_can_create_a_new_category)
[00:00:02.504560600 / 00:00:00.014655800] [64757768 bytes] Before Test Method Called (P\Tests\Feature\CategoryManagementTest::setUp)
[00:00:02.505832400 / 00:00:00.001271800] [64757768 bytes] Before Test Method Finished:
                                                           - P\Tests\Feature\CategoryManagementTest::setUp
[00:00:02.507000100 / 00:00:00.001167700] [64461368 bytes] Test Prepared (P\Tests\Feature\CategoryManagementTest::__pest_evaluable_can_create_a_new_category)
[00:00:02.534146300 / 00:00:00.027146200] [65438544 bytes] Post Condition Method Called (P\Tests\Feature\CategoryManagementTest::__MarkTestIncompleteIfSnapshotHaveChanged)
[00:00:02.535518400 / 00:00:00.001372100] [65438544 bytes] Post Condition Method Finished:
                                                           - P\Tests\Feature\CategoryManagementTest::__MarkTestIncompleteIfSnapshotHaveChanged
[00:00:02.537110800 / 00:00:00.001592400] [65438544 bytes] After Test Method Called (P\Tests\Feature\CategoryManagementTest::tearDown)
[00:00:02.537937000 / 00:00:00.000826200] [65438544 bytes] After Test Method Finished:
                                                           - P\Tests\Feature\CategoryManagementTest::tearDown
[00:00:02.539752700 / 00:00:00.001815700] [65438544 bytes] Test Passed (P\Tests\Feature\CategoryManagementTest::__pest_evaluable_can_create_a_new_category)
[00:00:02.540767800 / 00:00:00.001015100] [65438544 bytes] Test Finished (P\Tests\Feature\CategoryManagementTest::__pest_evaluable_can_create_a_new_category)
[00:00:02.541817300 / 00:00:00.001049500] [65438544 bytes] Test Preparation Started (P\Tests\Feature\CategoryManagementTest::__pest_evaluable_category_name_is_required)
[00:00:02.556188100 / 00:00:00.014370800] [65952304 bytes] Before Test Method Called (P\Tests\Feature\CategoryManagementTest::setUp)
[00:00:02.557486800 / 00:00:00.001298700] [65952304 bytes] Before Test Method Finished:
                                                           - P\Tests\Feature\CategoryManagementTest::setUp
[00:00:02.559363500 / 00:00:00.001876700] [65655904 bytes] Test Prepared (P\Tests\Feature\CategoryManagementTest::__pest_evaluable_category_name_is_required)
[00:00:02.574957700 / 00:00:00.015594200] [65941248 bytes] Post Condition Method Called (P\Tests\Feature\CategoryManagementTest::__MarkTestIncompleteIfSnapshotHaveChanged)
[00:00:02.575806400 / 00:00:00.000848700] [65941248 bytes] Post Condition Method Finished:
                                                           - P\Tests\Feature\CategoryManagementTest::__MarkTestIncompleteIfSnapshotHaveChanged
[00:00:02.577120500 / 00:00:00.001314100] [65941248 bytes] After Test Method Called (P\Tests\Feature\CategoryManagementTest::tearDown)
[00:00:02.578203800 / 00:00:00.001083300] [65941248 bytes] After Test Method Finished:
                                                           - P\Tests\Feature\CategoryManagementTest::tearDown
[00:00:02.579229300 / 00:00:00.001025500] [65941248 bytes] Test Passed (P\Tests\Feature\CategoryManagementTest::__pest_evaluable_category_name_is_required)
[00:00:02.580239600 / 00:00:00.001010300] [65941248 bytes] Test Finished (P\Tests\Feature\CategoryManagementTest::__pest_evaluable_category_name_is_required)
[00:00:02.581250500 / 00:00:00.001010900] [65941248 bytes] Test Preparation Started (P\Tests\Feature\CategoryManagementTest::__pest_evaluable_category_name_must_be_unique_on_create)
[00:00:02.595068400 / 00:00:00.013817900] [66419776 bytes] Before Test Method Called (P\Tests\Feature\CategoryManagementTest::setUp)
[00:00:02.596362800 / 00:00:00.001294400] [66419776 bytes] Before Test Method Finished:
                                                           - P\Tests\Feature\CategoryManagementTest::setUp
[00:00:02.598816400 / 00:00:00.002453600] [66123376 bytes] Test Prepared (P\Tests\Feature\CategoryManagementTest::__pest_evaluable_category_name_must_be_unique_on_create)
[00:00:02.615412500 / 00:00:00.016596100] [66408936 bytes] Post Condition Method Called (P\Tests\Feature\CategoryManagementTest::__MarkTestIncompleteIfSnapshotHaveChanged)
[00:00:02.616628400 / 00:00:00.001215900] [66408936 bytes] Post Condition Method Finished:
                                                           - P\Tests\Feature\CategoryManagementTest::__MarkTestIncompleteIfSnapshotHaveChanged
[00:00:02.617963400 / 00:00:00.001335000] [66408936 bytes] After Test Method Called (P\Tests\Feature\CategoryManagementTest::tearDown)
[00:00:02.619611000 / 00:00:00.001647600] [66408936 bytes] After Test Method Finished:
                                                           - P\Tests\Feature\CategoryManagementTest::tearDown
[00:00:02.620407400 / 00:00:00.000796400] [66408936 bytes] Test Passed (P\Tests\Feature\CategoryManagementTest::__pest_evaluable_category_name_must_be_unique_on_create)
[00:00:02.621112900 / 00:00:00.000705500] [66408936 bytes] Test Finished (P\Tests\Feature\CategoryManagementTest::__pest_evaluable_category_name_must_be_unique_on_create)
[00:00:02.621859800 / 00:00:00.000746900] [66408936 bytes] Test Preparation Started (P\Tests\Feature\CategoryManagementTest::__pest_evaluable_can_edit_an_existing_category)
[00:00:02.635657400 / 00:00:00.013797600] [66879392 bytes] Before Test Method Called (P\Tests\Feature\CategoryManagementTest::setUp)
[00:00:02.638052500 / 00:00:00.002395100] [66879392 bytes] Before Test Method Finished:
                                                           - P\Tests\Feature\CategoryManagementTest::setUp
[00:00:02.639092700 / 00:00:00.001040200] [66582992 bytes] Test Prepared (P\Tests\Feature\CategoryManagementTest::__pest_evaluable_can_edit_an_existing_category)
[00:00:02.658239300 / 00:00:00.019146600] [66839872 bytes] Post Condition Method Called (P\Tests\Feature\CategoryManagementTest::__MarkTestIncompleteIfSnapshotHaveChanged)
[00:00:02.659541900 / 00:00:00.001302600] [66839872 bytes] Post Condition Method Finished:
                                                           - P\Tests\Feature\CategoryManagementTest::__MarkTestIncompleteIfSnapshotHaveChanged
[00:00:02.661000200 / 00:00:00.001458300] [66839872 bytes] After Test Method Called (P\Tests\Feature\CategoryManagementTest::tearDown)
[00:00:02.661799800 / 00:00:00.000799600] [66839872 bytes] After Test Method Finished:
                                                           - P\Tests\Feature\CategoryManagementTest::tearDown
[00:00:02.662594000 / 00:00:00.000794200] [66839872 bytes] Test Passed (P\Tests\Feature\CategoryManagementTest::__pest_evaluable_can_edit_an_existing_category)
[00:00:02.663664800 / 00:00:00.001070800] [66839872 bytes] Test Finished (P\Tests\Feature\CategoryManagementTest::__pest_evaluable_can_edit_an_existing_category)
[00:00:02.664552900 / 00:00:00.000888100] [66839872 bytes] Test Preparation Started (P\Tests\Feature\CategoryManagementTest::__pest_evaluable_category_name_must_be_unique_on_edit_but_allows_keeping_same_name)
[00:00:02.680002500 / 00:00:00.015449600] [67347464 bytes] Before Test Method Called (P\Tests\Feature\CategoryManagementTest::setUp)
[00:00:02.681265400 / 00:00:00.001262900] [67347464 bytes] Before Test Method Finished:
                                                           - P\Tests\Feature\CategoryManagementTest::setUp
[00:00:02.682121800 / 00:00:00.000856400] [67051064 bytes] Test Prepared (P\Tests\Feature\CategoryManagementTest::__pest_evaluable_category_name_must_be_unique_on_edit_but_allows_keeping_same_name)
[00:00:02.698523300 / 00:00:00.016401500] [67305320 bytes] Post Condition Method Called (P\Tests\Feature\CategoryManagementTest::__MarkTestIncompleteIfSnapshotHaveChanged)
[00:00:02.699583600 / 00:00:00.001060300] [67305320 bytes] Post Condition Method Finished:
                                                           - P\Tests\Feature\CategoryManagementTest::__MarkTestIncompleteIfSnapshotHaveChanged
[00:00:02.700675700 / 00:00:00.001092100] [67305320 bytes] After Test Method Called (P\Tests\Feature\CategoryManagementTest::tearDown)
[00:00:02.701467400 / 00:00:00.000791700] [67305320 bytes] After Test Method Finished:
                                                           - P\Tests\Feature\CategoryManagementTest::tearDown
[00:00:02.702297800 / 00:00:00.000830400] [67305320 bytes] Test Passed (P\Tests\Feature\CategoryManagementTest::__pest_evaluable_category_name_must_be_unique_on_edit_but_allows_keeping_same_name)
[00:00:02.703024900 / 00:00:00.000727100] [67305320 bytes] Test Finished (P\Tests\Feature\CategoryManagementTest::__pest_evaluable_category_name_must_be_unique_on_edit_but_allows_keeping_same_name)
[00:00:02.704149300 / 00:00:00.001124400] [67305320 bytes] Test Preparation Started (P\Tests\Feature\CategoryManagementTest::__pest_evaluable_can_delete_a_category_with_no_medicines)
[00:00:02.717858700 / 00:00:00.013709400] [67808728 bytes] Before Test Method Called (P\Tests\Feature\CategoryManagementTest::setUp)
[00:00:02.719219700 / 00:00:00.001361000] [67808728 bytes] Before Test Method Finished:
                                                           - P\Tests\Feature\CategoryManagementTest::setUp
[00:00:02.720816400 / 00:00:00.001596700] [67512328 bytes] Test Prepared (P\Tests\Feature\CategoryManagementTest::__pest_evaluable_can_delete_a_category_with_no_medicines)
[00:00:02.733671200 / 00:00:00.012854800] [67746600 bytes] Post Condition Method Called (P\Tests\Feature\CategoryManagementTest::__MarkTestIncompleteIfSnapshotHaveChanged)
[00:00:02.734635000 / 00:00:00.000963800] [67746600 bytes] Post Condition Method Finished:
                                                           - P\Tests\Feature\CategoryManagementTest::__MarkTestIncompleteIfSnapshotHaveChanged
[00:00:02.736074900 / 00:00:00.001439900] [67746600 bytes] After Test Method Called (P\Tests\Feature\CategoryManagementTest::tearDown)
[00:00:02.736998000 / 00:00:00.000923100] [67746600 bytes] After Test Method Finished:
                                                           - P\Tests\Feature\CategoryManagementTest::tearDown
[00:00:02.737649300 / 00:00:00.000651300] [67746600 bytes] Test Passed (P\Tests\Feature\CategoryManagementTest::__pest_evaluable_can_delete_a_category_with_no_medicines)
[00:00:02.738649300 / 00:00:00.001000000] [67746600 bytes] Test Finished (P\Tests\Feature\CategoryManagementTest::__pest_evaluable_can_delete_a_category_with_no_medicines)
[00:00:02.739444500 / 00:00:00.000795200] [67746600 bytes] Test Preparation Started (P\Tests\Feature\CategoryManagementTest::__pest_evaluable_cannot_delete_a_category_that_is_used_by_medicines)
[00:00:02.753527000 / 00:00:00.014082500] [68263832 bytes] Before Test Method Called (P\Tests\Feature\CategoryManagementTest::setUp)
[00:00:02.754567200 / 00:00:00.001040200] [68263832 bytes] Before Test Method Finished:
                                                           - P\Tests\Feature\CategoryManagementTest::setUp
[00:00:02.755771000 / 00:00:00.001203800] [67967432 bytes] Test Prepared (P\Tests\Feature\CategoryManagementTest::__pest_evaluable_cannot_delete_a_category_that_is_used_by_medicines)
[00:00:02.771965600 / 00:00:00.016194600] [68389552 bytes] Post Condition Method Called (P\Tests\Feature\CategoryManagementTest::__MarkTestIncompleteIfSnapshotHaveChanged)
[00:00:02.772961200 / 00:00:00.000995600] [68389552 bytes] Post Condition Method Finished:
                                                           - P\Tests\Feature\CategoryManagementTest::__MarkTestIncompleteIfSnapshotHaveChanged
[00:00:02.774196500 / 00:00:00.001235300] [68389552 bytes] After Test Method Called (P\Tests\Feature\CategoryManagementTest::tearDown)
[00:00:02.774989700 / 00:00:00.000793200] [68389552 bytes] After Test Method Finished:
                                                           - P\Tests\Feature\CategoryManagementTest::tearDown
[00:00:02.776037400 / 00:00:00.001047700] [68389552 bytes] Test Passed (P\Tests\Feature\CategoryManagementTest::__pest_evaluable_cannot_delete_a_category_that_is_used_by_medicines)
[00:00:02.776849500 / 00:00:00.000812100] [68389552 bytes] Test Finished (P\Tests\Feature\CategoryManagementTest::__pest_evaluable_cannot_delete_a_category_that_is_used_by_medicines)
[00:00:02.777679200 / 00:00:00.000829700] [68389552 bytes] Test Preparation Started (P\Tests\Feature\CategoryManagementTest::__pest_evaluable_can_search_categories_by_name)
[00:00:02.791973700 / 00:00:00.014294500] [68972552 bytes] Before Test Method Called (P\Tests\Feature\CategoryManagementTest::setUp)
[00:00:02.793075300 / 00:00:00.001101600] [68972552 bytes] Before Test Method Finished:
                                                           - P\Tests\Feature\CategoryManagementTest::setUp
[00:00:02.794079600 / 00:00:00.001004300] [68676152 bytes] Test Prepared (P\Tests\Feature\CategoryManagementTest::__pest_evaluable_can_search_categories_by_name)
[00:00:02.805067600 / 00:00:00.010988000] [68891448 bytes] Post Condition Method Called (P\Tests\Feature\CategoryManagementTest::__MarkTestIncompleteIfSnapshotHaveChanged)
[00:00:02.806125400 / 00:00:00.001057800] [68891448 bytes] Post Condition Method Finished:
                                                           - P\Tests\Feature\CategoryManagementTest::__MarkTestIncompleteIfSnapshotHaveChanged
[00:00:02.807306900 / 00:00:00.001181500] [68891448 bytes] After Test Method Called (P\Tests\Feature\CategoryManagementTest::tearDown)
[00:00:02.808455700 / 00:00:00.001148800] [68891448 bytes] After Test Method Finished:
                                                           - P\Tests\Feature\CategoryManagementTest::tearDown
[00:00:02.809355100 / 00:00:00.000899400] [68891448 bytes] Test Passed (P\Tests\Feature\CategoryManagementTest::__pest_evaluable_can_search_categories_by_name)
[00:00:02.811151000 / 00:00:00.001795900] [68891448 bytes] Test Finished (P\Tests\Feature\CategoryManagementTest::__pest_evaluable_can_search_categories_by_name)
[00:00:02.812283500 / 00:00:00.001132500] [68891448 bytes] After Last Test Method Called (P\Tests\Feature\CategoryManagementTest::tearDownAfterClass)
[00:00:02.812828500 / 00:00:00.000545000] [68891448 bytes] After Last Test Method Finished:
                                                           - P\Tests\Feature\CategoryManagementTest::tearDownAfterClass
[00:00:02.813615700 / 00:00:00.000787200] [68891448 bytes] Test Suite Finished (P\Tests\Feature\CategoryManagementTest, 11 tests)
[00:00:02.814449700 / 00:00:00.000834000] [68891448 bytes] Test Suite Started (P\Tests\Feature\DashboardTest, 2 tests)
[00:00:02.815847600 / 00:00:00.001397900] [68891448 bytes] Before First Test Method Called (P\Tests\Feature\DashboardTest::setUpBeforeClass)
[00:00:02.816510800 / 00:00:00.000663200] [68891448 bytes] Before First Test Method Finished:
                                                           - P\Tests\Feature\DashboardTest::setUpBeforeClass
[00:00:02.817361600 / 00:00:00.000850800] [68891448 bytes] Test Preparation Started (P\Tests\Feature\DashboardTest::__pest_evaluable_guests_are_redirected_to_sistem_login_when_accessing_sistem_dashboard)
[00:00:02.831275100 / 00:00:00.013913500] [69443560 bytes] Before Test Method Called (P\Tests\Feature\DashboardTest::setUp)
[00:00:02.832435200 / 00:00:00.001160100] [69443560 bytes] Before Test Method Finished:
                                                           - P\Tests\Feature\DashboardTest::setUp
[00:00:02.833394300 / 00:00:00.000959100] [69147160 bytes] Test Prepared (P\Tests\Feature\DashboardTest::__pest_evaluable_guests_are_redirected_to_sistem_login_when_accessing_sistem_dashboard)
[00:00:02.837001700 / 00:00:00.003607400] [69250968 bytes] Post Condition Method Called (P\Tests\Feature\DashboardTest::__MarkTestIncompleteIfSnapshotHaveChanged)
[00:00:02.837920500 / 00:00:00.000918800] [69250968 bytes] Post Condition Method Finished:
                                                           - P\Tests\Feature\DashboardTest::__MarkTestIncompleteIfSnapshotHaveChanged
[00:00:02.839207100 / 00:00:00.001286600] [69250968 bytes] After Test Method Called (P\Tests\Feature\DashboardTest::tearDown)
[00:00:02.840005900 / 00:00:00.000798800] [69250968 bytes] After Test Method Finished:
                                                           - P\Tests\Feature\DashboardTest::tearDown
[00:00:02.840673600 / 00:00:00.000667700] [69250968 bytes] Test Passed (P\Tests\Feature\DashboardTest::__pest_evaluable_guests_are_redirected_to_sistem_login_when_accessing_sistem_dashboard)
[00:00:02.841248700 / 00:00:00.000575100] [69250968 bytes] Test Finished (P\Tests\Feature\DashboardTest::__pest_evaluable_guests_are_redirected_to_sistem_login_when_accessing_sistem_dashboard)
[00:00:02.842133100 / 00:00:00.000884400] [69250968 bytes] Test Preparation Started (P\Tests\Feature\DashboardTest::__pest_evaluable_authenticated_users_can_visit_the_sistem_dashboard)
[00:00:02.855784200 / 00:00:00.013651100] [69983504 bytes] Before Test Method Called (P\Tests\Feature\DashboardTest::setUp)
[00:00:02.856841500 / 00:00:00.001057300] [69983504 bytes] Before Test Method Finished:
                                                           - P\Tests\Feature\DashboardTest::setUp
[00:00:02.857648300 / 00:00:00.000806800] [69687104 bytes] Test Prepared (P\Tests\Feature\DashboardTest::__pest_evaluable_authenticated_users_can_visit_the_sistem_dashboard)
[00:00:02.862982000 / 00:00:00.005333700] [69827120 bytes] Test Errored (P\Tests\Feature\DashboardTest::__pest_evaluable_authenticated_users_can_visit_the_sistem_dashboard)
                                                           Call to a member function all() on array
[00:00:02.864618400 / 00:00:00.001636400] [69827120 bytes] After Test Method Called (P\Tests\Feature\DashboardTest::tearDown)
[00:00:02.866418100 / 00:00:00.001799700] [69827120 bytes] After Test Method Finished:
                                                           - P\Tests\Feature\DashboardTest::tearDown
[00:00:02.867486000 / 00:00:00.001067900] [69827120 bytes] Test Finished (P\Tests\Feature\DashboardTest::__pest_evaluable_authenticated_users_can_visit_the_sistem_dashboard)
[00:00:02.868336500 / 00:00:00.000850500] [69827120 bytes] After Last Test Method Called (P\Tests\Feature\DashboardTest::tearDownAfterClass)
[00:00:02.869223400 / 00:00:00.000886900] [69827120 bytes] After Last Test Method Finished:
                                                           - P\Tests\Feature\DashboardTest::tearDownAfterClass
[00:00:02.870518500 / 00:00:00.001295100] [69827120 bytes] Test Suite Finished (P\Tests\Feature\DashboardTest, 2 tests)
[00:00:02.871353200 / 00:00:00.000834700] [69827120 bytes] Test Suite Started (P\Tests\Feature\ExampleTest, 1 test)
[00:00:02.872508100 / 00:00:00.001154900] [69827120 bytes] Before First Test Method Called (P\Tests\Feature\ExampleTest::setUpBeforeClass)
[00:00:02.873289100 / 00:00:00.000781000] [69827120 bytes] Before First Test Method Finished:
                                                           - P\Tests\Feature\ExampleTest::setUpBeforeClass
[00:00:02.874086200 / 00:00:00.000797100] [69827120 bytes] Test Preparation Started (P\Tests\Feature\ExampleTest::__pest_evaluable_returns_a_successful_response)
[00:00:02.888494600 / 00:00:00.014408400] [70565952 bytes] Before Test Method Called (P\Tests\Feature\ExampleTest::setUp)
[00:00:02.889555600 / 00:00:00.001061000] [70565952 bytes] Before Test Method Finished:
                                                           - P\Tests\Feature\ExampleTest::setUp
[00:00:02.890307800 / 00:00:00.000752200] [70265456 bytes] Test Prepared (P\Tests\Feature\ExampleTest::__pest_evaluable_returns_a_successful_response)
[00:00:02.894491300 / 00:00:00.004183500] [70334168 bytes] Post Condition Method Called (P\Tests\Feature\ExampleTest::__MarkTestIncompleteIfSnapshotHaveChanged)
[00:00:02.895450700 / 00:00:00.000959400] [70334168 bytes] Post Condition Method Finished:
                                                           - P\Tests\Feature\ExampleTest::__MarkTestIncompleteIfSnapshotHaveChanged
[00:00:02.896892200 / 00:00:00.001441500] [70334168 bytes] After Test Method Called (P\Tests\Feature\ExampleTest::tearDown)
[00:00:02.898061000 / 00:00:00.001168800] [70334168 bytes] After Test Method Finished:
                                                           - P\Tests\Feature\ExampleTest::tearDown
[00:00:02.898835400 / 00:00:00.000774400] [70334168 bytes] Test Passed (P\Tests\Feature\ExampleTest::__pest_evaluable_returns_a_successful_response)
[00:00:02.899748300 / 00:00:00.000912900] [70334168 bytes] Test Finished (P\Tests\Feature\ExampleTest::__pest_evaluable_returns_a_successful_response)
[00:00:02.900712200 / 00:00:00.000963900] [70334168 bytes] After Last Test Method Called (P\Tests\Feature\ExampleTest::tearDownAfterClass)
[00:00:02.901745900 / 00:00:00.001033700] [70334168 bytes] After Last Test Method Finished:
                                                           - P\Tests\Feature\ExampleTest::tearDownAfterClass
[00:00:02.902447900 / 00:00:00.000702000] [70334168 bytes] Test Suite Finished (P\Tests\Feature\ExampleTest, 1 test)
[00:00:02.904016100 / 00:00:00.001568200] [70334168 bytes] Test Suite Started (P\Tests\Feature\LaporanPageTest, 30 tests)
[00:00:02.905357300 / 00:00:00.001341200] [70334168 bytes] Before First Test Method Called (P\Tests\Feature\LaporanPageTest::setUpBeforeClass)
[00:00:02.905950700 / 00:00:00.000593400] [70334168 bytes] Before First Test Method Finished:
                                                           - P\Tests\Feature\LaporanPageTest::setUpBeforeClass
[00:00:02.906907600 / 00:00:00.000956900] [70334168 bytes] Test Preparation Started (P\Tests\Feature\LaporanPageTest::__pest_evaluable_guests_are_redirected_from_laporan_page)
[00:00:02.925896000 / 00:00:00.018988400] [71045136 bytes] Before Test Method Called (P\Tests\Feature\LaporanPageTest::setUp)
[00:00:02.926953800 / 00:00:00.001057800] [71045136 bytes] Before Test Method Finished:
                                                           - P\Tests\Feature\LaporanPageTest::setUp
[00:00:02.927826800 / 00:00:00.000873000] [65250336 bytes] Test Prepared (P\Tests\Feature\LaporanPageTest::__pest_evaluable_guests_are_redirected_from_laporan_page)
[00:00:02.932345600 / 00:00:00.004518800] [65511048 bytes] Post Condition Method Called (P\Tests\Feature\LaporanPageTest::__MarkTestIncompleteIfSnapshotHaveChanged)
[00:00:02.933375100 / 00:00:00.001029500] [65511048 bytes] Post Condition Method Finished:
                                                           - P\Tests\Feature\LaporanPageTest::__MarkTestIncompleteIfSnapshotHaveChanged
[00:00:02.934490600 / 00:00:00.001115500] [65511048 bytes] After Test Method Called (P\Tests\Feature\LaporanPageTest::tearDown)
[00:00:02.935453400 / 00:00:00.000962800] [65511048 bytes] After Test Method Finished:
                                                           - P\Tests\Feature\LaporanPageTest::tearDown
[00:00:02.936272600 / 00:00:00.000819200] [65511048 bytes] Test Passed (P\Tests\Feature\LaporanPageTest::__pest_evaluable_guests_are_redirected_from_laporan_page)
[00:00:02.937394900 / 00:00:00.001122300] [65511048 bytes] Test Finished (P\Tests\Feature\LaporanPageTest::__pest_evaluable_guests_are_redirected_from_laporan_page)
[00:00:02.938017500 / 00:00:00.000622600] [65511048 bytes] Test Preparation Started (P\Tests\Feature\LaporanPageTest::__pest_evaluable_cashier_cannot_access_laporan_page)
[00:00:02.951939300 / 00:00:00.013921800] [66193256 bytes] Before Test Method Called (P\Tests\Feature\LaporanPageTest::setUp)
[00:00:02.953104200 / 00:00:00.001164900] [66193256 bytes] Before Test Method Finished:
                                                           - P\Tests\Feature\LaporanPageTest::setUp
[00:00:02.954184800 / 00:00:00.001080600] [65896856 bytes] Test Prepared (P\Tests\Feature\LaporanPageTest::__pest_evaluable_cashier_cannot_access_laporan_page)
[00:00:02.959495300 / 00:00:00.005310500] [65990328 bytes] Test Errored (P\Tests\Feature\LaporanPageTest::__pest_evaluable_cashier_cannot_access_laporan_page)
                                                           Call to a member function all() on array
[00:00:02.961062100 / 00:00:00.001566800] [65990328 bytes] After Test Method Called (P\Tests\Feature\LaporanPageTest::tearDown)
[00:00:02.961702300 / 00:00:00.000640200] [65990328 bytes] After Test Method Finished:
                                                           - P\Tests\Feature\LaporanPageTest::tearDown
[00:00:02.962900900 / 00:00:00.001198600] [65990328 bytes] Test Finished (P\Tests\Feature\LaporanPageTest::__pest_evaluable_cashier_cannot_access_laporan_page)
[00:00:02.963932800 / 00:00:00.001031900] [65990328 bytes] Test Preparation Started (P\Tests\Feature\LaporanPageTest::__pest_evaluable_admin_can_access_laporan_page)
[00:00:02.979407100 / 00:00:00.015474300] [66746416 bytes] Before Test Method Called (P\Tests\Feature\LaporanPageTest::setUp)
[00:00:02.980361700 / 00:00:00.000954600] [66746416 bytes] Before Test Method Finished:
                                                           - P\Tests\Feature\LaporanPageTest::setUp
[00:00:02.981699600 / 00:00:00.001337900] [66450016 bytes] Test Prepared (P\Tests\Feature\LaporanPageTest::__pest_evaluable_admin_can_access_laporan_page)
[00:00:02.986196900 / 00:00:00.004497300] [66543480 bytes] Test Errored (P\Tests\Feature\LaporanPageTest::__pest_evaluable_admin_can_access_laporan_page)
                                                           Call to a member function all() on array
[00:00:02.987626500 / 00:00:00.001429600] [66543480 bytes] After Test Method Called (P\Tests\Feature\LaporanPageTest::tearDown)
[00:00:02.988506200 / 00:00:00.000879700] [66543480 bytes] After Test Method Finished:
                                                           - P\Tests\Feature\LaporanPageTest::tearDown
[00:00:02.989401200 / 00:00:00.000895000] [66543480 bytes] Test Finished (P\Tests\Feature\LaporanPageTest::__pest_evaluable_admin_can_access_laporan_page)
[00:00:02.989957800 / 00:00:00.000556600] [66543480 bytes] Test Preparation Started (P\Tests\Feature\LaporanPageTest::__pest_evaluable_pharmacist_can_access_laporan_page)
[00:00:03.003598700 / 00:00:00.013640900] [67303728 bytes] Before Test Method Called (P\Tests\Feature\LaporanPageTest::setUp)
[00:00:03.004579900 / 00:00:00.000981200] [67303728 bytes] Before Test Method Finished:
                                                           - P\Tests\Feature\LaporanPageTest::setUp
[00:00:03.005441800 / 00:00:00.000861900] [67007328 bytes] Test Prepared (P\Tests\Feature\LaporanPageTest::__pest_evaluable_pharmacist_can_access_laporan_page)
[00:00:03.016639400 / 00:00:00.011197600] [67100304 bytes] Test Errored (P\Tests\Feature\LaporanPageTest::__pest_evaluable_pharmacist_can_access_laporan_page)
                                                           Call to a member function all() on array
[00:00:03.018085800 / 00:00:00.001446400] [67100304 bytes] After Test Method Called (P\Tests\Feature\LaporanPageTest::tearDown)
[00:00:03.018974800 / 00:00:00.000889000] [67100304 bytes] After Test Method Finished:
                                                           - P\Tests\Feature\LaporanPageTest::tearDown
[00:00:03.020000900 / 00:00:00.001026100] [67100304 bytes] Test Finished (P\Tests\Feature\LaporanPageTest::__pest_evaluable_pharmacist_can_access_laporan_page)
[00:00:03.021127100 / 00:00:00.001126200] [67100304 bytes] Test Preparation Started (P\Tests\Feature\LaporanPageTest::__pest_evaluable_default_active_tab_is_penjualan_on_mount)
[00:00:03.034558200 / 00:00:00.013431100] [67856440 bytes] Before Test Method Called (P\Tests\Feature\LaporanPageTest::setUp)
[00:00:03.035661800 / 00:00:00.001103600] [67856440 bytes] Before Test Method Finished:
                                                           - P\Tests\Feature\LaporanPageTest::setUp
[00:00:03.036741800 / 00:00:00.001080000] [67560040 bytes] Test Prepared (P\Tests\Feature\LaporanPageTest::__pest_evaluable_default_active_tab_is_penjualan_on_mount)
[00:00:03.051957000 / 00:00:00.015215200] [68813288 bytes] Post Condition Method Called (P\Tests\Feature\LaporanPageTest::__MarkTestIncompleteIfSnapshotHaveChanged)
[00:00:03.052966400 / 00:00:00.001009400] [68813288 bytes] Post Condition Method Finished:
                                                           - P\Tests\Feature\LaporanPageTest::__MarkTestIncompleteIfSnapshotHaveChanged
[00:00:03.054429900 / 00:00:00.001463500] [68813288 bytes] After Test Method Called (P\Tests\Feature\LaporanPageTest::tearDown)
[00:00:03.055338700 / 00:00:00.000908800] [68813288 bytes] After Test Method Finished:
                                                           - P\Tests\Feature\LaporanPageTest::tearDown
[00:00:03.056007900 / 00:00:00.000669200] [68813288 bytes] Test Passed (P\Tests\Feature\LaporanPageTest::__pest_evaluable_default_active_tab_is_penjualan_on_mount)
[00:00:03.056941200 / 00:00:00.000933300] [68813288 bytes] Test Finished (P\Tests\Feature\LaporanPageTest::__pest_evaluable_default_active_tab_is_penjualan_on_mount)
[00:00:03.057515200 / 00:00:00.000574000] [68813288 bytes] Test Preparation Started (P\Tests\Feature\LaporanPageTest::__pest_evaluable_setTab_changes_active_tab_and_resets_filters)
[00:00:03.071343600 / 00:00:00.013828400] [68813288 bytes] Before Test Method Called (P\Tests\Feature\LaporanPageTest::setUp)
[00:00:03.072462200 / 00:00:00.001118600] [68813288 bytes] Before Test Method Finished:
                                                           - P\Tests\Feature\LaporanPageTest::setUp
[00:00:03.073553900 / 00:00:00.001091700] [68072304 bytes] Test Prepared (P\Tests\Feature\LaporanPageTest::__pest_evaluable_setTab_changes_active_tab_and_resets_filters)
[00:00:03.097266400 / 00:00:00.023712500] [69279160 bytes] Post Condition Method Called (P\Tests\Feature\LaporanPageTest::__MarkTestIncompleteIfSnapshotHaveChanged)
[00:00:03.098389600 / 00:00:00.001123200] [69279160 bytes] Post Condition Method Finished:
                                                           - P\Tests\Feature\LaporanPageTest::__MarkTestIncompleteIfSnapshotHaveChanged
[00:00:03.100164500 / 00:00:00.001774900] [69279160 bytes] After Test Method Called (P\Tests\Feature\LaporanPageTest::tearDown)
[00:00:03.100769000 / 00:00:00.000604500] [69279160 bytes] After Test Method Finished:
                                                           - P\Tests\Feature\LaporanPageTest::tearDown
[00:00:03.101660400 / 00:00:00.000891400] [69279160 bytes] Test Passed (P\Tests\Feature\LaporanPageTest::__pest_evaluable_setTab_changes_active_tab_and_resets_filters)
[00:00:03.102578400 / 00:00:00.000918000] [69279160 bytes] Test Finished (P\Tests\Feature\LaporanPageTest::__pest_evaluable_setTab_changes_active_tab_and_resets_filters)
[00:00:03.103663000 / 00:00:00.001084600] [69279160 bytes] Test Preparation Started (P\Tests\Feature\LaporanPageTest::__pest_evaluable_setTab_resets_dateFrom_and_dateTo)
[00:00:03.119789600 / 00:00:00.016126600] [69279160 bytes] Before Test Method Called (P\Tests\Feature\LaporanPageTest::setUp)
[00:00:03.120840400 / 00:00:00.001050800] [69279160 bytes] Before Test Method Finished:
                                                           - P\Tests\Feature\LaporanPageTest::setUp
[00:00:03.121774400 / 00:00:00.000934000] [68562936 bytes] Test Prepared (P\Tests\Feature\LaporanPageTest::__pest_evaluable_setTab_resets_dateFrom_and_dateTo)
[00:00:03.146676000 / 00:00:00.024901600] [69769776 bytes] Post Condition Method Called (P\Tests\Feature\LaporanPageTest::__MarkTestIncompleteIfSnapshotHaveChanged)
[00:00:03.147721300 / 00:00:00.001045300] [69769776 bytes] Post Condition Method Finished:
                                                           - P\Tests\Feature\LaporanPageTest::__MarkTestIncompleteIfSnapshotHaveChanged
[00:00:03.149075700 / 00:00:00.001354400] [69769776 bytes] After Test Method Called (P\Tests\Feature\LaporanPageTest::tearDown)
[00:00:03.150015200 / 00:00:00.000939500] [69769776 bytes] After Test Method Finished:
                                                           - P\Tests\Feature\LaporanPageTest::tearDown
[00:00:03.150836900 / 00:00:00.000821700] [69769776 bytes] Test Passed (P\Tests\Feature\LaporanPageTest::__pest_evaluable_setTab_resets_dateFrom_and_dateTo)
[00:00:03.151988600 / 00:00:00.001151700] [69769776 bytes] Test Finished (P\Tests\Feature\LaporanPageTest::__pest_evaluable_setTab_resets_dateFrom_and_dateTo)
[00:00:03.152996300 / 00:00:00.001007700] [69769776 bytes] Test Preparation Started (P\Tests\Feature\LaporanPageTest::__pest_evaluable_mount_sets_dateFrom_to_start_of_current_month)
[00:00:03.168496900 / 00:00:00.015500600] [69769776 bytes] Before Test Method Called (P\Tests\Feature\LaporanPageTest::setUp)
[00:00:03.169599800 / 00:00:00.001102900] [69769776 bytes] Before Test Method Finished:
                                                           - P\Tests\Feature\LaporanPageTest::setUp
[00:00:03.170732700 / 00:00:00.001132900] [69064048 bytes] Test Prepared (P\Tests\Feature\LaporanPageTest::__pest_evaluable_mount_sets_dateFrom_to_start_of_current_month)
[00:00:03.184397700 / 00:00:00.013665000] [70270688 bytes] Post Condition Method Called (P\Tests\Feature\LaporanPageTest::__MarkTestIncompleteIfSnapshotHaveChanged)
[00:00:03.185514400 / 00:00:00.001116700] [70270688 bytes] Post Condition Method Finished:
                                                           - P\Tests\Feature\LaporanPageTest::__MarkTestIncompleteIfSnapshotHaveChanged
[00:00:03.186829600 / 00:00:00.001315200] [70270688 bytes] After Test Method Called (P\Tests\Feature\LaporanPageTest::tearDown)
[00:00:03.187614500 / 00:00:00.000784900] [70270688 bytes] After Test Method Finished:
                                                           - P\Tests\Feature\LaporanPageTest::tearDown
[00:00:03.188253800 / 00:00:00.000639300] [70270688 bytes] Test Passed (P\Tests\Feature\LaporanPageTest::__pest_evaluable_mount_sets_dateFrom_to_start_of_current_month)
[00:00:03.189392800 / 00:00:00.001139000] [70270688 bytes] Test Finished (P\Tests\Feature\LaporanPageTest::__pest_evaluable_mount_sets_dateFrom_to_start_of_current_month)
[00:00:03.190265300 / 00:00:00.000872500] [70270688 bytes] Test Preparation Started (P\Tests\Feature\LaporanPageTest::__pest_evaluable_tab_penjualan_shows_sales_data)
[00:00:03.204862200 / 00:00:00.014596900] [70270688 bytes] Before Test Method Called (P\Tests\Feature\LaporanPageTest::setUp)
[00:00:03.205983100 / 00:00:00.001120900] [70270688 bytes] Before Test Method Finished:
                                                           - P\Tests\Feature\LaporanPageTest::setUp
[00:00:03.207095500 / 00:00:00.001112400] [69499136 bytes] Test Prepared (P\Tests\Feature\LaporanPageTest::__pest_evaluable_tab_penjualan_shows_sales_data)
[00:00:03.229537900 / 00:00:00.022442400] [70857424 bytes] Post Condition Method Called (P\Tests\Feature\LaporanPageTest::__MarkTestIncompleteIfSnapshotHaveChanged)
[00:00:03.230714800 / 00:00:00.001176900] [70857424 bytes] Post Condition Method Finished:
                                                           - P\Tests\Feature\LaporanPageTest::__MarkTestIncompleteIfSnapshotHaveChanged
[00:00:03.232140000 / 00:00:00.001425200] [70857424 bytes] After Test Method Called (P\Tests\Feature\LaporanPageTest::tearDown)
[00:00:03.233075100 / 00:00:00.000935100] [70857424 bytes] After Test Method Finished:
                                                           - P\Tests\Feature\LaporanPageTest::tearDown
[00:00:03.234351200 / 00:00:00.001276100] [70857424 bytes] Test Passed (P\Tests\Feature\LaporanPageTest::__pest_evaluable_tab_penjualan_shows_sales_data)
[00:00:03.235409400 / 00:00:00.001058200] [70857424 bytes] Test Finished (P\Tests\Feature\LaporanPageTest::__pest_evaluable_tab_penjualan_shows_sales_data)
[00:00:03.236435600 / 00:00:00.001026200] [70857424 bytes] Test Preparation Started (P\Tests\Feature\LaporanPageTest::__pest_evaluable_tab_penjualan_filters_by_payment_method)
[00:00:03.250920400 / 00:00:00.014484800] [70857424 bytes] Before Test Method Called (P\Tests\Feature\LaporanPageTest::setUp)
[00:00:03.251983600 / 00:00:00.001063200] [70857424 bytes] Before Test Method Finished:
                                                           - P\Tests\Feature\LaporanPageTest::setUp
[00:00:03.253316300 / 00:00:00.001332700] [66618824 bytes] Test Prepared (P\Tests\Feature\LaporanPageTest::__pest_evaluable_tab_penjualan_filters_by_payment_method)
[00:00:03.273976700 / 00:00:00.020660400] [67854752 bytes] Post Condition Method Called (P\Tests\Feature\LaporanPageTest::__MarkTestIncompleteIfSnapshotHaveChanged)
[00:00:03.275062000 / 00:00:00.001085300] [67854752 bytes] Post Condition Method Finished:
                                                           - P\Tests\Feature\LaporanPageTest::__MarkTestIncompleteIfSnapshotHaveChanged
[00:00:03.276486400 / 00:00:00.001424400] [67854752 bytes] After Test Method Called (P\Tests\Feature\LaporanPageTest::tearDown)
[00:00:03.277404800 / 00:00:00.000918400] [67854752 bytes] After Test Method Finished:
                                                           - P\Tests\Feature\LaporanPageTest::tearDown
[00:00:03.278270000 / 00:00:00.000865200] [67854752 bytes] Test Passed (P\Tests\Feature\LaporanPageTest::__pest_evaluable_tab_penjualan_filters_by_payment_method)
[00:00:03.279292100 / 00:00:00.001022100] [67854752 bytes] Test Finished (P\Tests\Feature\LaporanPageTest::__pest_evaluable_tab_penjualan_filters_by_payment_method)
[00:00:03.280149700 / 00:00:00.000857600] [67854752 bytes] Test Preparation Started (P\Tests\Feature\LaporanPageTest::__pest_evaluable_tab_penjualan_filters_by_date_range)
[00:00:03.294729700 / 00:00:00.014580000] [67854752 bytes] Before Test Method Called (P\Tests\Feature\LaporanPageTest::setUp)
[00:00:03.295771500 / 00:00:00.001041800] [67854752 bytes] Before Test Method Finished:
                                                           - P\Tests\Feature\LaporanPageTest::setUp
[00:00:03.296777000 / 00:00:00.001005500] [67094560 bytes] Test Prepared (P\Tests\Feature\LaporanPageTest::__pest_evaluable_tab_penjualan_filters_by_date_range)
[00:00:03.321175600 / 00:00:00.024398600] [68325400 bytes] Post Condition Method Called (P\Tests\Feature\LaporanPageTest::__MarkTestIncompleteIfSnapshotHaveChanged)
[00:00:03.322236900 / 00:00:00.001061300] [68325400 bytes] Post Condition Method Finished:
                                                           - P\Tests\Feature\LaporanPageTest::__MarkTestIncompleteIfSnapshotHaveChanged
[00:00:03.323657300 / 00:00:00.001420400] [68325400 bytes] After Test Method Called (P\Tests\Feature\LaporanPageTest::tearDown)
[00:00:03.324646300 / 00:00:00.000989000] [68325400 bytes] After Test Method Finished:
                                                           - P\Tests\Feature\LaporanPageTest::tearDown
[00:00:03.325811500 / 00:00:00.001165200] [68325400 bytes] Test Passed (P\Tests\Feature\LaporanPageTest::__pest_evaluable_tab_penjualan_filters_by_date_range)
[00:00:03.326724000 / 00:00:00.000912500] [68325400 bytes] Test Finished (P\Tests\Feature\LaporanPageTest::__pest_evaluable_tab_penjualan_filters_by_date_range)
[00:00:03.327789800 / 00:00:00.001065800] [68325400 bytes] Test Preparation Started (P\Tests\Feature\LaporanPageTest::__pest_evaluable_sales_summary_counts_and_sums_correctly)
[00:00:03.341418500 / 00:00:00.013628700] [68325400 bytes] Before Test Method Called (P\Tests\Feature\LaporanPageTest::setUp)
[00:00:03.342564700 / 00:00:00.001146200] [68325400 bytes] Before Test Method Finished:
                                                           - P\Tests\Feature\LaporanPageTest::setUp
[00:00:03.343589800 / 00:00:00.001025100] [67585024 bytes] Test Prepared (P\Tests\Feature\LaporanPageTest::__pest_evaluable_sales_summary_counts_and_sums_correctly)
[00:00:03.360517000 / 00:00:00.016927200] [68827088 bytes] Post Condition Method Called (P\Tests\Feature\LaporanPageTest::__MarkTestIncompleteIfSnapshotHaveChanged)
[00:00:03.361650000 / 00:00:00.001133000] [68827088 bytes] Post Condition Method Finished:
                                                           - P\Tests\Feature\LaporanPageTest::__MarkTestIncompleteIfSnapshotHaveChanged
[00:00:03.362965100 / 00:00:00.001315100] [68827088 bytes] After Test Method Called (P\Tests\Feature\LaporanPageTest::tearDown)
[00:00:03.363960900 / 00:00:00.000995800] [68827088 bytes] After Test Method Finished:
                                                           - P\Tests\Feature\LaporanPageTest::tearDown
[00:00:03.364610700 / 00:00:00.000649800] [68827088 bytes] Test Passed (P\Tests\Feature\LaporanPageTest::__pest_evaluable_sales_summary_counts_and_sums_correctly)
[00:00:03.365818700 / 00:00:00.001208000] [68827088 bytes] Test Finished (P\Tests\Feature\LaporanPageTest::__pest_evaluable_sales_summary_counts_and_sums_correctly)
[00:00:03.366628800 / 00:00:00.000810100] [68827088 bytes] Test Preparation Started (P\Tests\Feature\LaporanPageTest::__pest_evaluable_penjualan_csv_export_downloads_a_csv_file)
[00:00:03.381229900 / 00:00:00.014601100] [68827088 bytes] Before Test Method Called (P\Tests\Feature\LaporanPageTest::setUp)
[00:00:03.382242800 / 00:00:00.001012900] [68827088 bytes] Before Test Method Finished:
                                                           - P\Tests\Feature\LaporanPageTest::setUp
[00:00:03.382957100 / 00:00:00.000714300] [68036160 bytes] Test Prepared (P\Tests\Feature\LaporanPageTest::__pest_evaluable_penjualan_csv_export_downloads_a_csv_file)
[00:00:03.403777600 / 00:00:00.020820500] [69259064 bytes] Post Condition Method Called (P\Tests\Feature\LaporanPageTest::__MarkTestIncompleteIfSnapshotHaveChanged)
[00:00:03.404848700 / 00:00:00.001071100] [69259064 bytes] Post Condition Method Finished:
                                                           - P\Tests\Feature\LaporanPageTest::__MarkTestIncompleteIfSnapshotHaveChanged
[00:00:03.406332200 / 00:00:00.001483500] [69259064 bytes] After Test Method Called (P\Tests\Feature\LaporanPageTest::tearDown)
[00:00:03.407295200 / 00:00:00.000963000] [69259064 bytes] After Test Method Finished:
                                                           - P\Tests\Feature\LaporanPageTest::tearDown
[00:00:03.408169000 / 00:00:00.000873800] [69259064 bytes] Test Passed (P\Tests\Feature\LaporanPageTest::__pest_evaluable_penjualan_csv_export_downloads_a_csv_file)
[00:00:03.408991700 / 00:00:00.000822700] [69259064 bytes] Test Finished (P\Tests\Feature\LaporanPageTest::__pest_evaluable_penjualan_csv_export_downloads_a_csv_file)
[00:00:03.410457800 / 00:00:00.001466100] [69259064 bytes] Test Preparation Started (P\Tests\Feature\LaporanPageTest::__pest_evaluable_tab_stok_shows_mutation_data)
[00:00:03.425140100 / 00:00:00.014682300] [69259064 bytes] Before Test Method Called (P\Tests\Feature\LaporanPageTest::setUp)
[00:00:03.426184300 / 00:00:00.001044200] [69259064 bytes] Before Test Method Finished:
                                                           - P\Tests\Feature\LaporanPageTest::setUp
[00:00:03.427388600 / 00:00:00.001204300] [68544512 bytes] Test Prepared (P\Tests\Feature\LaporanPageTest::__pest_evaluable_tab_stok_shows_mutation_data)
[00:00:03.448751900 / 00:00:00.021363300] [69789248 bytes] Post Condition Method Called (P\Tests\Feature\LaporanPageTest::__MarkTestIncompleteIfSnapshotHaveChanged)
[00:00:03.449987000 / 00:00:00.001235100] [69789248 bytes] Post Condition Method Finished:
                                                           - P\Tests\Feature\LaporanPageTest::__MarkTestIncompleteIfSnapshotHaveChanged
[00:00:03.452973000 / 00:00:00.002986000] [69789248 bytes] After Test Method Called (P\Tests\Feature\LaporanPageTest::tearDown)
[00:00:03.454017400 / 00:00:00.001044400] [69789248 bytes] After Test Method Finished:
                                                           - P\Tests\Feature\LaporanPageTest::tearDown
[00:00:03.454718900 / 00:00:00.000701500] [69789248 bytes] Test Passed (P\Tests\Feature\LaporanPageTest::__pest_evaluable_tab_stok_shows_mutation_data)
[00:00:03.455942900 / 00:00:00.001224000] [69789248 bytes] Test Finished (P\Tests\Feature\LaporanPageTest::__pest_evaluable_tab_stok_shows_mutation_data)
[00:00:03.456780600 / 00:00:00.000837700] [69789248 bytes] Test Preparation Started (P\Tests\Feature\LaporanPageTest::__pest_evaluable_tab_stok_filters_by_mutation_type)
[00:00:03.471341000 / 00:00:00.014560400] [69789248 bytes] Before Test Method Called (P\Tests\Feature\LaporanPageTest::setUp)
[00:00:03.472377600 / 00:00:00.001036600] [69789248 bytes] Before Test Method Finished:
                                                           - P\Tests\Feature\LaporanPageTest::setUp
[00:00:03.473242100 / 00:00:00.000864500] [69032416 bytes] Test Prepared (P\Tests\Feature\LaporanPageTest::__pest_evaluable_tab_stok_filters_by_mutation_type)
[00:00:03.500232800 / 00:00:00.026990700] [70263360 bytes] Post Condition Method Called (P\Tests\Feature\LaporanPageTest::__MarkTestIncompleteIfSnapshotHaveChanged)
[00:00:03.501399700 / 00:00:00.001166900] [70263360 bytes] Post Condition Method Finished:
                                                           - P\Tests\Feature\LaporanPageTest::__MarkTestIncompleteIfSnapshotHaveChanged
[00:00:03.502996900 / 00:00:00.001597200] [70263360 bytes] After Test Method Called (P\Tests\Feature\LaporanPageTest::tearDown)
[00:00:03.503896700 / 00:00:00.000899800] [70263360 bytes] After Test Method Finished:
                                                           - P\Tests\Feature\LaporanPageTest::tearDown
[00:00:03.504894600 / 00:00:00.000997900] [70263360 bytes] Test Passed (P\Tests\Feature\LaporanPageTest::__pest_evaluable_tab_stok_filters_by_mutation_type)
[00:00:03.505661500 / 00:00:00.000766900] [70263360 bytes] Test Finished (P\Tests\Feature\LaporanPageTest::__pest_evaluable_tab_stok_filters_by_mutation_type)
[00:00:03.506369700 / 00:00:00.000708200] [70263360 bytes] Test Preparation Started (P\Tests\Feature\LaporanPageTest::__pest_evaluable_mutations_summary_aggregates_in_and_out_correctly)
[00:00:03.521218300 / 00:00:00.014848600] [70263360 bytes] Before Test Method Called (P\Tests\Feature\LaporanPageTest::setUp)
[00:00:03.522277300 / 00:00:00.001059000] [70263360 bytes] Before Test Method Finished:
                                                           - P\Tests\Feature\LaporanPageTest::setUp
[00:00:03.523298100 / 00:00:00.001020800] [67084104 bytes] Test Prepared (P\Tests\Feature\LaporanPageTest::__pest_evaluable_mutations_summary_aggregates_in_and_out_correctly)
[00:00:03.543316400 / 00:00:00.020018300] [68314720 bytes] Post Condition Method Called (P\Tests\Feature\LaporanPageTest::__MarkTestIncompleteIfSnapshotHaveChanged)
[00:00:03.544376100 / 00:00:00.001059700] [68314720 bytes] Post Condition Method Finished:
                                                           - P\Tests\Feature\LaporanPageTest::__MarkTestIncompleteIfSnapshotHaveChanged
[00:00:03.545672800 / 00:00:00.001296700] [68314720 bytes] After Test Method Called (P\Tests\Feature\LaporanPageTest::tearDown)
[00:00:03.546562800 / 00:00:00.000890000] [68314720 bytes] After Test Method Finished:
                                                           - P\Tests\Feature\LaporanPageTest::tearDown
[00:00:03.547283600 / 00:00:00.000720800] [68314720 bytes] Test Passed (P\Tests\Feature\LaporanPageTest::__pest_evaluable_mutations_summary_aggregates_in_and_out_correctly)
[00:00:03.549152300 / 00:00:00.001868700] [68314720 bytes] Test Finished (P\Tests\Feature\LaporanPageTest::__pest_evaluable_mutations_summary_aggregates_in_and_out_correctly)
[00:00:03.550181900 / 00:00:00.001029600] [68314720 bytes] Test Preparation Started (P\Tests\Feature\LaporanPageTest::__pest_evaluable_mutations_csv_export_downloads_a_csv_file)
[00:00:03.565026800 / 00:00:00.014844900] [68314720 bytes] Before Test Method Called (P\Tests\Feature\LaporanPageTest::setUp)
[00:00:03.566195900 / 00:00:00.001169100] [68314720 bytes] Before Test Method Finished:
                                                           - P\Tests\Feature\LaporanPageTest::setUp
[00:00:03.567238400 / 00:00:00.001042500] [67556608 bytes] Test Prepared (P\Tests\Feature\LaporanPageTest::__pest_evaluable_mutations_csv_export_downloads_a_csv_file)
[00:00:03.591447900 / 00:00:00.024209500] [68785368 bytes] Post Condition Method Called (P\Tests\Feature\LaporanPageTest::__MarkTestIncompleteIfSnapshotHaveChanged)
[00:00:03.593814500 / 00:00:00.002366600] [68785368 bytes] Post Condition Method Finished:
                                                           - P\Tests\Feature\LaporanPageTest::__MarkTestIncompleteIfSnapshotHaveChanged
[00:00:03.595222200 / 00:00:00.001407700] [68785368 bytes] After Test Method Called (P\Tests\Feature\LaporanPageTest::tearDown)
[00:00:03.596138100 / 00:00:00.000915900] [68785368 bytes] After Test Method Finished:
                                                           - P\Tests\Feature\LaporanPageTest::tearDown
[00:00:03.596966200 / 00:00:00.000828100] [68785368 bytes] Test Passed (P\Tests\Feature\LaporanPageTest::__pest_evaluable_mutations_csv_export_downloads_a_csv_file)
[00:00:03.597765000 / 00:00:00.000798800] [68785368 bytes] Test Finished (P\Tests\Feature\LaporanPageTest::__pest_evaluable_mutations_csv_export_downloads_a_csv_file)
[00:00:03.598708800 / 00:00:00.000943800] [68785368 bytes] Test Preparation Started (P\Tests\Feature\LaporanPageTest::__pest_evaluable_tab_pendapatan_shows_payment_method_cards)
[00:00:03.612497500 / 00:00:00.013788700] [68785368 bytes] Before Test Method Called (P\Tests\Feature\LaporanPageTest::setUp)
[00:00:03.613789500 / 00:00:00.001292000] [68785368 bytes] Before Test Method Finished:
                                                           - P\Tests\Feature\LaporanPageTest::setUp
[00:00:03.614166600 / 00:00:00.000377100] [68048000 bytes] Test Prepared (P\Tests\Feature\LaporanPageTest::__pest_evaluable_tab_pendapatan_shows_payment_method_cards)
[00:00:03.634301600 / 00:00:00.020135000] [69289872 bytes] Post Condition Method Called (P\Tests\Feature\LaporanPageTest::__MarkTestIncompleteIfSnapshotHaveChanged)
[00:00:03.635271400 / 00:00:00.000969800] [69289872 bytes] Post Condition Method Finished:
                                                           - P\Tests\Feature\LaporanPageTest::__MarkTestIncompleteIfSnapshotHaveChanged
[00:00:03.636535400 / 00:00:00.001264000] [69289872 bytes] After Test Method Called (P\Tests\Feature\LaporanPageTest::tearDown)
[00:00:03.637318400 / 00:00:00.000783000] [69289872 bytes] After Test Method Finished:
                                                           - P\Tests\Feature\LaporanPageTest::tearDown
[00:00:03.638169400 / 00:00:00.000851000] [69289872 bytes] Test Passed (P\Tests\Feature\LaporanPageTest::__pest_evaluable_tab_pendapatan_shows_payment_method_cards)
[00:00:03.638893100 / 00:00:00.000723700] [69289872 bytes] Test Finished (P\Tests\Feature\LaporanPageTest::__pest_evaluable_tab_pendapatan_shows_payment_method_cards)
[00:00:03.639785100 / 00:00:00.000892000] [69289872 bytes] Test Preparation Started (P\Tests\Feature\LaporanPageTest::__pest_evaluable_payment_summary_groups_totals_correctly_by_method)
[00:00:03.653811500 / 00:00:00.014026400] [69289872 bytes] Before Test Method Called (P\Tests\Feature\LaporanPageTest::setUp)
[00:00:03.654774500 / 00:00:00.000963000] [69289872 bytes] Before Test Method Finished:
                                                           - P\Tests\Feature\LaporanPageTest::setUp
[00:00:03.655744700 / 00:00:00.000970200] [68519432 bytes] Test Prepared (P\Tests\Feature\LaporanPageTest::__pest_evaluable_payment_summary_groups_totals_correctly_by_method)
[00:00:03.683158900 / 00:00:00.027414200] [69761680 bytes] Post Condition Method Called (P\Tests\Feature\LaporanPageTest::__MarkTestIncompleteIfSnapshotHaveChanged)
[00:00:03.684301000 / 00:00:00.001142100] [69761680 bytes] Post Condition Method Finished:
                                                           - P\Tests\Feature\LaporanPageTest::__MarkTestIncompleteIfSnapshotHaveChanged
[00:00:03.685653300 / 00:00:00.001352300] [69761680 bytes] After Test Method Called (P\Tests\Feature\LaporanPageTest::tearDown)
[00:00:03.686722700 / 00:00:00.001069400] [69761680 bytes] After Test Method Finished:
                                                           - P\Tests\Feature\LaporanPageTest::tearDown
[00:00:03.688226700 / 00:00:00.001504000] [69761680 bytes] Test Passed (P\Tests\Feature\LaporanPageTest::__pest_evaluable_payment_summary_groups_totals_correctly_by_method)
[00:00:03.689179600 / 00:00:00.000952900] [69761680 bytes] Test Finished (P\Tests\Feature\LaporanPageTest::__pest_evaluable_payment_summary_groups_totals_correctly_by_method)
[00:00:03.690359800 / 00:00:00.001180200] [69761680 bytes] Test Preparation Started (P\Tests\Feature\LaporanPageTest::__pest_evaluable_payment_csv_export_downloads_a_csv_file)
[00:00:03.704531000 / 00:00:00.014171200] [69761680 bytes] Before Test Method Called (P\Tests\Feature\LaporanPageTest::setUp)
[00:00:03.705685300 / 00:00:00.001154300] [69761680 bytes] Before Test Method Finished:
                                                           - P\Tests\Feature\LaporanPageTest::setUp
[00:00:03.706689300 / 00:00:00.001004000] [69002208 bytes] Test Prepared (P\Tests\Feature\LaporanPageTest::__pest_evaluable_payment_csv_export_downloads_a_csv_file)
[00:00:03.726760100 / 00:00:00.020070800] [70208808 bytes] Post Condition Method Called (P\Tests\Feature\LaporanPageTest::__MarkTestIncompleteIfSnapshotHaveChanged)
[00:00:03.727816300 / 00:00:00.001056200] [70208808 bytes] Post Condition Method Finished:
                                                           - P\Tests\Feature\LaporanPageTest::__MarkTestIncompleteIfSnapshotHaveChanged
[00:00:03.729042500 / 00:00:00.001226200] [70208808 bytes] After Test Method Called (P\Tests\Feature\LaporanPageTest::tearDown)
[00:00:03.731206300 / 00:00:00.002163800] [70208808 bytes] After Test Method Finished:
                                                           - P\Tests\Feature\LaporanPageTest::tearDown
[00:00:03.732363600 / 00:00:00.001157300] [70208808 bytes] Test Passed (P\Tests\Feature\LaporanPageTest::__pest_evaluable_payment_csv_export_downloads_a_csv_file)
[00:00:03.733233900 / 00:00:00.000870300] [70208808 bytes] Test Finished (P\Tests\Feature\LaporanPageTest::__pest_evaluable_payment_csv_export_downloads_a_csv_file)
[00:00:03.734046800 / 00:00:00.000812900] [70208808 bytes] Test Preparation Started (P\Tests\Feature\LaporanPageTest::__pest_evaluable_tab_kedaluwarsa_shows_expiring_medicines)
[00:00:03.748598000 / 00:00:00.014551200] [70208808 bytes] Before Test Method Called (P\Tests\Feature\LaporanPageTest::setUp)
[00:00:03.750006600 / 00:00:00.001408600] [70208808 bytes] Before Test Method Finished:
                                                           - P\Tests\Feature\LaporanPageTest::setUp
[00:00:03.750868900 / 00:00:00.000862300] [69462104 bytes] Test Prepared (P\Tests\Feature\LaporanPageTest::__pest_evaluable_tab_kedaluwarsa_shows_expiring_medicines)
[00:00:03.774317500 / 00:00:00.023448600] [70688376 bytes] Test Failed (P\Tests\Feature\LaporanPageTest::__pest_evaluable_tab_kedaluwarsa_shows_expiring_medicines)
                                                           Failed asserting that '"xUOSGusqI51SFiwLF82Y" wire:name="laporan.laporan-page">\n
                                                               <div class="mb-6 flex flex-col gap-4 sm:flex-row sm:items-center sm:justify-between">\n
                                                                   <div>\n
                                                                       <h2 class="text-2xl font-bold text-[var(--color-ink)]">Laporan</h2>\n
                                                                       <p class="mt-1 text-sm font-semibold text-[var(--color-muted)]">Laporan operasional apotek</p>\n
                                                                   </div>\n
                                                               </div>\n
                                                           \n
                                                               <div class="mb-6 overflow-x-auto">\n
                                                                   <div class="flex flex-wrap gap-2.5 pb-2 pt-1 px-1">\n
                                                                       <button\n
                                                                           type="button"\n
                                                                           wire:click="setTab('penjualan')"\n
                                                                           class="px-4 py-2.5 text-sm font-bold cursor-pointer transition-all duration-150 btn-brutal btn-secondary shadow-[2px_2px_0_var(--color-brutal)] bg-[var(--color-surface)] text-[var(--color-ink)]"\n
                                                                       >\n
                                                                           Penjualan\n
                                                                       </button>\n
                                                           \n
                                                                       <button\n
                                                                           type="button"\n
                                                                           wire:click="setTab('stok')"\n
                                                                           class="px-4 py-2.5 text-sm font-bold cursor-pointer transition-all duration-150 btn-brutal btn-secondary shadow-[2px_2px_0_var(--color-brutal)] bg-[var(--color-surface)] text-[var(--color-ink)]"\n
                                                                       >\n
                                                                           Stok &amp; Mutasi\n
                                                                       </button>\n
                                                           \n
                                                                       <button\n
                                                                           type="button"\n
                                                                           wire:click="setTab('pendapatan')"\n
                                                                           class="px-4 py-2.5 text-sm font-bold cursor-pointer transition-all duration-150 btn-brutal btn-secondary shadow-[2px_2px_0_var(--color-brutal)] bg-[var(--color-surface)] text-[var(--color-ink)]"\n
                                                                       >\n
                                                                           Pendapatan per Metode\n
                                                                       </button>\n
                                                           \n
                                                                       <button\n
                                                                           type="button"\n
                                                                           wire:click="setTab('kedaluwarsa')"\n
                                                                           class="px-4 py-2.5 text-sm font-bold cursor-pointer transition-all duration-150 btn-brutal btn-primary shadow-[2px_2px_0_var(--color-brutal)]"\n
                                                                       >\n
                                                                           Obat Kedaluwarsa &amp; Low Stock\n
                                                                       </button>\n
                                                                   </div>\n
                                                               </div>\n
                                                           \n
                                                               <!--[if BLOCK]><![endif]-->        \n
                                                                   <div class="mb-4 flex items-center justify-between flex-wrap gap-4">\n
                                                                       <h3 class="text-base font-bold text-[var(--color-ink)]">Obat Hampir Kedaluwarsa</h3>\n
                                                                       <div x-data="{ open: false }" class="relative inline-block text-left">\n
                                                               <button\n
                                                                   type="button"\n
                                                                   @click="open = !open"\n
                                                                   @click.away="open = false"\n
                                                                   class="btn-brutal btn-secondary flex items-center gap-2 px-4 py-2.5 text-sm font-bold cursor-pointer shadow-[2px_2px_0_var(--color-brutal)]"\n
                                                               >\n
                                                                   <span>Export Laporan</span>\n
                                                                   <svg xmlns="http://www.w3.org/2000/svg" class="h-4 w-4 transition-transform duration-200" :class="{ 'rotate-180': open }" viewBox="0 0 20 20" fill="currentColor">\n
                                                                       <path fill-rule="evenodd" d="M5.293 7.293a1 1 0 011.414 0L10 10.586l3.293-3.293a1 1 0 111.414 1.414l-4 4a1 1 0 01-1.414 0l-4-4a1 1 0 010-1.414z" clip-rule="evenodd" />\n
                                                                   </svg>\n
                                                               </button>\n
                                                           \n
                                                               <div\n
                                                                   x-show="open"\n
                                                                   x-transition:enter="transition ease-out duration-100"\n
                                                                   x-transition:enter-start="transform opacity-0 scale-95"\n
                                                                   x-transition:enter-end="transform opacity-100 scale-100"\n
                                                                   x-transition:leave="transition ease-in duration-75"\n
                                                                   x-transition:leave-start="transform opacity-100 scale-100"\n
                                                                   x-transition:leave-end="transform opacity-0 scale-95"\n
                                                                   class="absolute right-0 z-50 mt-2 w-48 origin-top-right rounded-none border-2 border-[var(--color-brutal)] bg-[var(--color-surface)] shadow-[4px_4px_0_var(--color-brutal)]"\n
                                                                   style="display: none;"\n
                                                               >\n
                                                                   <div class="py-1">\n
                                                                       <button\n
                                                                           type="button"\n
                                                                           wire:click="exportExpiringCsv"\n
                                                                           @click="open = false"\n
                                                                           class="block w-full px-4 py-2 text-left text-sm font-bold text-[var(--color-ink)] hover:bg-[var(--color-primary-soft)] transition-colors"\n
                                                                       >\n
                                                                           Export sebagai CSV\n
                                                                       </button>\n
                                                                       <button\n
                                                                           type="button"\n
                                                                           wire:click="exportExpiringPdf"\n
                                                                           @click="open = false"\n
                                                                           class="block w-full px-4 py-2 text-left text-sm font-bold text-[var(--color-ink)] hover:bg-[var(--color-primary-soft)] transition-colors border-t-2 border-[var(--color-brutal)]"\n
                                                                       >\n
                                                                           Export sebagai PDF\n
                                                                       </button>\n
                                                                   </div>\n
                                                               </div>\n
                                                           </div>\n
                                                                   </div>\n
                                                           \n
                                                                   <div class="overflow-hidden card-brutal bg-[var(--color-surface)]">\n
                                                                       <div class="overflow-x-auto">\n
                                                                           <table class="min-w-full divide-y-2 divide-[var(--color-brutal)] text-sm">\n
                                                                               <thead class="bg-[var(--color-surface-muted)] text-[var(--color-ink)]">\n
                                                                                   <tr>\n
                                                                                       <th scope="col" class="px-4 py-3 text-left font-bold">Nama Obat</th>\n
                                                                                       <th scope="col" class="px-4 py-3 text-left font-bold">Nama Generik</th>\n
                                                                                       <th scope="col" class="px-4 py-3 text-left font-bold">Kategori</th>\n
                                                                                       <th scope="col" class="px-4 py-3 text-center font-bold">Stok</th>\n
                                                                                       <th scope="col" class="px-4 py-3 text-left font-bold">Tanggal Kedaluwarsa</th>\n
                                                                                       <th scope="col" class="px-4 py-3 text-center font-bold">Sisa Hari</th>\n
                                                                                       <th scope="col" class="px-4 py-3 text-center font-bold">Status</th>\n
                                                                                   </tr>\n
                                                                               </thead>\n
                                                                               <tbody class="divide-y-2 divide-[var(--color-brutal)]">\n
                                                                                   <!--[if BLOCK]><![endif]-->                                                        <tr wire:key="expiring-1" class="transition-colors hover:bg-[var(--color-primary-soft)]">\n
                                                                                           <td class="px-4 py-3 font-bold text-[var(--color-ink)]">Obat Mau Kadaluarsa</td>\n
                                                                                           <td class="px-4 py-3 text-[var(--color-muted)] font-semibold">et commodi</td>\n
                                                                                           <td class="px-4 py-3 text-[var(--color-muted)] font-semibold">Sistem Pernapasan</td>\n
                                                                                           <td class="px-4 py-3 text-center text-[var(--color-ink)] font-bold">58</td>\n
                                                                                           <td class="whitespace-nowrap px-4 py-3 text-[var(--color-ink)] font-semibold">\n
                                                                                               30 Jul 2026\n
                                                                                           </td>\n
                                                                                           <td class="px-4 py-3 text-center font-extrabold text-[var(--color-ink)]">20</td>\n
                                                                                           <td class="px-4 py-3 text-center">\n
                                                                                               <span class="badge-brutal px-2.5 py-0.5 text-xs font-bold shadow-[1px_1px_0_var(--color-brutal)] bg-[var(--color-danger-soft)] text-[var(--color-danger)]">\n
                                                                                                   Kritis\n
                                                                                               </span>\n
                                                                                           </td>\n
                                                                                       </tr>\n
                                                                                   <!--[if ENDBLOCK]><![endif]-->                    </tbody>\n
                                                                           </table>\n
                                                                       </div>\n
                                                                   </div>\n
                                                           \n
                                                                   <div class="my-6 border-t-2 border-[var(--color-brutal)]"></div>\n
                                                           \n
                                                                   \n
                                                                   <div class="mb-4 flex items-center justify-between flex-wrap gap-4">\n
                                                                       <h3 class="text-base font-bold text-[var(--color-ink)]">Obat Stok Menipis</h3>\n
                                                                       <div x-data="{ open: false }" class="relative inline-block text-left">\n
                                                               <button\n
                                                                   type="button"\n
                                                                   @click="open = !open"\n
                                                                   @click.away="open = false"\n
                                                                   class="btn-brutal btn-secondary flex items-center gap-2 px-4 py-2.5 text-sm font-bold cursor-pointer shadow-[2px_2px_0_var(--color-brutal)]"\n
                                                               >\n
                                                                   <span>Export Laporan</span>\n
                                                                   <svg xmlns="http://www.w3.org/2000/svg" class="h-4 w-4 transition-transform duration-200" :class="{ 'rotate-180': open }" viewBox="0 0 20 20" fill="currentColor">\n
                                                                       <path fill-rule="evenodd" d="M5.293 7.293a1 1 0 011.414 0L10 10.586l3.293-3.293a1 1 0 111.414 1.414l-4 4a1 1 0 01-1.414 0l-4-4a1 1 0 010-1.414z" clip-rule="evenodd" />\n
                                                                   </svg>\n
                                                               </button>\n
                                                           \n
                                                               <div\n
                                                                   x-show="open"\n
                                                                   x-transition:enter="transition ease-out duration-100"\n
                                                                   x-transition:enter-start="transform opacity-0 scale-95"\n
                                                                   x-transition:enter-end="transform opacity-100 scale-100"\n
                                                                   x-transition:leave="transition ease-in duration-75"\n
                                                                   x-transition:leave-start="transform opacity-100 scale-100"\n
                                                                   x-transition:leave-end="transform opacity-0 scale-95"\n
                                                                   class="absolute right-0 z-50 mt-2 w-48 origin-top-right rounded-none border-2 border-[var(--color-brutal)] bg-[var(--color-surface)] shadow-[4px_4px_0_var(--color-brutal)]"\n
                                                                   style="display: none;"\n
                                                               >\n
                                                                   <div class="py-1">\n
                                                                       <button\n
                                                                           type="button"\n
                                                                           wire:click="exportLowStockCsv"\n
                                                                           @click="open = false"\n
                                                                           class="block w-full px-4 py-2 text-left text-sm font-bold text-[var(--color-ink)] hover:bg-[var(--color-primary-soft)] transition-colors"\n
                                                                       >\n
                                                                           Export sebagai CSV\n
                                                                       </button>\n
                                                                       <button\n
                                                                           type="button"\n
                                                                           wire:click="exportLowStockPdf"\n
                                                                           @click="open = false"\n
                                                                           class="block w-full px-4 py-2 text-left text-sm font-bold text-[var(--color-ink)] hover:bg-[var(--color-primary-soft)] transition-colors border-t-2 border-[var(--color-brutal)]"\n
                                                                       >\n
                                                                           Export sebagai PDF\n
                                                                       </button>\n
                                                                   </div>\n
                                                               </div>\n
                                                           </div>\n
                                                                   </div>\n
                                                           \n
                                                                   <div class="overflow-hidden card-brutal bg-[var(--color-surface)]">\n
                                                                       <div class="overflow-x-auto">\n
                                                                           <table class="min-w-full divide-y-2 divide-[var(--color-brutal)] text-sm">\n
                                                                               <thead class="bg-[var(--color-surface-muted)] text-[var(--color-ink)]">\n
                                                                                   <tr>\n
                                                                                       <th scope="col" class="px-4 py-3 text-left font-bold">Nama Obat</th>\n
                                                                                       <th scope="col" class="px-4 py-3 text-left font-bold">Nama Generik</th>\n
                                                                                       <th scope="col" class="px-4 py-3 text-left font-bold">Kategori</th>\n
                                                                                       <th scope="col" class="px-4 py-3 text-center font-bold">Stok Saat Ini</th>\n
                                                                                       <th scope="col" class="px-4 py-3 text-center font-bold">Min. Stok</th>\n
                                                                                       <th scope="col" class="px-4 py-3 text-center font-bold">Selisih</th>\n
                                                                                       <th scope="col" class="px-4 py-3 text-center font-bold">Status</th>\n
                                                                                   </tr>\n
                                                                               </thead>\n
                                                                               <tbody class="divide-y-2 divide-[var(--color-brutal)]">\n
                                                                                   <!--[if BLOCK]><![endif]-->                            <tr wire:key="lowstock-2" class="transition-colors hover:bg-[var(--color-primary-soft)]">\n
                                                                                           <td class="px-4 py-3 font-bold text-[var(--color-ink)]">Obat Masih Aman</td>\n
                                                                                           <td class="px-4 py-3 text-[var(--color-muted)] font-semibold">dicta non</td>\n
                                                                                           <td class="px-4 py-3 text-[var(--color-muted)] font-semibold">Sistem Pernapasan</td>\n
                                                                                           <td class="px-4 py-3 text-center text-[var(--color-ink)] font-bold">8</td>\n
                                                                                           <td class="px-4 py-3 text-center text-[var(--color-muted)] font-bold">10</td>\n
                                                                                           <td class="px-4 py-3 text-center font-extrabold text-[var(--color-ink)]">\n
                                                                                               2\n
                                                                                           </td>\n
                                                                                           <td class="px-4 py-3 text-center">\n
                                                                                               <!--[if BLOCK]><![endif]-->                                        <span class="badge-brutal bg-[var(--color-warning-soft)] text-[var(--color-warning)] px-2.5 py-0.5 text-xs font-bold shadow-[1px_1px_0_var(--color-brutal)]">\n
                                                                                                       Menipis\n
                                                                                                   </span>\n
                                                                                               <!--[if ENDBLOCK]><![endif]-->                                </td>\n
                                                                                       </tr>\n
                                                                                   <!--[if ENDBLOCK]><![endif]-->                    </tbody>\n
                                                                           </table>\n
                                                                       </div>\n
                                                                   </div>\n
                                                               <!--[if ENDBLOCK]><![endif]--></div>\n
                                                           ' [ASCII](length: 12363) does not contain "Obat Masih Aman" [ASCII](length: 15).
[00:00:03.778992300 / 00:00:00.004674800] [70688376 bytes] After Test Method Called (P\Tests\Feature\LaporanPageTest::tearDown)
[00:00:03.779950100 / 00:00:00.000957800] [70688376 bytes] After Test Method Finished:
                                                           - P\Tests\Feature\LaporanPageTest::tearDown
[00:00:03.780860300 / 00:00:00.000910200] [70688376 bytes] Test Finished (P\Tests\Feature\LaporanPageTest::__pest_evaluable_tab_kedaluwarsa_shows_expiring_medicines)
[00:00:03.781932900 / 00:00:00.001072600] [70688376 bytes] Test Preparation Started (P\Tests\Feature\LaporanPageTest::__pest_evaluable_tab_kedaluwarsa_shows_low_stock_medicines)
[00:00:03.795452300 / 00:00:00.013519400] [70688376 bytes] Before Test Method Called (P\Tests\Feature\LaporanPageTest::setUp)
[00:00:03.796620400 / 00:00:00.001168100] [70688376 bytes] Before Test Method Finished:
                                                           - P\Tests\Feature\LaporanPageTest::setUp
[00:00:03.797447800 / 00:00:00.000827400] [67553696 bytes] Test Prepared (P\Tests\Feature\LaporanPageTest::__pest_evaluable_tab_kedaluwarsa_shows_low_stock_medicines)
[00:00:03.817293100 / 00:00:00.019845300] [68780120 bytes] Post Condition Method Called (P\Tests\Feature\LaporanPageTest::__MarkTestIncompleteIfSnapshotHaveChanged)
[00:00:03.818519500 / 00:00:00.001226400] [68780120 bytes] Post Condition Method Finished:
                                                           - P\Tests\Feature\LaporanPageTest::__MarkTestIncompleteIfSnapshotHaveChanged
[00:00:03.820350900 / 00:00:00.001831400] [68780120 bytes] After Test Method Called (P\Tests\Feature\LaporanPageTest::tearDown)
[00:00:03.821248000 / 00:00:00.000897100] [68780120 bytes] After Test Method Finished:
                                                           - P\Tests\Feature\LaporanPageTest::tearDown
[00:00:03.821875600 / 00:00:00.000627600] [68780120 bytes] Test Passed (P\Tests\Feature\LaporanPageTest::__pest_evaluable_tab_kedaluwarsa_shows_low_stock_medicines)
[00:00:03.823084800 / 00:00:00.001209200] [68780120 bytes] Test Finished (P\Tests\Feature\LaporanPageTest::__pest_evaluable_tab_kedaluwarsa_shows_low_stock_medicines)
[00:00:03.823796400 / 00:00:00.000711600] [68780120 bytes] Test Preparation Started (P\Tests\Feature\LaporanPageTest::__pest_evaluable_expiryBadgeClass_returns_red_for_medicines_expiring_within_30_days)
[00:00:03.839401000 / 00:00:00.015604600] [68780120 bytes] Before Test Method Called (P\Tests\Feature\LaporanPageTest::setUp)
[00:00:03.840661300 / 00:00:00.001260300] [68780120 bytes] Before Test Method Finished:
                                                           - P\Tests\Feature\LaporanPageTest::setUp
[00:00:03.841621300 / 00:00:00.000960000] [68034544 bytes] Test Prepared (P\Tests\Feature\LaporanPageTest::__pest_evaluable_expiryBadgeClass_returns_red_for_medicines_expiring_within_30_days)
[00:00:03.855232600 / 00:00:00.013611300] [69240872 bytes] Post Condition Method Called (P\Tests\Feature\LaporanPageTest::__MarkTestIncompleteIfSnapshotHaveChanged)
[00:00:03.856471600 / 00:00:00.001239000] [69240872 bytes] Post Condition Method Finished:
                                                           - P\Tests\Feature\LaporanPageTest::__MarkTestIncompleteIfSnapshotHaveChanged
[00:00:03.858533900 / 00:00:00.002062300] [69240872 bytes] After Test Method Called (P\Tests\Feature\LaporanPageTest::tearDown)
[00:00:03.859574100 / 00:00:00.001040200] [69240872 bytes] After Test Method Finished:
                                                           - P\Tests\Feature\LaporanPageTest::tearDown
[00:00:03.860283500 / 00:00:00.000709400] [69240872 bytes] Test Passed (P\Tests\Feature\LaporanPageTest::__pest_evaluable_expiryBadgeClass_returns_red_for_medicines_expiring_within_30_days)
[00:00:03.861509000 / 00:00:00.001225500] [69240872 bytes] Test Finished (P\Tests\Feature\LaporanPageTest::__pest_evaluable_expiryBadgeClass_returns_red_for_medicines_expiring_within_30_days)
[00:00:03.862427100 / 00:00:00.000918100] [69240872 bytes] Test Preparation Started (P\Tests\Feature\LaporanPageTest::__pest_evaluable_expiryBadgeClass_returns_amber_for_medicines_expiring_in_30_to_90_days)
[00:00:03.877359400 / 00:00:00.014932300] [69240872 bytes] Before Test Method Called (P\Tests\Feature\LaporanPageTest::setUp)
[00:00:03.878641600 / 00:00:00.001282200] [69240872 bytes] Before Test Method Finished:
                                                           - P\Tests\Feature\LaporanPageTest::setUp
[00:00:03.879785000 / 00:00:00.001143400] [68469464 bytes] Test Prepared (P\Tests\Feature\LaporanPageTest::__pest_evaluable_expiryBadgeClass_returns_amber_for_medicines_expiring_in_30_to_90_days)
[00:00:03.893886600 / 00:00:00.014101600] [69676312 bytes] Post Condition Method Called (P\Tests\Feature\LaporanPageTest::__MarkTestIncompleteIfSnapshotHaveChanged)
[00:00:03.895015800 / 00:00:00.001129200] [69676312 bytes] Post Condition Method Finished:
                                                           - P\Tests\Feature\LaporanPageTest::__MarkTestIncompleteIfSnapshotHaveChanged
[00:00:03.896552900 / 00:00:00.001537100] [69676312 bytes] After Test Method Called (P\Tests\Feature\LaporanPageTest::tearDown)
[00:00:03.897359200 / 00:00:00.000806300] [69676312 bytes] After Test Method Finished:
                                                           - P\Tests\Feature\LaporanPageTest::tearDown
[00:00:03.898137500 / 00:00:00.000778300] [69676312 bytes] Test Passed (P\Tests\Feature\LaporanPageTest::__pest_evaluable_expiryBadgeClass_returns_amber_for_medicines_expiring_in_30_to_90_days)
[00:00:03.898847500 / 00:00:00.000710000] [69676312 bytes] Test Finished (P\Tests\Feature\LaporanPageTest::__pest_evaluable_expiryBadgeClass_returns_amber_for_medicines_expiring_in_30_to_90_days)
[00:00:03.899760300 / 00:00:00.000912800] [69676312 bytes] Test Preparation Started (P\Tests\Feature\LaporanPageTest::__pest_evaluable_expiring_csv_export_downloads_a_csv_file)
[00:00:03.914768400 / 00:00:00.015008100] [69676312 bytes] Before Test Method Called (P\Tests\Feature\LaporanPageTest::setUp)
[00:00:03.916093900 / 00:00:00.001325500] [69676312 bytes] Before Test Method Finished:
                                                           - P\Tests\Feature\LaporanPageTest::setUp
[00:00:03.917113900 / 00:00:00.001020000] [68904808 bytes] Test Prepared (P\Tests\Feature\LaporanPageTest::__pest_evaluable_expiring_csv_export_downloads_a_csv_file)
[00:00:03.939075400 / 00:00:00.021961500] [70111920 bytes] Post Condition Method Called (P\Tests\Feature\LaporanPageTest::__MarkTestIncompleteIfSnapshotHaveChanged)
[00:00:03.940131300 / 00:00:00.001055900] [70111920 bytes] Post Condition Method Finished:
                                                           - P\Tests\Feature\LaporanPageTest::__MarkTestIncompleteIfSnapshotHaveChanged
[00:00:03.941669000 / 00:00:00.001537700] [70111920 bytes] After Test Method Called (P\Tests\Feature\LaporanPageTest::tearDown)
[00:00:03.942607300 / 00:00:00.000938300] [70111920 bytes] After Test Method Finished:
                                                           - P\Tests\Feature\LaporanPageTest::tearDown
[00:00:03.943509500 / 00:00:00.000902200] [70111920 bytes] Test Passed (P\Tests\Feature\LaporanPageTest::__pest_evaluable_expiring_csv_export_downloads_a_csv_file)
[00:00:03.944125400 / 00:00:00.000615900] [70111920 bytes] Test Finished (P\Tests\Feature\LaporanPageTest::__pest_evaluable_expiring_csv_export_downloads_a_csv_file)
[00:00:03.944789300 / 00:00:00.000663900] [70111920 bytes] Test Preparation Started (P\Tests\Feature\LaporanPageTest::__pest_evaluable_low_stock_csv_export_downloads_a_csv_file)
[00:00:03.959250600 / 00:00:00.014461300] [70111920 bytes] Before Test Method Called (P\Tests\Feature\LaporanPageTest::setUp)
[00:00:03.960349300 / 00:00:00.001098700] [70111920 bytes] Before Test Method Finished:
                                                           - P\Tests\Feature\LaporanPageTest::setUp
[00:00:03.961546100 / 00:00:00.001196800] [69399584 bytes] Test Prepared (P\Tests\Feature\LaporanPageTest::__pest_evaluable_low_stock_csv_export_downloads_a_csv_file)
[00:00:03.985907100 / 00:00:00.024361000] [70606696 bytes] Post Condition Method Called (P\Tests\Feature\LaporanPageTest::__MarkTestIncompleteIfSnapshotHaveChanged)
[00:00:03.987158300 / 00:00:00.001251200] [70606696 bytes] Post Condition Method Finished:
                                                           - P\Tests\Feature\LaporanPageTest::__MarkTestIncompleteIfSnapshotHaveChanged
[00:00:03.988572500 / 00:00:00.001414200] [70606696 bytes] After Test Method Called (P\Tests\Feature\LaporanPageTest::tearDown)
[00:00:03.989471400 / 00:00:00.000898900] [70606696 bytes] After Test Method Finished:
                                                           - P\Tests\Feature\LaporanPageTest::tearDown
[00:00:03.990258300 / 00:00:00.000786900] [70606696 bytes] Test Passed (P\Tests\Feature\LaporanPageTest::__pest_evaluable_low_stock_csv_export_downloads_a_csv_file)
[00:00:03.991171200 / 00:00:00.000912900] [70606696 bytes] Test Finished (P\Tests\Feature\LaporanPageTest::__pest_evaluable_low_stock_csv_export_downloads_a_csv_file)
[00:00:03.992127200 / 00:00:00.000956000] [70606696 bytes] Test Suite Started (P\Tests\Feature\LaporanPageTest::__pest_evaluable_typeLabel_returns_correct_Indonesian_labels, 4 tests)
[00:00:03.993335800 / 00:00:00.001208600] [70606696 bytes] Test Preparation Started (P\Tests\Feature\LaporanPageTest::__pest_evaluable_typeLabel_returns_correct_Indonesian_labels#('in', 'Masuk'))
[00:00:04.007562100 / 00:00:00.014226300] [70606696 bytes] Before Test Method Called (P\Tests\Feature\LaporanPageTest::setUp)
[00:00:04.008744200 / 00:00:00.001182100] [70606696 bytes] Before Test Method Finished:
                                                           - P\Tests\Feature\LaporanPageTest::setUp
[00:00:04.009738300 / 00:00:00.000994100] [69893096 bytes] Test Prepared (P\Tests\Feature\LaporanPageTest::__pest_evaluable_typeLabel_returns_correct_Indonesian_labels#('in', 'Masuk'))
[00:00:04.026651000 / 00:00:00.016912700] [71100552 bytes] Post Condition Method Called (P\Tests\Feature\LaporanPageTest::__MarkTestIncompleteIfSnapshotHaveChanged)
[00:00:04.027908700 / 00:00:00.001257700] [71100552 bytes] Post Condition Method Finished:
                                                           - P\Tests\Feature\LaporanPageTest::__MarkTestIncompleteIfSnapshotHaveChanged
[00:00:04.029492700 / 00:00:00.001584000] [71100552 bytes] After Test Method Called (P\Tests\Feature\LaporanPageTest::tearDown)
[00:00:04.030228900 / 00:00:00.000736200] [71100552 bytes] After Test Method Finished:
                                                           - P\Tests\Feature\LaporanPageTest::tearDown
[00:00:04.031175700 / 00:00:00.000946800] [71100552 bytes] Test Passed (P\Tests\Feature\LaporanPageTest::__pest_evaluable_typeLabel_returns_correct_Indonesian_labels#('in', 'Masuk'))
[00:00:04.035584700 / 00:00:00.004409000] [71100552 bytes] Test Finished (P\Tests\Feature\LaporanPageTest::__pest_evaluable_typeLabel_returns_correct_Indonesian_labels#('in', 'Masuk'))
[00:00:04.036398700 / 00:00:00.000814000] [71100552 bytes] Test Preparation Started (P\Tests\Feature\LaporanPageTest::__pest_evaluable_typeLabel_returns_correct_Indonesian_labels#('out', 'Keluar'))
[00:00:04.050766600 / 00:00:00.014367900] [71100552 bytes] Before Test Method Called (P\Tests\Feature\LaporanPageTest::setUp)
[00:00:04.053413300 / 00:00:00.002646700] [71100552 bytes] Before Test Method Finished:
                                                           - P\Tests\Feature\LaporanPageTest::setUp
[00:00:04.054666600 / 00:00:00.001253300] [67897808 bytes] Test Prepared (P\Tests\Feature\LaporanPageTest::__pest_evaluable_typeLabel_returns_correct_Indonesian_labels#('out', 'Keluar'))
[00:00:04.068370200 / 00:00:00.013703600] [69104752 bytes] Post Condition Method Called (P\Tests\Feature\LaporanPageTest::__MarkTestIncompleteIfSnapshotHaveChanged)
[00:00:04.069551800 / 00:00:00.001181600] [69104752 bytes] Post Condition Method Finished:
                                                           - P\Tests\Feature\LaporanPageTest::__MarkTestIncompleteIfSnapshotHaveChanged
[00:00:04.070924200 / 00:00:00.001372400] [69104752 bytes] After Test Method Called (P\Tests\Feature\LaporanPageTest::tearDown)
[00:00:04.072620400 / 00:00:00.001696200] [69104752 bytes] After Test Method Finished:
                                                           - P\Tests\Feature\LaporanPageTest::tearDown
[00:00:04.073231500 / 00:00:00.000611100] [69104752 bytes] Test Passed (P\Tests\Feature\LaporanPageTest::__pest_evaluable_typeLabel_returns_correct_Indonesian_labels#('out', 'Keluar'))
[00:00:04.073928800 / 00:00:00.000697300] [69104752 bytes] Test Finished (P\Tests\Feature\LaporanPageTest::__pest_evaluable_typeLabel_returns_correct_Indonesian_labels#('out', 'Keluar'))
[00:00:04.074865300 / 00:00:00.000936500] [69104752 bytes] Test Preparation Started (P\Tests\Feature\LaporanPageTest::__pest_evaluable_typeLabel_returns_correct_Indonesian_labels#('adjustment', 'Penyesuaian'))
[00:00:04.088608500 / 00:00:00.013743200] [69104752 bytes] Before Test Method Called (P\Tests\Feature\LaporanPageTest::setUp)
[00:00:04.090666100 / 00:00:00.002057600] [69104752 bytes] Before Test Method Finished:
                                                           - P\Tests\Feature\LaporanPageTest::setUp
[00:00:04.091449000 / 00:00:00.000782900] [68332088 bytes] Test Prepared (P\Tests\Feature\LaporanPageTest::__pest_evaluable_typeLabel_returns_correct_Indonesian_labels#('adjustment', 'Penyesuaian'))
[00:00:04.105218400 / 00:00:00.013769400] [69539552 bytes] Post Condition Method Called (P\Tests\Feature\LaporanPageTest::__MarkTestIncompleteIfSnapshotHaveChanged)
[00:00:04.106497200 / 00:00:00.001278800] [69539552 bytes] Post Condition Method Finished:
                                                           - P\Tests\Feature\LaporanPageTest::__MarkTestIncompleteIfSnapshotHaveChanged
[00:00:04.108109800 / 00:00:00.001612600] [69539552 bytes] After Test Method Called (P\Tests\Feature\LaporanPageTest::tearDown)
[00:00:04.109711400 / 00:00:00.001601600] [69539552 bytes] After Test Method Finished:
                                                           - P\Tests\Feature\LaporanPageTest::tearDown
[00:00:04.110499100 / 00:00:00.000787700] [69539552 bytes] Test Passed (P\Tests\Feature\LaporanPageTest::__pest_evaluable_typeLabel_returns_correct_Indonesian_labels#('adjustment', 'Penyesuaian'))
[00:00:04.111173300 / 00:00:00.000674200] [69539552 bytes] Test Finished (P\Tests\Feature\LaporanPageTest::__pest_evaluable_typeLabel_returns_correct_Indonesian_labels#('adjustment', 'Penyesuaian'))
[00:00:04.112362800 / 00:00:00.001189500] [69539552 bytes] Test Preparation Started (P\Tests\Feature\LaporanPageTest::__pest_evaluable_typeLabel_returns_correct_Indonesian_labels#('expired_return', 'Retur Kedaluwarsa'))
[00:00:04.127323900 / 00:00:00.014961100] [69539552 bytes] Before Test Method Called (P\Tests\Feature\LaporanPageTest::setUp)
[00:00:04.128740000 / 00:00:00.001416100] [69539552 bytes] Before Test Method Finished:
                                                           - P\Tests\Feature\LaporanPageTest::setUp
[00:00:04.129730700 / 00:00:00.000990700] [68766984 bytes] Test Prepared (P\Tests\Feature\LaporanPageTest::__pest_evaluable_typeLabel_returns_correct_Indonesian_labels#('expired_return', 'Retur Kedaluwarsa'))
[00:00:04.143777800 / 00:00:00.014047100] [69974208 bytes] Post Condition Method Called (P\Tests\Feature\LaporanPageTest::__MarkTestIncompleteIfSnapshotHaveChanged)
[00:00:04.145055300 / 00:00:00.001277500] [69974208 bytes] Post Condition Method Finished:
                                                           - P\Tests\Feature\LaporanPageTest::__MarkTestIncompleteIfSnapshotHaveChanged
[00:00:04.146826500 / 00:00:00.001771200] [69974208 bytes] After Test Method Called (P\Tests\Feature\LaporanPageTest::tearDown)
[00:00:04.147885700 / 00:00:00.001059200] [69974208 bytes] After Test Method Finished:
                                                           - P\Tests\Feature\LaporanPageTest::tearDown
[00:00:04.148996700 / 00:00:00.001111000] [69974208 bytes] Test Passed (P\Tests\Feature\LaporanPageTest::__pest_evaluable_typeLabel_returns_correct_Indonesian_labels#('expired_return', 'Retur Kedaluwarsa'))
[00:00:04.150018400 / 00:00:00.001021700] [69974208 bytes] Test Finished (P\Tests\Feature\LaporanPageTest::__pest_evaluable_typeLabel_returns_correct_Indonesian_labels#('expired_return', 'Retur Kedaluwarsa'))
[00:00:04.150571600 / 00:00:00.000553200] [69974208 bytes] Test Suite Finished (P\Tests\Feature\LaporanPageTest::__pest_evaluable_typeLabel_returns_correct_Indonesian_labels, 4 tests)
[00:00:04.151254000 / 00:00:00.000682400] [69974208 bytes] After Last Test Method Called (P\Tests\Feature\LaporanPageTest::tearDownAfterClass)
[00:00:04.152102300 / 00:00:00.000848300] [69974208 bytes] After Last Test Method Finished:
                                                           - P\Tests\Feature\LaporanPageTest::tearDownAfterClass
[00:00:04.152770500 / 00:00:00.000668200] [69974208 bytes] Test Suite Finished (P\Tests\Feature\LaporanPageTest, 30 tests)
[00:00:04.153613600 / 00:00:00.000843100] [69974208 bytes] Test Suite Started (P\Tests\Feature\MedicineFormTest, 7 tests)
[00:00:04.154977200 / 00:00:00.001363600] [69974208 bytes] Before First Test Method Called (P\Tests\Feature\MedicineFormTest::setUpBeforeClass)
[00:00:04.155795300 / 00:00:00.000818100] [69974208 bytes] Before First Test Method Finished:
                                                           - P\Tests\Feature\MedicineFormTest::setUpBeforeClass
[00:00:04.156707800 / 00:00:00.000912500] [69974208 bytes] Test Preparation Started (P\Tests\Feature\MedicineFormTest::__pest_evaluable_medicine_form_can_create_a_new_medicine_and_record_initial_stock_mutation)
[00:00:04.171896000 / 00:00:00.015188200] [69974208 bytes] Before Test Method Called (P\Tests\Feature\MedicineFormTest::setUp)
[00:00:04.173129100 / 00:00:00.001233100] [69974208 bytes] Before Test Method Finished:
                                                           - P\Tests\Feature\MedicineFormTest::setUp
[00:00:04.174301300 / 00:00:00.001172200] [69303344 bytes] Test Prepared (P\Tests\Feature\MedicineFormTest::__pest_evaluable_medicine_form_can_create_a_new_medicine_and_record_initial_stock_mutation)
[00:00:04.205775600 / 00:00:00.031474300] [69632288 bytes] Post Condition Method Called (P\Tests\Feature\MedicineFormTest::__MarkTestIncompleteIfSnapshotHaveChanged)
[00:00:04.207029800 / 00:00:00.001254200] [69632288 bytes] Post Condition Method Finished:
                                                           - P\Tests\Feature\MedicineFormTest::__MarkTestIncompleteIfSnapshotHaveChanged
[00:00:04.208600900 / 00:00:00.001571100] [69632288 bytes] After Test Method Called (P\Tests\Feature\MedicineFormTest::tearDown)
[00:00:04.209808800 / 00:00:00.001207900] [69632288 bytes] After Test Method Finished:
                                                           - P\Tests\Feature\MedicineFormTest::tearDown
[00:00:04.210470600 / 00:00:00.000661800] [69632288 bytes] Test Passed (P\Tests\Feature\MedicineFormTest::__pest_evaluable_medicine_form_can_create_a_new_medicine_and_record_initial_stock_mutation)
[00:00:04.211874800 / 00:00:00.001404200] [69632288 bytes] Test Finished (P\Tests\Feature\MedicineFormTest::__pest_evaluable_medicine_form_can_create_a_new_medicine_and_record_initial_stock_mutation)
[00:00:04.213071500 / 00:00:00.001196700] [69632288 bytes] Test Preparation Started (P\Tests\Feature\MedicineFormTest::__pest_evaluable_medicine_form_can_edit_medicine_and_record_stock_increase_mutation_only)
[00:00:04.227778300 / 00:00:00.014706800] [70086512 bytes] Before Test Method Called (P\Tests\Feature\MedicineFormTest::setUp)
[00:00:04.228831900 / 00:00:00.001053600] [70086512 bytes] Before Test Method Finished:
                                                           - P\Tests\Feature\MedicineFormTest::setUp
[00:00:04.230001600 / 00:00:00.001169700] [69790112 bytes] Test Prepared (P\Tests\Feature\MedicineFormTest::__pest_evaluable_medicine_form_can_edit_medicine_and_record_stock_increase_mutation_only)
[00:00:04.252278400 / 00:00:00.022276800] [70088848 bytes] Post Condition Method Called (P\Tests\Feature\MedicineFormTest::__MarkTestIncompleteIfSnapshotHaveChanged)
[00:00:04.253400600 / 00:00:00.001122200] [70088848 bytes] Post Condition Method Finished:
                                                           - P\Tests\Feature\MedicineFormTest::__MarkTestIncompleteIfSnapshotHaveChanged
[00:00:04.254815400 / 00:00:00.001414800] [70088848 bytes] After Test Method Called (P\Tests\Feature\MedicineFormTest::tearDown)
[00:00:04.255755200 / 00:00:00.000939800] [70088848 bytes] After Test Method Finished:
                                                           - P\Tests\Feature\MedicineFormTest::tearDown
[00:00:04.256495800 / 00:00:00.000740600] [70088848 bytes] Test Passed (P\Tests\Feature\MedicineFormTest::__pest_evaluable_medicine_form_can_edit_medicine_and_record_stock_increase_mutation_only)
[00:00:04.257449800 / 00:00:00.000954000] [70088848 bytes] Test Finished (P\Tests\Feature\MedicineFormTest::__pest_evaluable_medicine_form_can_edit_medicine_and_record_stock_increase_mutation_only)
[00:00:04.258290900 / 00:00:00.000841100] [70088848 bytes] Test Preparation Started (P\Tests\Feature\MedicineFormTest::__pest_evaluable_medicine_form_does_not_record_stock_mutation_when_stock_is_not_increased_on_edit)
[00:00:04.273417300 / 00:00:00.015126400] [70549440 bytes] Before Test Method Called (P\Tests\Feature\MedicineFormTest::setUp)
[00:00:04.274594100 / 00:00:00.001176800] [70549440 bytes] Before Test Method Finished:
                                                           - P\Tests\Feature\MedicineFormTest::setUp
[00:00:04.275673600 / 00:00:00.001079500] [70253040 bytes] Test Prepared (P\Tests\Feature\MedicineFormTest::__pest_evaluable_medicine_form_does_not_record_stock_mutation_when_stock_is_not_increased_on_edit)
[00:00:04.295926500 / 00:00:00.020252900] [70551256 bytes] Test Failed (P\Tests\Feature\MedicineFormTest::__pest_evaluable_medicine_form_does_not_record_stock_mutation_when_stock_is_not_increased_on_edit)
                                                           Failed asserting that 1 is identical to 0.
[00:00:04.297527100 / 00:00:00.001600600] [70551256 bytes] After Test Method Called (P\Tests\Feature\MedicineFormTest::tearDown)
[00:00:04.298597400 / 00:00:00.001070300] [70551256 bytes] After Test Method Finished:
                                                           - P\Tests\Feature\MedicineFormTest::tearDown
[00:00:04.299850400 / 00:00:00.001253000] [70551256 bytes] Test Finished (P\Tests\Feature\MedicineFormTest::__pest_evaluable_medicine_form_does_not_record_stock_mutation_when_stock_is_not_increased_on_edit)
[00:00:04.300329700 / 00:00:00.000479300] [70551256 bytes] Test Preparation Started (P\Tests\Feature\MedicineFormTest::__pest_evaluable_medicine_form_validates_required_fields)
[00:00:04.315537600 / 00:00:00.015207900] [71012392 bytes] Before Test Method Called (P\Tests\Feature\MedicineFormTest::setUp)
[00:00:04.316611200 / 00:00:00.001073600] [71012392 bytes] Before Test Method Finished:
                                                           - P\Tests\Feature\MedicineFormTest::setUp
[00:00:04.317738900 / 00:00:00.001127700] [70715992 bytes] Test Prepared (P\Tests\Feature\MedicineFormTest::__pest_evaluable_medicine_form_validates_required_fields)
[00:00:04.339303500 / 00:00:00.021564600] [71140048 bytes] Post Condition Method Called (P\Tests\Feature\MedicineFormTest::__MarkTestIncompleteIfSnapshotHaveChanged)
[00:00:04.340547000 / 00:00:00.001243500] [71140048 bytes] Post Condition Method Finished:
                                                           - P\Tests\Feature\MedicineFormTest::__MarkTestIncompleteIfSnapshotHaveChanged
[00:00:04.341849500 / 00:00:00.001302500] [71140048 bytes] After Test Method Called (P\Tests\Feature\MedicineFormTest::tearDown)
[00:00:04.342620700 / 00:00:00.000771200] [71140048 bytes] After Test Method Finished:
                                                           - P\Tests\Feature\MedicineFormTest::tearDown
[00:00:04.343647900 / 00:00:00.001027200] [71140048 bytes] Test Passed (P\Tests\Feature\MedicineFormTest::__pest_evaluable_medicine_form_validates_required_fields)
[00:00:04.344389700 / 00:00:00.000741800] [71140048 bytes] Test Finished (P\Tests\Feature\MedicineFormTest::__pest_evaluable_medicine_form_validates_required_fields)
[00:00:04.345291200 / 00:00:00.000901500] [71140048 bytes] Test Preparation Started (P\Tests\Feature\MedicineFormTest::__pest_evaluable_medicine_form_dispatches_success_message_after_save)
[00:00:04.360447300 / 00:00:00.015156100] [71552208 bytes] Before Test Method Called (P\Tests\Feature\MedicineFormTest::setUp)
[00:00:04.361724100 / 00:00:00.001276800] [71552208 bytes] Before Test Method Finished:
                                                           - P\Tests\Feature\MedicineFormTest::setUp
[00:00:04.362877000 / 00:00:00.001152900] [71255808 bytes] Test Prepared (P\Tests\Feature\MedicineFormTest::__pest_evaluable_medicine_form_dispatches_success_message_after_save)
[00:00:04.388993700 / 00:00:00.026116700] [71573296 bytes] Post Condition Method Called (P\Tests\Feature\MedicineFormTest::__MarkTestIncompleteIfSnapshotHaveChanged)
[00:00:04.390184800 / 00:00:00.001191100] [71573296 bytes] Post Condition Method Finished:
                                                           - P\Tests\Feature\MedicineFormTest::__MarkTestIncompleteIfSnapshotHaveChanged
[00:00:04.391900400 / 00:00:00.001715600] [71573296 bytes] After Test Method Called (P\Tests\Feature\MedicineFormTest::tearDown)
[00:00:04.393632800 / 00:00:00.001732400] [71573296 bytes] After Test Method Finished:
                                                           - P\Tests\Feature\MedicineFormTest::tearDown
[00:00:04.394796400 / 00:00:00.001163600] [71573296 bytes] Test Passed (P\Tests\Feature\MedicineFormTest::__pest_evaluable_medicine_form_dispatches_success_message_after_save)
[00:00:04.395666700 / 00:00:00.000870300] [71573296 bytes] Test Finished (P\Tests\Feature\MedicineFormTest::__pest_evaluable_medicine_form_dispatches_success_message_after_save)
[00:00:04.396913200 / 00:00:00.001246500] [71573296 bytes] Test Preparation Started (P\Tests\Feature\MedicineFormTest::__pest_evaluable_medicine_index_shows_success_message_after_medicine_saved_event)
[00:00:04.411559600 / 00:00:00.014646400] [72017984 bytes] Before Test Method Called (P\Tests\Feature\MedicineFormTest::setUp)
[00:00:04.412578200 / 00:00:00.001018600] [72017984 bytes] Before Test Method Finished:
                                                           - P\Tests\Feature\MedicineFormTest::setUp
[00:00:04.413500500 / 00:00:00.000922300] [71721584 bytes] Test Prepared (P\Tests\Feature\MedicineFormTest::__pest_evaluable_medicine_index_shows_success_message_after_medicine_saved_event)
[00:00:04.428552000 / 00:00:00.015051500] [72064208 bytes] Post Condition Method Called (P\Tests\Feature\MedicineFormTest::__MarkTestIncompleteIfSnapshotHaveChanged)
[00:00:04.430629600 / 00:00:00.002077600] [72064208 bytes] Post Condition Method Finished:
                                                           - P\Tests\Feature\MedicineFormTest::__MarkTestIncompleteIfSnapshotHaveChanged
[00:00:04.431727800 / 00:00:00.001098200] [72064208 bytes] After Test Method Called (P\Tests\Feature\MedicineFormTest::tearDown)
[00:00:04.432775100 / 00:00:00.001047300] [72064208 bytes] After Test Method Finished:
                                                           - P\Tests\Feature\MedicineFormTest::tearDown
[00:00:04.433453900 / 00:00:00.000678800] [72064208 bytes] Test Passed (P\Tests\Feature\MedicineFormTest::__pest_evaluable_medicine_index_shows_success_message_after_medicine_saved_event)
[00:00:04.434273100 / 00:00:00.000819200] [72064208 bytes] Test Finished (P\Tests\Feature\MedicineFormTest::__pest_evaluable_medicine_index_shows_success_message_after_medicine_saved_event)
[00:00:04.435014600 / 00:00:00.000741500] [72064208 bytes] Test Preparation Started (P\Tests\Feature\MedicineFormTest::__pest_evaluable_medicine_index_refreshes_list_after_medicine_saved_event)
[00:00:04.449064500 / 00:00:00.014049900] [72479160 bytes] Before Test Method Called (P\Tests\Feature\MedicineFormTest::setUp)
[00:00:04.450206700 / 00:00:00.001142200] [72479160 bytes] Before Test Method Finished:
                                                           - P\Tests\Feature\MedicineFormTest::setUp
[00:00:04.451149900 / 00:00:00.000943200] [72182760 bytes] Test Prepared (P\Tests\Feature\MedicineFormTest::__pest_evaluable_medicine_index_refreshes_list_after_medicine_saved_event)
[00:00:04.488348400 / 00:00:00.037198500] [72532768 bytes] Post Condition Method Called (P\Tests\Feature\MedicineFormTest::__MarkTestIncompleteIfSnapshotHaveChanged)
[00:00:04.489917500 / 00:00:00.001569100] [72532768 bytes] Post Condition Method Finished:
                                                           - P\Tests\Feature\MedicineFormTest::__MarkTestIncompleteIfSnapshotHaveChanged
[00:00:04.491363700 / 00:00:00.001446200] [72532768 bytes] After Test Method Called (P\Tests\Feature\MedicineFormTest::tearDown)
[00:00:04.492515800 / 00:00:00.001152100] [72532768 bytes] After Test Method Finished:
                                                           - P\Tests\Feature\MedicineFormTest::tearDown
[00:00:04.493215100 / 00:00:00.000699300] [72532768 bytes] Test Passed (P\Tests\Feature\MedicineFormTest::__pest_evaluable_medicine_index_refreshes_list_after_medicine_saved_event)
[00:00:04.494437600 / 00:00:00.001222500] [72532768 bytes] Test Finished (P\Tests\Feature\MedicineFormTest::__pest_evaluable_medicine_index_refreshes_list_after_medicine_saved_event)
[00:00:04.495496300 / 00:00:00.001058700] [72532768 bytes] After Last Test Method Called (P\Tests\Feature\MedicineFormTest::tearDownAfterClass)
[00:00:04.496303300 / 00:00:00.000807000] [72532768 bytes] After Last Test Method Finished:
                                                           - P\Tests\Feature\MedicineFormTest::tearDownAfterClass
[00:00:04.497133100 / 00:00:00.000829800] [72532768 bytes] Test Suite Finished (P\Tests\Feature\MedicineFormTest, 7 tests)
[00:00:04.497909300 / 00:00:00.000776200] [72532768 bytes] Test Suite Started (P\Tests\Feature\MedicineIndexTest, 11 tests)
[00:00:04.498935000 / 00:00:00.001025700] [72532768 bytes] Before First Test Method Called (P\Tests\Feature\MedicineIndexTest::setUpBeforeClass)
[00:00:04.499621500 / 00:00:00.000686500] [72532768 bytes] Before First Test Method Finished:
                                                           - P\Tests\Feature\MedicineIndexTest::setUpBeforeClass
[00:00:04.500240800 / 00:00:00.000619300] [72532768 bytes] Test Preparation Started (P\Tests\Feature\MedicineIndexTest::__pest_evaluable_guests_are_redirected_from_medicine_index)
[00:00:04.515156800 / 00:00:00.014916000] [72532768 bytes] Before Test Method Called (P\Tests\Feature\MedicineIndexTest::setUp)
[00:00:04.516377400 / 00:00:00.001220600] [72532768 bytes] Before Test Method Finished:
                                                           - P\Tests\Feature\MedicineIndexTest::setUp
[00:00:04.517508800 / 00:00:00.001131400] [68786136 bytes] Test Prepared (P\Tests\Feature\MedicineIndexTest::__pest_evaluable_guests_are_redirected_from_medicine_index)
[00:00:04.521965700 / 00:00:00.004456900] [68844520 bytes] Post Condition Method Called (P\Tests\Feature\MedicineIndexTest::__MarkTestIncompleteIfSnapshotHaveChanged)
[00:00:04.522939100 / 00:00:00.000973400] [68844520 bytes] Post Condition Method Finished:
                                                           - P\Tests\Feature\MedicineIndexTest::__MarkTestIncompleteIfSnapshotHaveChanged
[00:00:04.526666200 / 00:00:00.003727100] [68844520 bytes] After Test Method Called (P\Tests\Feature\MedicineIndexTest::tearDown)
[00:00:04.527664600 / 00:00:00.000998400] [68844520 bytes] After Test Method Finished:
                                                           - P\Tests\Feature\MedicineIndexTest::tearDown
[00:00:04.528474100 / 00:00:00.000809500] [68844520 bytes] Test Passed (P\Tests\Feature\MedicineIndexTest::__pest_evaluable_guests_are_redirected_from_medicine_index)
[00:00:04.529215800 / 00:00:00.000741700] [68844520 bytes] Test Finished (P\Tests\Feature\MedicineIndexTest::__pest_evaluable_guests_are_redirected_from_medicine_index)
[00:00:04.529907400 / 00:00:00.000691600] [68844520 bytes] Test Preparation Started (P\Tests\Feature\MedicineIndexTest::__pest_evaluable_cashier_cannot_access_medicine_index)
[00:00:04.544072900 / 00:00:00.014165500] [69626960 bytes] Before Test Method Called (P\Tests\Feature\MedicineIndexTest::setUp)
[00:00:04.545296500 / 00:00:00.001223600] [69626960 bytes] Before Test Method Finished:
                                                           - P\Tests\Feature\MedicineIndexTest::setUp
[00:00:04.546286300 / 00:00:00.000989800] [69396096 bytes] Test Prepared (P\Tests\Feature\MedicineIndexTest::__pest_evaluable_cashier_cannot_access_medicine_index)
[00:00:04.551030900 / 00:00:00.004744600] [69489576 bytes] Test Errored (P\Tests\Feature\MedicineIndexTest::__pest_evaluable_cashier_cannot_access_medicine_index)
                                                           Call to a member function all() on array
[00:00:04.552552700 / 00:00:00.001521800] [69489576 bytes] After Test Method Called (P\Tests\Feature\MedicineIndexTest::tearDown)
[00:00:04.553483200 / 00:00:00.000930500] [69489576 bytes] After Test Method Finished:
                                                           - P\Tests\Feature\MedicineIndexTest::tearDown
[00:00:04.554177800 / 00:00:00.000694600] [69489576 bytes] Test Finished (P\Tests\Feature\MedicineIndexTest::__pest_evaluable_cashier_cannot_access_medicine_index)
[00:00:04.555021900 / 00:00:00.000844100] [69489576 bytes] Test Preparation Started (P\Tests\Feature\MedicineIndexTest::__pest_evaluable_pharmacist_can_access_medicine_index_page)
[00:00:04.570020400 / 00:00:00.014998500] [70245752 bytes] Before Test Method Called (P\Tests\Feature\MedicineIndexTest::setUp)
[00:00:04.571274400 / 00:00:00.001254000] [70245752 bytes] Before Test Method Finished:
                                                           - P\Tests\Feature\MedicineIndexTest::setUp
[00:00:04.572339700 / 00:00:00.001065300] [69949352 bytes] Test Prepared (P\Tests\Feature\MedicineIndexTest::__pest_evaluable_pharmacist_can_access_medicine_index_page)
[00:00:04.578051100 / 00:00:00.005711400] [70042616 bytes] Test Errored (P\Tests\Feature\MedicineIndexTest::__pest_evaluable_pharmacist_can_access_medicine_index_page)
                                                           Call to a member function all() on array
[00:00:04.580125300 / 00:00:00.002074200] [70042616 bytes] After Test Method Called (P\Tests\Feature\MedicineIndexTest::tearDown)
[00:00:04.580996600 / 00:00:00.000871300] [70042616 bytes] After Test Method Finished:
                                                           - P\Tests\Feature\MedicineIndexTest::tearDown
[00:00:04.582051100 / 00:00:00.001054500] [70042616 bytes] Test Finished (P\Tests\Feature\MedicineIndexTest::__pest_evaluable_pharmacist_can_access_medicine_index_page)
[00:00:04.582845000 / 00:00:00.000793900] [70042616 bytes] Test Preparation Started (P\Tests\Feature\MedicineIndexTest::__pest_evaluable_medicine_index_lists_medicines_with_category_name_from_relation)
[00:00:04.596891800 / 00:00:00.014046800] [70798968 bytes] Before Test Method Called (P\Tests\Feature\MedicineIndexTest::setUp)
[00:00:04.600450600 / 00:00:00.003558800] [70798968 bytes] Before Test Method Finished:
                                                           - P\Tests\Feature\MedicineIndexTest::setUp
[00:00:04.601621700 / 00:00:00.001171100] [70502568 bytes] Test Prepared (P\Tests\Feature\MedicineIndexTest::__pest_evaluable_medicine_index_lists_medicines_with_category_name_from_relation)
[00:00:04.614769000 / 00:00:00.013147300] [70861080 bytes] Post Condition Method Called (P\Tests\Feature\MedicineIndexTest::__MarkTestIncompleteIfSnapshotHaveChanged)
[00:00:04.615971800 / 00:00:00.001202800] [70861080 bytes] Post Condition Method Finished:
                                                           - P\Tests\Feature\MedicineIndexTest::__MarkTestIncompleteIfSnapshotHaveChanged
[00:00:04.617284700 / 00:00:00.001312900] [70861080 bytes] After Test Method Called (P\Tests\Feature\MedicineIndexTest::tearDown)
[00:00:04.618075500 / 00:00:00.000790800] [70861080 bytes] After Test Method Finished:
                                                           - P\Tests\Feature\MedicineIndexTest::tearDown
[00:00:04.619575400 / 00:00:00.001499900] [70861080 bytes] Test Passed (P\Tests\Feature\MedicineIndexTest::__pest_evaluable_medicine_index_lists_medicines_with_category_name_from_relation)
[00:00:04.620386000 / 00:00:00.000810600] [70861080 bytes] Test Finished (P\Tests\Feature\MedicineIndexTest::__pest_evaluable_medicine_index_lists_medicines_with_category_name_from_relation)
[00:00:04.621255200 / 00:00:00.000869200] [70861080 bytes] Test Preparation Started (P\Tests\Feature\MedicineIndexTest::__pest_evaluable_medicine_index_search_filters_by_name_and_generic_name)
[00:00:04.635848400 / 00:00:00.014593200] [71235936 bytes] Before Test Method Called (P\Tests\Feature\MedicineIndexTest::setUp)
[00:00:04.637997600 / 00:00:00.002149200] [71235936 bytes] Before Test Method Finished:
                                                           - P\Tests\Feature\MedicineIndexTest::setUp
[00:00:04.638972300 / 00:00:00.000974700] [70939536 bytes] Test Prepared (P\Tests\Feature\MedicineIndexTest::__pest_evaluable_medicine_index_search_filters_by_name_and_generic_name)
[00:00:04.660349400 / 00:00:00.021377100] [71404152 bytes] Post Condition Method Called (P\Tests\Feature\MedicineIndexTest::__MarkTestIncompleteIfSnapshotHaveChanged)
[00:00:04.661474600 / 00:00:00.001125200] [71404152 bytes] Post Condition Method Finished:
                                                           - P\Tests\Feature\MedicineIndexTest::__MarkTestIncompleteIfSnapshotHaveChanged
[00:00:04.663071700 / 00:00:00.001597100] [71404152 bytes] After Test Method Called (P\Tests\Feature\MedicineIndexTest::tearDown)
[00:00:04.664301900 / 00:00:00.001230200] [71404152 bytes] After Test Method Finished:
                                                           - P\Tests\Feature\MedicineIndexTest::tearDown
[00:00:04.665168600 / 00:00:00.000866700] [71404152 bytes] Test Passed (P\Tests\Feature\MedicineIndexTest::__pest_evaluable_medicine_index_search_filters_by_name_and_generic_name)
[00:00:04.665933900 / 00:00:00.000765300] [71404152 bytes] Test Finished (P\Tests\Feature\MedicineIndexTest::__pest_evaluable_medicine_index_search_filters_by_name_and_generic_name)
[00:00:04.666877600 / 00:00:00.000943700] [71404152 bytes] Test Preparation Started (P\Tests\Feature\MedicineIndexTest::__pest_evaluable_medicine_index_filters_by_category__id)
[00:00:04.681987700 / 00:00:00.015110100] [71719416 bytes] Before Test Method Called (P\Tests\Feature\MedicineIndexTest::setUp)
[00:00:04.683195900 / 00:00:00.001208200] [71719416 bytes] Before Test Method Finished:
                                                           - P\Tests\Feature\MedicineIndexTest::setUp
[00:00:04.684022800 / 00:00:00.000826900] [71423016 bytes] Test Prepared (P\Tests\Feature\MedicineIndexTest::__pest_evaluable_medicine_index_filters_by_category__id)
[00:00:04.718115700 / 00:00:00.034092900] [72008136 bytes] Post Condition Method Called (P\Tests\Feature\MedicineIndexTest::__MarkTestIncompleteIfSnapshotHaveChanged)
[00:00:04.719548100 / 00:00:00.001432400] [72008136 bytes] Post Condition Method Finished:
                                                           - P\Tests\Feature\MedicineIndexTest::__MarkTestIncompleteIfSnapshotHaveChanged
[00:00:04.720898800 / 00:00:00.001350700] [72008136 bytes] After Test Method Called (P\Tests\Feature\MedicineIndexTest::tearDown)
[00:00:04.721879700 / 00:00:00.000980900] [72008136 bytes] After Test Method Finished:
                                                           - P\Tests\Feature\MedicineIndexTest::tearDown
[00:00:04.722605000 / 00:00:00.000725300] [72008136 bytes] Test Passed (P\Tests\Feature\MedicineIndexTest::__pest_evaluable_medicine_index_filters_by_category__id)
[00:00:04.723711200 / 00:00:00.001106200] [72008136 bytes] Test Finished (P\Tests\Feature\MedicineIndexTest::__pest_evaluable_medicine_index_filters_by_category__id)
[00:00:04.724668800 / 00:00:00.000957600] [72008136 bytes] Test Preparation Started (P\Tests\Feature\MedicineIndexTest::__pest_evaluable_medicine_index_paginates_fifteen_medicines_per_page)
[00:00:04.739162600 / 00:00:00.014493800] [72224928 bytes] Before Test Method Called (P\Tests\Feature\MedicineIndexTest::setUp)
[00:00:04.740191900 / 00:00:00.001029300] [72224928 bytes] Before Test Method Finished:
                                                           - P\Tests\Feature\MedicineIndexTest::setUp
[00:00:04.741017900 / 00:00:00.000826000] [71928528 bytes] Test Prepared (P\Tests\Feature\MedicineIndexTest::__pest_evaluable_medicine_index_paginates_fifteen_medicines_per_page)
[00:00:04.764518000 / 00:00:00.023500100] [72464944 bytes] Post Condition Method Called (P\Tests\Feature\MedicineIndexTest::__MarkTestIncompleteIfSnapshotHaveChanged)
[00:00:04.766319400 / 00:00:00.001801400] [72464944 bytes] Post Condition Method Finished:
                                                           - P\Tests\Feature\MedicineIndexTest::__MarkTestIncompleteIfSnapshotHaveChanged
[00:00:04.767689700 / 00:00:00.001370300] [72464944 bytes] After Test Method Called (P\Tests\Feature\MedicineIndexTest::tearDown)
[00:00:04.768479500 / 00:00:00.000789800] [72464944 bytes] After Test Method Finished:
                                                           - P\Tests\Feature\MedicineIndexTest::tearDown
[00:00:04.769688800 / 00:00:00.001209300] [72464944 bytes] Test Passed (P\Tests\Feature\MedicineIndexTest::__pest_evaluable_medicine_index_paginates_fifteen_medicines_per_page)
[00:00:04.771376100 / 00:00:00.001687300] [72464944 bytes] Test Finished (P\Tests\Feature\MedicineIndexTest::__pest_evaluable_medicine_index_paginates_fifteen_medicines_per_page)
[00:00:04.772499900 / 00:00:00.001123800] [72464944 bytes] Test Preparation Started (P\Tests\Feature\MedicineIndexTest::__pest_evaluable_medicine_index_shows_low_stock_and_expiring_soon_badges)
[00:00:04.787559700 / 00:00:00.015059800] [72731936 bytes] Before Test Method Called (P\Tests\Feature\MedicineIndexTest::setUp)
[00:00:04.788868200 / 00:00:00.001308500] [72731936 bytes] Before Test Method Finished:
                                                           - P\Tests\Feature\MedicineIndexTest::setUp
[00:00:04.789805200 / 00:00:00.000937000] [72435536 bytes] Test Prepared (P\Tests\Feature\MedicineIndexTest::__pest_evaluable_medicine_index_shows_low_stock_and_expiring_soon_badges)
[00:00:04.796554000 / 00:00:00.006748800] [72540808 bytes] Test Errored (P\Tests\Feature\MedicineIndexTest::__pest_evaluable_medicine_index_shows_low_stock_and_expiring_soon_badges)
                                                           Call to a member function all() on array
[00:00:04.797966200 / 00:00:00.001412200] [72540808 bytes] After Test Method Called (P\Tests\Feature\MedicineIndexTest::tearDown)
[00:00:04.798878600 / 00:00:00.000912400] [72540808 bytes] After Test Method Finished:
                                                           - P\Tests\Feature\MedicineIndexTest::tearDown
[00:00:04.799794300 / 00:00:00.000915700] [72540808 bytes] Test Finished (P\Tests\Feature\MedicineIndexTest::__pest_evaluable_medicine_index_shows_low_stock_and_expiring_soon_badges)
[00:00:04.800746500 / 00:00:00.000952200] [72540808 bytes] Test Preparation Started (P\Tests\Feature\MedicineIndexTest::__pest_evaluable_medicine_index_shows_delete_confirmation_modal_with_medicine_name)
[00:00:04.816274200 / 00:00:00.015527700] [73300312 bytes] Before Test Method Called (P\Tests\Feature\MedicineIndexTest::setUp)
[00:00:04.817286300 / 00:00:00.001012100] [73300312 bytes] Before Test Method Finished:
                                                           - P\Tests\Feature\MedicineIndexTest::setUp
[00:00:04.818136700 / 00:00:00.000850400] [73003912 bytes] Test Prepared (P\Tests\Feature\MedicineIndexTest::__pest_evaluable_medicine_index_shows_delete_confirmation_modal_with_medicine_name)
[00:00:04.836257400 / 00:00:00.018120700] [73362320 bytes] Post Condition Method Called (P\Tests\Feature\MedicineIndexTest::__MarkTestIncompleteIfSnapshotHaveChanged)
[00:00:04.838087900 / 00:00:00.001830500] [73362320 bytes] Post Condition Method Finished:
                                                           - P\Tests\Feature\MedicineIndexTest::__MarkTestIncompleteIfSnapshotHaveChanged
[00:00:04.839416600 / 00:00:00.001328700] [73362320 bytes] After Test Method Called (P\Tests\Feature\MedicineIndexTest::tearDown)
[00:00:04.840202200 / 00:00:00.000785600] [73362320 bytes] After Test Method Finished:
                                                           - P\Tests\Feature\MedicineIndexTest::tearDown
[00:00:04.841113000 / 00:00:00.000910800] [73362320 bytes] Test Passed (P\Tests\Feature\MedicineIndexTest::__pest_evaluable_medicine_index_shows_delete_confirmation_modal_with_medicine_name)
[00:00:04.841931900 / 00:00:00.000818900] [73362320 bytes] Test Finished (P\Tests\Feature\MedicineIndexTest::__pest_evaluable_medicine_index_shows_delete_confirmation_modal_with_medicine_name)
[00:00:04.842688600 / 00:00:00.000756700] [73362320 bytes] Test Preparation Started (P\Tests\Feature\MedicineIndexTest::__pest_evaluable_medicine_index_deletes_medicine_and_stock_mutations_when_confirmed)
[00:00:04.856995300 / 00:00:00.014306700] [73773320 bytes] Before Test Method Called (P\Tests\Feature\MedicineIndexTest::setUp)
[00:00:04.858092200 / 00:00:00.001096900] [73773320 bytes] Before Test Method Finished:
                                                           - P\Tests\Feature\MedicineIndexTest::setUp
[00:00:04.859108300 / 00:00:00.001016100] [73476920 bytes] Test Prepared (P\Tests\Feature\MedicineIndexTest::__pest_evaluable_medicine_index_deletes_medicine_and_stock_mutations_when_confirmed)
[00:00:04.885245500 / 00:00:00.026137200] [73965904 bytes] Post Condition Method Called (P\Tests\Feature\MedicineIndexTest::__MarkTestIncompleteIfSnapshotHaveChanged)
[00:00:04.886338400 / 00:00:00.001092900] [73965904 bytes] Post Condition Method Finished:
                                                           - P\Tests\Feature\MedicineIndexTest::__MarkTestIncompleteIfSnapshotHaveChanged
[00:00:04.887616200 / 00:00:00.001277800] [73965904 bytes] After Test Method Called (P\Tests\Feature\MedicineIndexTest::tearDown)
[00:00:04.888478500 / 00:00:00.000862300] [73965904 bytes] After Test Method Finished:
                                                           - P\Tests\Feature\MedicineIndexTest::tearDown
[00:00:04.889437400 / 00:00:00.000958900] [73965904 bytes] Test Passed (P\Tests\Feature\MedicineIndexTest::__pest_evaluable_medicine_index_deletes_medicine_and_stock_mutations_when_confirmed)
[00:00:04.890150800 / 00:00:00.000713400] [73965904 bytes] Test Finished (P\Tests\Feature\MedicineIndexTest::__pest_evaluable_medicine_index_deletes_medicine_and_stock_mutations_when_confirmed)
[00:00:04.890937200 / 00:00:00.000786400] [73965904 bytes] Test Preparation Started (P\Tests\Feature\MedicineIndexTest::__pest_evaluable_medicine_index_prevents_delete_when_medicine_has_sale_items)
[00:00:04.905199100 / 00:00:00.014261900] [74263920 bytes] Before Test Method Called (P\Tests\Feature\MedicineIndexTest::setUp)
[00:00:04.906998300 / 00:00:00.001799200] [74263920 bytes] Before Test Method Finished:
                                                           - P\Tests\Feature\MedicineIndexTest::setUp
[00:00:04.907866400 / 00:00:00.000868100] [73967520 bytes] Test Prepared (P\Tests\Feature\MedicineIndexTest::__pest_evaluable_medicine_index_prevents_delete_when_medicine_has_sale_items)
[00:00:04.930008700 / 00:00:00.022142300] [74337248 bytes] Post Condition Method Called (P\Tests\Feature\MedicineIndexTest::__MarkTestIncompleteIfSnapshotHaveChanged)
[00:00:04.931033000 / 00:00:00.001024300] [74337248 bytes] Post Condition Method Finished:
                                                           - P\Tests\Feature\MedicineIndexTest::__MarkTestIncompleteIfSnapshotHaveChanged
[00:00:04.932442300 / 00:00:00.001409300] [74337248 bytes] After Test Method Called (P\Tests\Feature\MedicineIndexTest::tearDown)
[00:00:04.933309400 / 00:00:00.000867100] [74337248 bytes] After Test Method Finished:
                                                           - P\Tests\Feature\MedicineIndexTest::tearDown
[00:00:04.934010700 / 00:00:00.000701300] [74337248 bytes] Test Passed (P\Tests\Feature\MedicineIndexTest::__pest_evaluable_medicine_index_prevents_delete_when_medicine_has_sale_items)
[00:00:04.935303200 / 00:00:00.001292500] [74337248 bytes] Test Finished (P\Tests\Feature\MedicineIndexTest::__pest_evaluable_medicine_index_prevents_delete_when_medicine_has_sale_items)
[00:00:04.936291000 / 00:00:00.000987800] [74337248 bytes] After Last Test Method Called (P\Tests\Feature\MedicineIndexTest::tearDownAfterClass)
[00:00:04.937293500 / 00:00:00.001002500] [74337248 bytes] After Last Test Method Finished:
                                                           - P\Tests\Feature\MedicineIndexTest::tearDownAfterClass
[00:00:04.938387800 / 00:00:00.001094300] [74337248 bytes] Test Suite Finished (P\Tests\Feature\MedicineIndexTest, 11 tests)
[00:00:04.939176900 / 00:00:00.000789100] [74337248 bytes] Test Suite Started (P\Tests\Feature\MutasiStokTest, 6 tests)
[00:00:04.940728400 / 00:00:00.001551500] [74337248 bytes] Before First Test Method Called (P\Tests\Feature\MutasiStokTest::setUpBeforeClass)
[00:00:04.942364200 / 00:00:00.001635800] [74337248 bytes] Before First Test Method Finished:
                                                           - P\Tests\Feature\MutasiStokTest::setUpBeforeClass
[00:00:04.943313900 / 00:00:00.000949700] [74337248 bytes] Test Preparation Started (P\Tests\Feature\MutasiStokTest::__pest_evaluable_guests_are_redirected_from_mutasi_stok_page)
[00:00:04.956956200 / 00:00:00.013642300] [74772528 bytes] Before Test Method Called (P\Tests\Feature\MutasiStokTest::setUp)
[00:00:04.957933900 / 00:00:00.000977700] [74772528 bytes] Before Test Method Finished:
                                                           - P\Tests\Feature\MutasiStokTest::setUp
[00:00:04.958718600 / 00:00:00.000784700] [74476128 bytes] Test Prepared (P\Tests\Feature\MutasiStokTest::__pest_evaluable_guests_are_redirected_from_mutasi_stok_page)
[00:00:04.962289100 / 00:00:00.003570500] [74573112 bytes] Post Condition Method Called (P\Tests\Feature\MutasiStokTest::__MarkTestIncompleteIfSnapshotHaveChanged)
[00:00:04.963280400 / 00:00:00.000991300] [74573112 bytes] Post Condition Method Finished:
                                                           - P\Tests\Feature\MutasiStokTest::__MarkTestIncompleteIfSnapshotHaveChanged
[00:00:04.964393100 / 00:00:00.001112700] [74573112 bytes] After Test Method Called (P\Tests\Feature\MutasiStokTest::tearDown)
[00:00:04.965241600 / 00:00:00.000848500] [74573112 bytes] After Test Method Finished:
                                                           - P\Tests\Feature\MutasiStokTest::tearDown
[00:00:04.965904300 / 00:00:00.000662700] [74573112 bytes] Test Passed (P\Tests\Feature\MutasiStokTest::__pest_evaluable_guests_are_redirected_from_mutasi_stok_page)
[00:00:04.967039100 / 00:00:00.001134800] [74573112 bytes] Test Finished (P\Tests\Feature\MutasiStokTest::__pest_evaluable_guests_are_redirected_from_mutasi_stok_page)
[00:00:04.967855500 / 00:00:00.000816400] [74573112 bytes] Test Preparation Started (P\Tests\Feature\MutasiStokTest::__pest_evaluable_cashier_cannot_access_mutasi_stok_page)
[00:00:04.983493900 / 00:00:00.015638400] [75352048 bytes] Before Test Method Called (P\Tests\Feature\MutasiStokTest::setUp)
[00:00:04.984525600 / 00:00:00.001031700] [75352048 bytes] Before Test Method Finished:
                                                           - P\Tests\Feature\MutasiStokTest::setUp
[00:00:04.985268500 / 00:00:00.000742900] [75055648 bytes] Test Prepared (P\Tests\Feature\MutasiStokTest::__pest_evaluable_cashier_cannot_access_mutasi_stok_page)
[00:00:04.995732000 / 00:00:00.010463500] [75214920 bytes] Test Errored (P\Tests\Feature\MutasiStokTest::__pest_evaluable_cashier_cannot_access_mutasi_stok_page)
                                                           Call to a member function all() on array
[00:00:04.997200100 / 00:00:00.001468100] [75214920 bytes] After Test Method Called (P\Tests\Feature\MutasiStokTest::tearDown)
[00:00:04.998187400 / 00:00:00.000987300] [75214920 bytes] After Test Method Finished:
                                                           - P\Tests\Feature\MutasiStokTest::tearDown
[00:00:04.999286600 / 00:00:00.001099200] [75214920 bytes] Test Finished (P\Tests\Feature\MutasiStokTest::__pest_evaluable_cashier_cannot_access_mutasi_stok_page)
[00:00:05.000420800 / 00:00:00.001134200] [75214920 bytes] Test Preparation Started (P\Tests\Feature\MutasiStokTest::__pest_evaluable_pharmacist_can_view_mutasi_stok_table)
[00:00:05.015227800 / 00:00:00.014807000] [75214920 bytes] Before Test Method Called (P\Tests\Feature\MutasiStokTest::setUp)
[00:00:05.016329500 / 00:00:00.001101700] [75214920 bytes] Before Test Method Finished:
                                                           - P\Tests\Feature\MutasiStokTest::setUp
[00:00:05.017197900 / 00:00:00.000868400] [69863672 bytes] Test Prepared (P\Tests\Feature\MutasiStokTest::__pest_evaluable_pharmacist_can_view_mutasi_stok_table)
[00:00:05.028647900 / 00:00:00.011450000] [70054512 bytes] Post Condition Method Called (P\Tests\Feature\MutasiStokTest::__MarkTestIncompleteIfSnapshotHaveChanged)
[00:00:05.029594400 / 00:00:00.000946500] [70054512 bytes] Post Condition Method Finished:
                                                           - P\Tests\Feature\MutasiStokTest::__MarkTestIncompleteIfSnapshotHaveChanged
[00:00:05.030974400 / 00:00:00.001380000] [70054512 bytes] After Test Method Called (P\Tests\Feature\MutasiStokTest::tearDown)
[00:00:05.032494300 / 00:00:00.001519900] [70054512 bytes] After Test Method Finished:
                                                           - P\Tests\Feature\MutasiStokTest::tearDown
[00:00:05.033177200 / 00:00:00.000682900] [70054512 bytes] Test Passed (P\Tests\Feature\MutasiStokTest::__pest_evaluable_pharmacist_can_view_mutasi_stok_table)
[00:00:05.033855900 / 00:00:00.000678700] [70054512 bytes] Test Finished (P\Tests\Feature\MutasiStokTest::__pest_evaluable_pharmacist_can_view_mutasi_stok_table)
[00:00:05.034743600 / 00:00:00.000887700] [70054512 bytes] Test Preparation Started (P\Tests\Feature\MutasiStokTest::__pest_evaluable_mutasi_stok_filters_by_type_search_and_date_range)
[00:00:05.049074000 / 00:00:00.014330400] [70610024 bytes] Before Test Method Called (P\Tests\Feature\MutasiStokTest::setUp)
[00:00:05.050234500 / 00:00:00.001160500] [70610024 bytes] Before Test Method Finished:
                                                           - P\Tests\Feature\MutasiStokTest::setUp
[00:00:05.051358900 / 00:00:00.001124400] [70313624 bytes] Test Prepared (P\Tests\Feature\MutasiStokTest::__pest_evaluable_mutasi_stok_filters_by_type_search_and_date_range)
[00:00:05.082700300 / 00:00:00.031341400] [70754664 bytes] Post Condition Method Called (P\Tests\Feature\MutasiStokTest::__MarkTestIncompleteIfSnapshotHaveChanged)
[00:00:05.083913000 / 00:00:00.001212700] [70754664 bytes] Post Condition Method Finished:
                                                           - P\Tests\Feature\MutasiStokTest::__MarkTestIncompleteIfSnapshotHaveChanged
[00:00:05.085376100 / 00:00:00.001463100] [70754664 bytes] After Test Method Called (P\Tests\Feature\MutasiStokTest::tearDown)
[00:00:05.086319600 / 00:00:00.000943500] [70754664 bytes] After Test Method Finished:
                                                           - P\Tests\Feature\MutasiStokTest::tearDown
[00:00:05.087018700 / 00:00:00.000699100] [70754664 bytes] Test Passed (P\Tests\Feature\MutasiStokTest::__pest_evaluable_mutasi_stok_filters_by_type_search_and_date_range)
[00:00:05.088008100 / 00:00:00.000989400] [70754664 bytes] Test Finished (P\Tests\Feature\MutasiStokTest::__pest_evaluable_mutasi_stok_filters_by_type_search_and_date_range)
[00:00:05.088910000 / 00:00:00.000901900] [70754664 bytes] Test Preparation Started (P\Tests\Feature\MutasiStokTest::__pest_evaluable_mutasi_stok_paginates_twenty_items_ordered_by_latest)
[00:00:05.104318300 / 00:00:00.015408300] [71158200 bytes] Before Test Method Called (P\Tests\Feature\MutasiStokTest::setUp)
[00:00:05.105510100 / 00:00:00.001191800] [71158200 bytes] Before Test Method Finished:
                                                           - P\Tests\Feature\MutasiStokTest::setUp
[00:00:05.106654800 / 00:00:00.001144700] [70861800 bytes] Test Prepared (P\Tests\Feature\MutasiStokTest::__pest_evaluable_mutasi_stok_paginates_twenty_items_ordered_by_latest)
[00:00:05.127453600 / 00:00:00.020798800] [71228968 bytes] Post Condition Method Called (P\Tests\Feature\MutasiStokTest::__MarkTestIncompleteIfSnapshotHaveChanged)
[00:00:05.128582100 / 00:00:00.001128500] [71228968 bytes] Post Condition Method Finished:
                                                           - P\Tests\Feature\MutasiStokTest::__MarkTestIncompleteIfSnapshotHaveChanged
[00:00:05.130555300 / 00:00:00.001973200] [71228968 bytes] After Test Method Called (P\Tests\Feature\MutasiStokTest::tearDown)
[00:00:05.131347000 / 00:00:00.000791700] [71228968 bytes] After Test Method Finished:
                                                           - P\Tests\Feature\MutasiStokTest::tearDown
[00:00:05.132311500 / 00:00:00.000964500] [71228968 bytes] Test Passed (P\Tests\Feature\MutasiStokTest::__pest_evaluable_mutasi_stok_paginates_twenty_items_ordered_by_latest)
[00:00:05.132960800 / 00:00:00.000649300] [71228968 bytes] Test Finished (P\Tests\Feature\MutasiStokTest::__pest_evaluable_mutasi_stok_paginates_twenty_items_ordered_by_latest)
[00:00:05.133816100 / 00:00:00.000855300] [71228968 bytes] Test Preparation Started (P\Tests\Feature\MutasiStokTest::__pest_evaluable_mutasi_stok_can_export_csv)
[00:00:05.148713600 / 00:00:00.014897500] [71653856 bytes] Before Test Method Called (P\Tests\Feature\MutasiStokTest::setUp)
[00:00:05.149839200 / 00:00:00.001125600] [71653856 bytes] Before Test Method Finished:
                                                           - P\Tests\Feature\MutasiStokTest::setUp
[00:00:05.150698700 / 00:00:00.000859500] [71357456 bytes] Test Prepared (P\Tests\Feature\MutasiStokTest::__pest_evaluable_mutasi_stok_can_export_csv)
[00:00:05.167019500 / 00:00:00.016320800] [71616736 bytes] Post Condition Method Called (P\Tests\Feature\MutasiStokTest::__MarkTestIncompleteIfSnapshotHaveChanged)
[00:00:05.168275800 / 00:00:00.001256300] [71616736 bytes] Post Condition Method Finished:
                                                           - P\Tests\Feature\MutasiStokTest::__MarkTestIncompleteIfSnapshotHaveChanged
[00:00:05.169702800 / 00:00:00.001427000] [71616736 bytes] After Test Method Called (P\Tests\Feature\MutasiStokTest::tearDown)
[00:00:05.171120200 / 00:00:00.001417400] [71616736 bytes] After Test Method Finished:
                                                           - P\Tests\Feature\MutasiStokTest::tearDown
[00:00:05.171717900 / 00:00:00.000597700] [71616736 bytes] Test Passed (P\Tests\Feature\MutasiStokTest::__pest_evaluable_mutasi_stok_can_export_csv)
[00:00:05.172959400 / 00:00:00.001241500] [71616736 bytes] Test Finished (P\Tests\Feature\MutasiStokTest::__pest_evaluable_mutasi_stok_can_export_csv)
[00:00:05.173886400 / 00:00:00.000927000] [71616736 bytes] After Last Test Method Called (P\Tests\Feature\MutasiStokTest::tearDownAfterClass)
[00:00:05.174962700 / 00:00:00.001076300] [71616736 bytes] After Last Test Method Finished:
                                                           - P\Tests\Feature\MutasiStokTest::tearDownAfterClass
[00:00:05.176137600 / 00:00:00.001174900] [71616736 bytes] Test Suite Finished (P\Tests\Feature\MutasiStokTest, 6 tests)
[00:00:05.177057600 / 00:00:00.000920000] [71616736 bytes] Test Suite Started (P\Tests\Feature\Pos\PosTransactionTest, 6 tests)
[00:00:05.178174600 / 00:00:00.001117000] [71616736 bytes] Before First Test Method Called (P\Tests\Feature\Pos\PosTransactionTest::setUpBeforeClass)
[00:00:05.179086100 / 00:00:00.000911500] [71616736 bytes] Before First Test Method Finished:
                                                           - P\Tests\Feature\Pos\PosTransactionTest::setUpBeforeClass
[00:00:05.180148800 / 00:00:00.001062700] [71616736 bytes] Test Preparation Started (P\Tests\Feature\Pos\PosTransactionTest::__pest_evaluable_test__successful__transaction__reduces__stock)
[00:00:05.194792300 / 00:00:00.014643500] [72156320 bytes] Before Test Method Called (P\Tests\Feature\Pos\PosTransactionTest::setUp)
[00:00:05.197690300 / 00:00:00.002898000] [72156320 bytes] Before Test Method Finished:
                                                           - P\Tests\Feature\Pos\PosTransactionTest::setUp
[00:00:05.198639200 / 00:00:00.000948900] [71859920 bytes] Test Prepared (P\Tests\Feature\Pos\PosTransactionTest::__pest_evaluable_test__successful__transaction__reduces__stock)
[00:00:05.206696500 / 00:00:00.008057300] [72062400 bytes] Post Condition Method Called (P\Tests\Feature\Pos\PosTransactionTest::__MarkTestIncompleteIfSnapshotHaveChanged)
[00:00:05.207867700 / 00:00:00.001171200] [72062400 bytes] Post Condition Method Finished:
                                                           - P\Tests\Feature\Pos\PosTransactionTest::__MarkTestIncompleteIfSnapshotHaveChanged
[00:00:05.209169900 / 00:00:00.001302200] [72062400 bytes] After Test Method Called (P\Tests\Feature\Pos\PosTransactionTest::tearDown)
[00:00:05.210262900 / 00:00:00.001093000] [72062400 bytes] After Test Method Finished:
                                                           - P\Tests\Feature\Pos\PosTransactionTest::tearDown
[00:00:05.210999700 / 00:00:00.000736800] [72062400 bytes] Test Passed (P\Tests\Feature\Pos\PosTransactionTest::__pest_evaluable_test__successful__transaction__reduces__stock)
[00:00:05.212214300 / 00:00:00.001214600] [72062400 bytes] Test Finished (P\Tests\Feature\Pos\PosTransactionTest::__pest_evaluable_test__successful__transaction__reduces__stock)
[00:00:05.213088500 / 00:00:00.000874200] [72062400 bytes] Test Preparation Started (P\Tests\Feature\Pos\PosTransactionTest::__pest_evaluable_test__transaction__fails__when__stock__insufficient)
[00:00:05.230351600 / 00:00:00.017263100] [72699072 bytes] Before Test Method Called (P\Tests\Feature\Pos\PosTransactionTest::setUp)
[00:00:05.231680100 / 00:00:00.001328500] [72699072 bytes] Before Test Method Finished:
                                                           - P\Tests\Feature\Pos\PosTransactionTest::setUp
[00:00:05.232715300 / 00:00:00.001035200] [72402672 bytes] Test Prepared (P\Tests\Feature\Pos\PosTransactionTest::__pest_evaluable_test__transaction__fails__when__stock__insufficient)
[00:00:05.239994400 / 00:00:00.007279100] [72513048 bytes] Post Condition Method Called (P\Tests\Feature\Pos\PosTransactionTest::__MarkTestIncompleteIfSnapshotHaveChanged)
[00:00:05.241290600 / 00:00:00.001296200] [72513048 bytes] Post Condition Method Finished:
                                                           - P\Tests\Feature\Pos\PosTransactionTest::__MarkTestIncompleteIfSnapshotHaveChanged
[00:00:05.242910200 / 00:00:00.001619600] [72513048 bytes] After Test Method Called (P\Tests\Feature\Pos\PosTransactionTest::tearDown)
[00:00:05.243682200 / 00:00:00.000772000] [72513048 bytes] After Test Method Finished:
                                                           - P\Tests\Feature\Pos\PosTransactionTest::tearDown
[00:00:05.244757500 / 00:00:00.001075300] [72513048 bytes] Test Passed (P\Tests\Feature\Pos\PosTransactionTest::__pest_evaluable_test__transaction__fails__when__stock__insufficient)
[00:00:05.245934900 / 00:00:00.001177400] [72513048 bytes] Test Finished (P\Tests\Feature\Pos\PosTransactionTest::__pest_evaluable_test__transaction__fails__when__stock__insufficient)
[00:00:05.247151000 / 00:00:00.001216100] [72513048 bytes] Test Preparation Started (P\Tests\Feature\Pos\PosTransactionTest::__pest_evaluable_test__prescription__medicine__requires__prescription__no)
[00:00:05.263325000 / 00:00:00.016174000] [73159552 bytes] Before Test Method Called (P\Tests\Feature\Pos\PosTransactionTest::setUp)
[00:00:05.265163400 / 00:00:00.001838400] [73159552 bytes] Before Test Method Finished:
                                                           - P\Tests\Feature\Pos\PosTransactionTest::setUp
[00:00:05.266205600 / 00:00:00.001042200] [72863152 bytes] Test Prepared (P\Tests\Feature\Pos\PosTransactionTest::__pest_evaluable_test__prescription__medicine__requires__prescription__no)
[00:00:05.274640500 / 00:00:00.008434900] [72987088 bytes] Post Condition Method Called (P\Tests\Feature\Pos\PosTransactionTest::__MarkTestIncompleteIfSnapshotHaveChanged)
[00:00:05.275909200 / 00:00:00.001268700] [72987088 bytes] Post Condition Method Finished:
                                                           - P\Tests\Feature\Pos\PosTransactionTest::__MarkTestIncompleteIfSnapshotHaveChanged
[00:00:05.277565400 / 00:00:00.001656200] [72987088 bytes] After Test Method Called (P\Tests\Feature\Pos\PosTransactionTest::tearDown)
[00:00:05.278494400 / 00:00:00.000929000] [72987088 bytes] After Test Method Finished:
                                                           - P\Tests\Feature\Pos\PosTransactionTest::tearDown
[00:00:05.279821200 / 00:00:00.001326800] [72987088 bytes] Test Passed (P\Tests\Feature\Pos\PosTransactionTest::__pest_evaluable_test__prescription__medicine__requires__prescription__no)
[00:00:05.280827500 / 00:00:00.001006300] [72987088 bytes] Test Finished (P\Tests\Feature\Pos\PosTransactionTest::__pest_evaluable_test__prescription__medicine__requires__prescription__no)
[00:00:05.281687000 / 00:00:00.000859500] [72987088 bytes] Test Preparation Started (P\Tests\Feature\Pos\PosTransactionTest::__pest_evaluable_test__transaction__creates__stock__mutation__record)
[00:00:05.296866500 / 00:00:00.015179500] [73624392 bytes] Before Test Method Called (P\Tests\Feature\Pos\PosTransactionTest::setUp)
[00:00:05.298043100 / 00:00:00.001176600] [73624392 bytes] Before Test Method Finished:
                                                           - P\Tests\Feature\Pos\PosTransactionTest::setUp
[00:00:05.299018100 / 00:00:00.000975000] [73327992 bytes] Test Prepared (P\Tests\Feature\Pos\PosTransactionTest::__pest_evaluable_test__transaction__creates__stock__mutation__record)
[00:00:05.307588500 / 00:00:00.008570400] [73451536 bytes] Post Condition Method Called (P\Tests\Feature\Pos\PosTransactionTest::__MarkTestIncompleteIfSnapshotHaveChanged)
[00:00:05.309713800 / 00:00:00.002125300] [73451536 bytes] Post Condition Method Finished:
                                                           - P\Tests\Feature\Pos\PosTransactionTest::__MarkTestIncompleteIfSnapshotHaveChanged
[00:00:05.311128700 / 00:00:00.001414900] [73451536 bytes] After Test Method Called (P\Tests\Feature\Pos\PosTransactionTest::tearDown)
[00:00:05.312031100 / 00:00:00.000902400] [73451536 bytes] After Test Method Finished:
                                                           - P\Tests\Feature\Pos\PosTransactionTest::tearDown
[00:00:05.312695500 / 00:00:00.000664400] [73451536 bytes] Test Passed (P\Tests\Feature\Pos\PosTransactionTest::__pest_evaluable_test__transaction__creates__stock__mutation__record)
[00:00:05.314018400 / 00:00:00.001322900] [73451536 bytes] Test Finished (P\Tests\Feature\Pos\PosTransactionTest::__pest_evaluable_test__transaction__creates__stock__mutation__record)
[00:00:05.315024100 / 00:00:00.001005700] [73451536 bytes] Test Preparation Started (P\Tests\Feature\Pos\PosTransactionTest::__pest_evaluable_test__invoice__number__is__unique__per__day)
[00:00:05.329631000 / 00:00:00.014606900] [74087800 bytes] Before Test Method Called (P\Tests\Feature\Pos\PosTransactionTest::setUp)
[00:00:05.330667500 / 00:00:00.001036500] [74087800 bytes] Before Test Method Finished:
                                                           - P\Tests\Feature\Pos\PosTransactionTest::setUp
[00:00:05.331706500 / 00:00:00.001039000] [73791400 bytes] Test Prepared (P\Tests\Feature\Pos\PosTransactionTest::__pest_evaluable_test__invoice__number__is__unique__per__day)
[00:00:05.340883200 / 00:00:00.009176700] [73936432 bytes] Post Condition Method Called (P\Tests\Feature\Pos\PosTransactionTest::__MarkTestIncompleteIfSnapshotHaveChanged)
[00:00:05.341992600 / 00:00:00.001109400] [73936432 bytes] Post Condition Method Finished:
                                                           - P\Tests\Feature\Pos\PosTransactionTest::__MarkTestIncompleteIfSnapshotHaveChanged
[00:00:05.343377500 / 00:00:00.001384900] [73936432 bytes] After Test Method Called (P\Tests\Feature\Pos\PosTransactionTest::tearDown)
[00:00:05.344398200 / 00:00:00.001020700] [73936432 bytes] After Test Method Finished:
                                                           - P\Tests\Feature\Pos\PosTransactionTest::tearDown
[00:00:05.346097900 / 00:00:00.001699700] [73936432 bytes] Test Passed (P\Tests\Feature\Pos\PosTransactionTest::__pest_evaluable_test__invoice__number__is__unique__per__day)
[00:00:05.347237600 / 00:00:00.001139700] [73936432 bytes] Test Finished (P\Tests\Feature\Pos\PosTransactionTest::__pest_evaluable_test__invoice__number__is__unique__per__day)
[00:00:05.348197800 / 00:00:00.000960200] [73936432 bytes] Test Preparation Started (P\Tests\Feature\Pos\PosTransactionTest::__pest_evaluable_test__bpjs__transaction__saves__claim__no)
[00:00:05.362523800 / 00:00:00.014326000] [74586696 bytes] Before Test Method Called (P\Tests\Feature\Pos\PosTransactionTest::setUp)
[00:00:05.364930100 / 00:00:00.002406300] [74586696 bytes] Before Test Method Finished:
                                                           - P\Tests\Feature\Pos\PosTransactionTest::setUp
[00:00:05.365941100 / 00:00:00.001011000] [74290296 bytes] Test Prepared (P\Tests\Feature\Pos\PosTransactionTest::__pest_evaluable_test__bpjs__transaction__saves__claim__no)
[00:00:05.373780600 / 00:00:00.007839500] [74413752 bytes] Post Condition Method Called (P\Tests\Feature\Pos\PosTransactionTest::__MarkTestIncompleteIfSnapshotHaveChanged)
[00:00:05.374887900 / 00:00:00.001107300] [74413752 bytes] Post Condition Method Finished:
                                                           - P\Tests\Feature\Pos\PosTransactionTest::__MarkTestIncompleteIfSnapshotHaveChanged
[00:00:05.376327000 / 00:00:00.001439100] [74413752 bytes] After Test Method Called (P\Tests\Feature\Pos\PosTransactionTest::tearDown)
[00:00:05.377090600 / 00:00:00.000763600] [74413752 bytes] After Test Method Finished:
                                                           - P\Tests\Feature\Pos\PosTransactionTest::tearDown
[00:00:05.377724900 / 00:00:00.000634300] [74413752 bytes] Test Passed (P\Tests\Feature\Pos\PosTransactionTest::__pest_evaluable_test__bpjs__transaction__saves__claim__no)
[00:00:05.378785400 / 00:00:00.001060500] [74413752 bytes] Test Finished (P\Tests\Feature\Pos\PosTransactionTest::__pest_evaluable_test__bpjs__transaction__saves__claim__no)
[00:00:05.379626600 / 00:00:00.000841200] [74413752 bytes] After Last Test Method Called (P\Tests\Feature\Pos\PosTransactionTest::tearDownAfterClass)
[00:00:05.380505500 / 00:00:00.000878900] [74413752 bytes] After Last Test Method Finished:
                                                           - P\Tests\Feature\Pos\PosTransactionTest::tearDownAfterClass
[00:00:05.382014400 / 00:00:00.001508900] [74413752 bytes] Test Suite Finished (P\Tests\Feature\Pos\PosTransactionTest, 6 tests)
[00:00:05.382639400 / 00:00:00.000625000] [74413752 bytes] Test Suite Started (P\Tests\Feature\SistemLoginTest, 5 tests)
[00:00:05.383829400 / 00:00:00.001190000] [74413752 bytes] Before First Test Method Called (P\Tests\Feature\SistemLoginTest::setUpBeforeClass)
[00:00:05.384563800 / 00:00:00.000734400] [74413752 bytes] Before First Test Method Finished:
                                                           - P\Tests\Feature\SistemLoginTest::setUpBeforeClass
[00:00:05.385506200 / 00:00:00.000942400] [74413752 bytes] Test Preparation Started (P\Tests\Feature\SistemLoginTest::__pest_evaluable_sistem_login_screen_can_be_rendered)
[00:00:05.401542200 / 00:00:00.016036000] [75072592 bytes] Before Test Method Called (P\Tests\Feature\SistemLoginTest::setUp)
[00:00:05.402794100 / 00:00:00.001251900] [75072592 bytes] Before Test Method Finished:
                                                           - P\Tests\Feature\SistemLoginTest::setUp
[00:00:05.403762100 / 00:00:00.000968000] [74776192 bytes] Test Prepared (P\Tests\Feature\SistemLoginTest::__pest_evaluable_sistem_login_screen_can_be_rendered)
[00:00:05.408467300 / 00:00:00.004705200] [74906960 bytes] Post Condition Method Called (P\Tests\Feature\SistemLoginTest::__MarkTestIncompleteIfSnapshotHaveChanged)
[00:00:05.409492700 / 00:00:00.001025400] [74906960 bytes] Post Condition Method Finished:
                                                           - P\Tests\Feature\SistemLoginTest::__MarkTestIncompleteIfSnapshotHaveChanged
[00:00:05.410814800 / 00:00:00.001322100] [74906960 bytes] After Test Method Called (P\Tests\Feature\SistemLoginTest::tearDown)
[00:00:05.411606600 / 00:00:00.000791800] [74906960 bytes] After Test Method Finished:
                                                           - P\Tests\Feature\SistemLoginTest::tearDown
[00:00:05.412283200 / 00:00:00.000676600] [74906960 bytes] Test Passed (P\Tests\Feature\SistemLoginTest::__pest_evaluable_sistem_login_screen_can_be_rendered)
[00:00:05.413210100 / 00:00:00.000926900] [74906960 bytes] Test Finished (P\Tests\Feature\SistemLoginTest::__pest_evaluable_sistem_login_screen_can_be_rendered)
[00:00:05.414005900 / 00:00:00.000795800] [74906960 bytes] Test Preparation Started (P\Tests\Feature\SistemLoginTest::__pest_evaluable_sistem_users_can_authenticate_using_the_login_screen)
[00:00:05.428334900 / 00:00:00.014329000] [75531048 bytes] Before Test Method Called (P\Tests\Feature\SistemLoginTest::setUp)
[00:00:05.429544500 / 00:00:00.001209600] [75531048 bytes] Before Test Method Finished:
                                                           - P\Tests\Feature\SistemLoginTest::setUp
[00:00:05.430496300 / 00:00:00.000951800] [75234648 bytes] Test Prepared (P\Tests\Feature\SistemLoginTest::__pest_evaluable_sistem_users_can_authenticate_using_the_login_screen)
[00:00:05.437409500 / 00:00:00.006913200] [75329232 bytes] Post Condition Method Called (P\Tests\Feature\SistemLoginTest::__MarkTestIncompleteIfSnapshotHaveChanged)
[00:00:05.438489200 / 00:00:00.001079700] [75329232 bytes] Post Condition Method Finished:
                                                           - P\Tests\Feature\SistemLoginTest::__MarkTestIncompleteIfSnapshotHaveChanged
[00:00:05.439809000 / 00:00:00.001319800] [75329232 bytes] After Test Method Called (P\Tests\Feature\SistemLoginTest::tearDown)
[00:00:05.440521200 / 00:00:00.000712200] [75329232 bytes] After Test Method Finished:
                                                           - P\Tests\Feature\SistemLoginTest::tearDown
[00:00:05.441239700 / 00:00:00.000718500] [75329232 bytes] Test Passed (P\Tests\Feature\SistemLoginTest::__pest_evaluable_sistem_users_can_authenticate_using_the_login_screen)
[00:00:05.442096200 / 00:00:00.000856500] [75329232 bytes] Test Finished (P\Tests\Feature\SistemLoginTest::__pest_evaluable_sistem_users_can_authenticate_using_the_login_screen)
[00:00:05.442766400 / 00:00:00.000670200] [75329232 bytes] Test Preparation Started (P\Tests\Feature\SistemLoginTest::__pest_evaluable_sistem_users_cannot_authenticate_with_incorrect_password)
[00:00:05.457689900 / 00:00:00.014923500] [76086136 bytes] Before Test Method Called (P\Tests\Feature\SistemLoginTest::setUp)
[00:00:05.458772600 / 00:00:00.001082700] [76086136 bytes] Before Test Method Finished:
                                                           - P\Tests\Feature\SistemLoginTest::setUp
[00:00:05.459450500 / 00:00:00.000677900] [75789736 bytes] Test Prepared (P\Tests\Feature\SistemLoginTest::__pest_evaluable_sistem_users_cannot_authenticate_with_incorrect_password)
[00:00:05.674394800 / 00:00:00.214944300] [75883528 bytes] Post Condition Method Called (P\Tests\Feature\SistemLoginTest::__MarkTestIncompleteIfSnapshotHaveChanged)
[00:00:05.675808800 / 00:00:00.001414000] [75883528 bytes] Post Condition Method Finished:
                                                           - P\Tests\Feature\SistemLoginTest::__MarkTestIncompleteIfSnapshotHaveChanged
[00:00:05.677112700 / 00:00:00.001303900] [75883528 bytes] After Test Method Called (P\Tests\Feature\SistemLoginTest::tearDown)
[00:00:05.677760600 / 00:00:00.000647900] [75883528 bytes] After Test Method Finished:
                                                           - P\Tests\Feature\SistemLoginTest::tearDown
[00:00:05.678328700 / 00:00:00.000568100] [75883528 bytes] Test Passed (P\Tests\Feature\SistemLoginTest::__pest_evaluable_sistem_users_cannot_authenticate_with_incorrect_password)
[00:00:05.679247900 / 00:00:00.000919200] [75883528 bytes] Test Finished (P\Tests\Feature\SistemLoginTest::__pest_evaluable_sistem_users_cannot_authenticate_with_incorrect_password)
[00:00:05.680212100 / 00:00:00.000964200] [75883528 bytes] Test Preparation Started (P\Tests\Feature\SistemLoginTest::__pest_evaluable_sistem_users_cannot_authenticate_if_they_are_inactive)
[00:00:05.696159100 / 00:00:00.015947000] [76639088 bytes] Before Test Method Called (P\Tests\Feature\SistemLoginTest::setUp)
[00:00:05.697390500 / 00:00:00.001231400] [76639088 bytes] Before Test Method Finished:
                                                           - P\Tests\Feature\SistemLoginTest::setUp
[00:00:05.698088500 / 00:00:00.000698000] [76342688 bytes] Test Prepared (P\Tests\Feature\SistemLoginTest::__pest_evaluable_sistem_users_cannot_authenticate_if_they_are_inactive)
[00:00:05.704494700 / 00:00:00.006406200] [76436728 bytes] Post Condition Method Called (P\Tests\Feature\SistemLoginTest::__MarkTestIncompleteIfSnapshotHaveChanged)
[00:00:05.705527900 / 00:00:00.001033200] [76436728 bytes] Post Condition Method Finished:
                                                           - P\Tests\Feature\SistemLoginTest::__MarkTestIncompleteIfSnapshotHaveChanged
[00:00:05.706908300 / 00:00:00.001380400] [76436728 bytes] After Test Method Called (P\Tests\Feature\SistemLoginTest::tearDown)
[00:00:05.708046900 / 00:00:00.001138600] [76436728 bytes] After Test Method Finished:
                                                           - P\Tests\Feature\SistemLoginTest::tearDown
[00:00:05.709541000 / 00:00:00.001494100] [76436728 bytes] Test Passed (P\Tests\Feature\SistemLoginTest::__pest_evaluable_sistem_users_cannot_authenticate_if_they_are_inactive)
[00:00:05.710650500 / 00:00:00.001109500] [76436728 bytes] Test Finished (P\Tests\Feature\SistemLoginTest::__pest_evaluable_sistem_users_cannot_authenticate_if_they_are_inactive)
[00:00:05.711333800 / 00:00:00.000683300] [76436728 bytes] Test Preparation Started (P\Tests\Feature\SistemLoginTest::__pest_evaluable_sistem_users_can_logout)
[00:00:05.726192300 / 00:00:00.014858500] [77188472 bytes] Before Test Method Called (P\Tests\Feature\SistemLoginTest::setUp)
[00:00:05.727287300 / 00:00:00.001095000] [77188472 bytes] Before Test Method Finished:
                                                           - P\Tests\Feature\SistemLoginTest::setUp
[00:00:05.728418900 / 00:00:00.001131600] [76892072 bytes] Test Prepared (P\Tests\Feature\SistemLoginTest::__pest_evaluable_sistem_users_can_logout)
[00:00:05.734133900 / 00:00:00.005715000] [76983136 bytes] Post Condition Method Called (P\Tests\Feature\SistemLoginTest::__MarkTestIncompleteIfSnapshotHaveChanged)
[00:00:05.735277000 / 00:00:00.001143100] [76983136 bytes] Post Condition Method Finished:
                                                           - P\Tests\Feature\SistemLoginTest::__MarkTestIncompleteIfSnapshotHaveChanged
[00:00:05.736744200 / 00:00:00.001467200] [76983136 bytes] After Test Method Called (P\Tests\Feature\SistemLoginTest::tearDown)
[00:00:05.737877400 / 00:00:00.001133200] [76983136 bytes] After Test Method Finished:
                                                           - P\Tests\Feature\SistemLoginTest::tearDown
[00:00:05.738724200 / 00:00:00.000846800] [76983136 bytes] Test Passed (P\Tests\Feature\SistemLoginTest::__pest_evaluable_sistem_users_can_logout)
[00:00:05.739652400 / 00:00:00.000928200] [76983136 bytes] Test Finished (P\Tests\Feature\SistemLoginTest::__pest_evaluable_sistem_users_can_logout)
[00:00:05.740753200 / 00:00:00.001100800] [76983136 bytes] After Last Test Method Called (P\Tests\Feature\SistemLoginTest::tearDownAfterClass)
[00:00:05.741472800 / 00:00:00.000719600] [76983136 bytes] After Last Test Method Finished:
                                                           - P\Tests\Feature\SistemLoginTest::tearDownAfterClass
[00:00:05.742408100 / 00:00:00.000935300] [76983136 bytes] Test Suite Finished (P\Tests\Feature\SistemLoginTest, 5 tests)
[00:00:05.743322000 / 00:00:00.000913900] [76983136 bytes] Test Suite Started (P\Tests\Feature\SistemRoutesTest, 32 tests)
[00:00:05.744650400 / 00:00:00.001328400] [76983136 bytes] Before First Test Method Called (P\Tests\Feature\SistemRoutesTest::setUpBeforeClass)
[00:00:05.745312600 / 00:00:00.000662200] [76983136 bytes] Before First Test Method Finished:
                                                           - P\Tests\Feature\SistemRoutesTest::setUpBeforeClass
[00:00:05.746107500 / 00:00:00.000794900] [76983136 bytes] Test Suite Started (P\Tests\Feature\SistemRoutesTest::__pest_evaluable_guests_are_redirected_from_protected_sistem_routes_to_login, 8 tests)
[00:00:05.746879200 / 00:00:00.000771700] [76983136 bytes] Test Preparation Started (P\Tests\Feature\SistemRoutesTest::__pest_evaluable_guests_are_redirected_from_protected_sistem_routes_to_login#dataset "dashboard")
[00:00:05.761331800 / 00:00:00.014452600] [77759648 bytes] Before Test Method Called (P\Tests\Feature\SistemRoutesTest::setUp)
[00:00:05.762527000 / 00:00:00.001195200] [77759648 bytes] Before Test Method Finished:
                                                           - P\Tests\Feature\SistemRoutesTest::setUp
[00:00:05.763616800 / 00:00:00.001089800] [77463248 bytes] Test Prepared (P\Tests\Feature\SistemRoutesTest::__pest_evaluable_guests_are_redirected_from_protected_sistem_routes_to_login#dataset "dashboard")
[00:00:05.767369700 / 00:00:00.003752900] [77567704 bytes] Post Condition Method Called (P\Tests\Feature\SistemRoutesTest::__MarkTestIncompleteIfSnapshotHaveChanged)
[00:00:05.768787000 / 00:00:00.001417300] [77567704 bytes] Post Condition Method Finished:
                                                           - P\Tests\Feature\SistemRoutesTest::__MarkTestIncompleteIfSnapshotHaveChanged
[00:00:05.770109900 / 00:00:00.001322900] [77567704 bytes] After Test Method Called (P\Tests\Feature\SistemRoutesTest::tearDown)
[00:00:05.771027700 / 00:00:00.000917800] [77567704 bytes] After Test Method Finished:
                                                           - P\Tests\Feature\SistemRoutesTest::tearDown
[00:00:05.771684300 / 00:00:00.000656600] [77567704 bytes] Test Passed (P\Tests\Feature\SistemRoutesTest::__pest_evaluable_guests_are_redirected_from_protected_sistem_routes_to_login#dataset "dashboard")
[00:00:05.772400600 / 00:00:00.000716300] [77567704 bytes] Test Finished (P\Tests\Feature\SistemRoutesTest::__pest_evaluable_guests_are_redirected_from_protected_sistem_routes_to_login#dataset "dashboard")
[00:00:05.773464300 / 00:00:00.001063700] [77567704 bytes] Test Preparation Started (P\Tests\Feature\SistemRoutesTest::__pest_evaluable_guests_are_redirected_from_protected_sistem_routes_to_login#dataset "inventaris")
[00:00:05.788202200 / 00:00:00.014737900] [78299104 bytes] Before Test Method Called (P\Tests\Feature\SistemRoutesTest::setUp)
[00:00:05.789337800 / 00:00:00.001135600] [78299104 bytes] Before Test Method Finished:
                                                           - P\Tests\Feature\SistemRoutesTest::setUp
[00:00:05.790140400 / 00:00:00.000802600] [78002704 bytes] Test Prepared (P\Tests\Feature\SistemRoutesTest::__pest_evaluable_guests_are_redirected_from_protected_sistem_routes_to_login#dataset "inventaris")
[00:00:05.794187500 / 00:00:00.004047100] [78100256 bytes] Post Condition Method Called (P\Tests\Feature\SistemRoutesTest::__MarkTestIncompleteIfSnapshotHaveChanged)
[00:00:05.795113100 / 00:00:00.000925600] [78100256 bytes] Post Condition Method Finished:
                                                           - P\Tests\Feature\SistemRoutesTest::__MarkTestIncompleteIfSnapshotHaveChanged
[00:00:05.796540300 / 00:00:00.001427200] [78100256 bytes] After Test Method Called (P\Tests\Feature\SistemRoutesTest::tearDown)
[00:00:05.797357800 / 00:00:00.000817500] [78100256 bytes] After Test Method Finished:
                                                           - P\Tests\Feature\SistemRoutesTest::tearDown
[00:00:05.798221900 / 00:00:00.000864100] [78100256 bytes] Test Passed (P\Tests\Feature\SistemRoutesTest::__pest_evaluable_guests_are_redirected_from_protected_sistem_routes_to_login#dataset "inventaris")
[00:00:05.799075400 / 00:00:00.000853500] [78100256 bytes] Test Finished (P\Tests\Feature\SistemRoutesTest::__pest_evaluable_guests_are_redirected_from_protected_sistem_routes_to_login#dataset "inventaris")
[00:00:05.803878200 / 00:00:00.004802800] [78100256 bytes] Test Preparation Started (P\Tests\Feature\SistemRoutesTest::__pest_evaluable_guests_are_redirected_from_protected_sistem_routes_to_login#dataset "laporan")
[00:00:05.818088000 / 00:00:00.014209800] [78838136 bytes] Before Test Method Called (P\Tests\Feature\SistemRoutesTest::setUp)
[00:00:05.819169700 / 00:00:00.001081700] [78838136 bytes] Before Test Method Finished:
                                                           - P\Tests\Feature\SistemRoutesTest::setUp
[00:00:05.820214500 / 00:00:00.001044800] [78541736 bytes] Test Prepared (P\Tests\Feature\SistemRoutesTest::__pest_evaluable_guests_are_redirected_from_protected_sistem_routes_to_login#dataset "laporan")
[00:00:05.823439600 / 00:00:00.003225100] [78599248 bytes] Post Condition Method Called (P\Tests\Feature\SistemRoutesTest::__MarkTestIncompleteIfSnapshotHaveChanged)
[00:00:05.824458700 / 00:00:00.001019100] [78599248 bytes] Post Condition Method Finished:
                                                           - P\Tests\Feature\SistemRoutesTest::__MarkTestIncompleteIfSnapshotHaveChanged
[00:00:05.825587000 / 00:00:00.001128300] [78599248 bytes] After Test Method Called (P\Tests\Feature\SistemRoutesTest::tearDown)
[00:00:05.826898100 / 00:00:00.001311100] [78599248 bytes] After Test Method Finished:
                                                           - P\Tests\Feature\SistemRoutesTest::tearDown
[00:00:05.827473800 / 00:00:00.000575700] [78599248 bytes] Test Passed (P\Tests\Feature\SistemRoutesTest::__pest_evaluable_guests_are_redirected_from_protected_sistem_routes_to_login#dataset "laporan")
[00:00:05.828305800 / 00:00:00.000832000] [78599248 bytes] Test Finished (P\Tests\Feature\SistemRoutesTest::__pest_evaluable_guests_are_redirected_from_protected_sistem_routes_to_login#dataset "laporan")
[00:00:05.829393400 / 00:00:00.001087600] [78599248 bytes] Test Preparation Started (P\Tests\Feature\SistemRoutesTest::__pest_evaluable_guests_are_redirected_from_protected_sistem_routes_to_login#dataset "pos (kasir)")
[00:00:05.853228400 / 00:00:00.023835000] [79380032 bytes] Before Test Method Called (P\Tests\Feature\SistemRoutesTest::setUp)
[00:00:05.854475900 / 00:00:00.001247500] [79380032 bytes] Before Test Method Finished:
                                                           - P\Tests\Feature\SistemRoutesTest::setUp
[00:00:05.855521600 / 00:00:00.001045700] [70699560 bytes] Test Prepared (P\Tests\Feature\SistemRoutesTest::__pest_evaluable_guests_are_redirected_from_protected_sistem_routes_to_login#dataset "pos (kasir)")
[00:00:05.859495700 / 00:00:00.003974100] [70760008 bytes] Post Condition Method Called (P\Tests\Feature\SistemRoutesTest::__MarkTestIncompleteIfSnapshotHaveChanged)
[00:00:05.861425200 / 00:00:00.001929500] [70760008 bytes] Post Condition Method Finished:
                                                           - P\Tests\Feature\SistemRoutesTest::__MarkTestIncompleteIfSnapshotHaveChanged
[00:00:05.862848300 / 00:00:00.001423100] [70760008 bytes] After Test Method Called (P\Tests\Feature\SistemRoutesTest::tearDown)
[00:00:05.863705100 / 00:00:00.000856800] [70760008 bytes] After Test Method Finished:
                                                           - P\Tests\Feature\SistemRoutesTest::tearDown
[00:00:05.864287800 / 00:00:00.000582700] [70760008 bytes] Test Passed (P\Tests\Feature\SistemRoutesTest::__pest_evaluable_guests_are_redirected_from_protected_sistem_routes_to_login#dataset "pos (kasir)")
[00:00:05.865413500 / 00:00:00.001125700] [70760008 bytes] Test Finished (P\Tests\Feature\SistemRoutesTest::__pest_evaluable_guests_are_redirected_from_protected_sistem_routes_to_login#dataset "pos (kasir)")
[00:00:05.866298300 / 00:00:00.000884800] [70760008 bytes] Test Preparation Started (P\Tests\Feature\SistemRoutesTest::__pest_evaluable_guests_are_redirected_from_protected_sistem_routes_to_login#dataset "users")
[00:00:05.880663500 / 00:00:00.014365200] [71540712 bytes] Before Test Method Called (P\Tests\Feature\SistemRoutesTest::setUp)
[00:00:05.881979500 / 00:00:00.001316000] [71540712 bytes] Before Test Method Finished:
                                                           - P\Tests\Feature\SistemRoutesTest::setUp
[00:00:05.883012200 / 00:00:00.001032700] [71244312 bytes] Test Prepared (P\Tests\Feature\SistemRoutesTest::__pest_evaluable_guests_are_redirected_from_protected_sistem_routes_to_login#dataset "users")
[00:00:05.887491700 / 00:00:00.004479500] [71341632 bytes] Post Condition Method Called (P\Tests\Feature\SistemRoutesTest::__MarkTestIncompleteIfSnapshotHaveChanged)
[00:00:05.888683800 / 00:00:00.001192100] [71341632 bytes] Post Condition Method Finished:
                                                           - P\Tests\Feature\SistemRoutesTest::__MarkTestIncompleteIfSnapshotHaveChanged
[00:00:05.890085500 / 00:00:00.001401700] [71341632 bytes] After Test Method Called (P\Tests\Feature\SistemRoutesTest::tearDown)
[00:00:05.891209100 / 00:00:00.001123600] [71341632 bytes] After Test Method Finished:
                                                           - P\Tests\Feature\SistemRoutesTest::tearDown
[00:00:05.892125800 / 00:00:00.000916700] [71341632 bytes] Test Passed (P\Tests\Feature\SistemRoutesTest::__pest_evaluable_guests_are_redirected_from_protected_sistem_routes_to_login#dataset "users")
[00:00:05.892709500 / 00:00:00.000583700] [71341632 bytes] Test Finished (P\Tests\Feature\SistemRoutesTest::__pest_evaluable_guests_are_redirected_from_protected_sistem_routes_to_login#dataset "users")
[00:00:05.893633800 / 00:00:00.000924300] [71341632 bytes] Test Preparation Started (P\Tests\Feature\SistemRoutesTest::__pest_evaluable_guests_are_redirected_from_protected_sistem_routes_to_login#dataset "medicines index")
[00:00:05.910032500 / 00:00:00.016398700] [72079664 bytes] Before Test Method Called (P\Tests\Feature\SistemRoutesTest::setUp)
[00:00:05.911181400 / 00:00:00.001148900] [72079664 bytes] Before Test Method Finished:
                                                           - P\Tests\Feature\SistemRoutesTest::setUp
[00:00:05.912088300 / 00:00:00.000906900] [71783264 bytes] Test Prepared (P\Tests\Feature\SistemRoutesTest::__pest_evaluable_guests_are_redirected_from_protected_sistem_routes_to_login#dataset "medicines index")
[00:00:05.915769500 / 00:00:00.003681200] [71841920 bytes] Post Condition Method Called (P\Tests\Feature\SistemRoutesTest::__MarkTestIncompleteIfSnapshotHaveChanged)
[00:00:05.916672600 / 00:00:00.000903100] [71841920 bytes] Post Condition Method Finished:
                                                           - P\Tests\Feature\SistemRoutesTest::__MarkTestIncompleteIfSnapshotHaveChanged
[00:00:05.918138100 / 00:00:00.001465500] [71841920 bytes] After Test Method Called (P\Tests\Feature\SistemRoutesTest::tearDown)
[00:00:05.919623500 / 00:00:00.001485400] [71841920 bytes] After Test Method Finished:
                                                           - P\Tests\Feature\SistemRoutesTest::tearDown
[00:00:05.920469400 / 00:00:00.000845900] [71841920 bytes] Test Passed (P\Tests\Feature\SistemRoutesTest::__pest_evaluable_guests_are_redirected_from_protected_sistem_routes_to_login#dataset "medicines index")
[00:00:05.921553300 / 00:00:00.001083900] [71841920 bytes] Test Finished (P\Tests\Feature\SistemRoutesTest::__pest_evaluable_guests_are_redirected_from_protected_sistem_routes_to_login#dataset "medicines index")
[00:00:05.922546900 / 00:00:00.000993600] [71841920 bytes] Test Preparation Started (P\Tests\Feature\SistemRoutesTest::__pest_evaluable_guests_are_redirected_from_protected_sistem_routes_to_login#dataset "stok opname")
[00:00:05.937091900 / 00:00:00.014545000] [72622584 bytes] Before Test Method Called (P\Tests\Feature\SistemRoutesTest::setUp)
[00:00:05.938229600 / 00:00:00.001137700] [72622584 bytes] Before Test Method Finished:
                                                           - P\Tests\Feature\SistemRoutesTest::setUp
[00:00:05.939130800 / 00:00:00.000901200] [72326184 bytes] Test Prepared (P\Tests\Feature\SistemRoutesTest::__pest_evaluable_guests_are_redirected_from_protected_sistem_routes_to_login#dataset "stok opname")
[00:00:05.943822600 / 00:00:00.004691800] [72474952 bytes] Post Condition Method Called (P\Tests\Feature\SistemRoutesTest::__MarkTestIncompleteIfSnapshotHaveChanged)
[00:00:05.944861800 / 00:00:00.001039200] [72474952 bytes] Post Condition Method Finished:
                                                           - P\Tests\Feature\SistemRoutesTest::__MarkTestIncompleteIfSnapshotHaveChanged
[00:00:05.946175900 / 00:00:00.001314100] [72474952 bytes] After Test Method Called (P\Tests\Feature\SistemRoutesTest::tearDown)
[00:00:05.949012600 / 00:00:00.002836700] [72474952 bytes] After Test Method Finished:
                                                           - P\Tests\Feature\SistemRoutesTest::tearDown
[00:00:05.949644500 / 00:00:00.000631900] [72474952 bytes] Test Passed (P\Tests\Feature\SistemRoutesTest::__pest_evaluable_guests_are_redirected_from_protected_sistem_routes_to_login#dataset "stok opname")
[00:00:05.950201100 / 00:00:00.000556600] [72474952 bytes] Test Finished (P\Tests\Feature\SistemRoutesTest::__pest_evaluable_guests_are_redirected_from_protected_sistem_routes_to_login#dataset "stok opname")
[00:00:05.950687100 / 00:00:00.000486000] [72474952 bytes] Test Preparation Started (P\Tests\Feature\SistemRoutesTest::__pest_evaluable_guests_are_redirected_from_protected_sistem_routes_to_login#dataset "mutasi stok")
[00:00:05.964262400 / 00:00:00.013575300] [73213520 bytes] Before Test Method Called (P\Tests\Feature\SistemRoutesTest::setUp)
[00:00:05.964845400 / 00:00:00.000583000] [73213520 bytes] Before Test Method Finished:
                                                           - P\Tests\Feature\SistemRoutesTest::setUp
[00:00:05.966512400 / 00:00:00.001667000] [72917120 bytes] Test Prepared (P\Tests\Feature\SistemRoutesTest::__pest_evaluable_guests_are_redirected_from_protected_sistem_routes_to_login#dataset "mutasi stok")
[00:00:05.970860100 / 00:00:00.004347700] [72973992 bytes] Post Condition Method Called (P\Tests\Feature\SistemRoutesTest::__MarkTestIncompleteIfSnapshotHaveChanged)
[00:00:05.971630100 / 00:00:00.000770000] [72973992 bytes] Post Condition Method Finished:
                                                           - P\Tests\Feature\SistemRoutesTest::__MarkTestIncompleteIfSnapshotHaveChanged
[00:00:05.972678100 / 00:00:00.001048000] [72973992 bytes] After Test Method Called (P\Tests\Feature\SistemRoutesTest::tearDown)
[00:00:05.973440600 / 00:00:00.000762500] [72973992 bytes] After Test Method Finished:
                                                           - P\Tests\Feature\SistemRoutesTest::tearDown
[00:00:05.974401700 / 00:00:00.000961100] [72973992 bytes] Test Passed (P\Tests\Feature\SistemRoutesTest::__pest_evaluable_guests_are_redirected_from_protected_sistem_routes_to_login#dataset "mutasi stok")
[00:00:05.975340900 / 00:00:00.000939200] [72973992 bytes] Test Finished (P\Tests\Feature\SistemRoutesTest::__pest_evaluable_guests_are_redirected_from_protected_sistem_routes_to_login#dataset "mutasi stok")
[00:00:05.976038200 / 00:00:00.000697300] [72973992 bytes] Test Suite Finished (P\Tests\Feature\SistemRoutesTest::__pest_evaluable_guests_are_redirected_from_protected_sistem_routes_to_login, 8 tests)
[00:00:05.976683800 / 00:00:00.000645600] [72973992 bytes] Test Preparation Started (P\Tests\Feature\SistemRoutesTest::__pest_evaluable_dashboard_shows_authenticated_user_name_and_role)
[00:00:05.991780600 / 00:00:00.015096800] [73753920 bytes] Before Test Method Called (P\Tests\Feature\SistemRoutesTest::setUp)
[00:00:05.992888200 / 00:00:00.001107600] [73753920 bytes] Before Test Method Finished:
                                                           - P\Tests\Feature\SistemRoutesTest::setUp
[00:00:05.993766200 / 00:00:00.000878000] [73457520 bytes] Test Prepared (P\Tests\Feature\SistemRoutesTest::__pest_evaluable_dashboard_shows_authenticated_user_name_and_role)
[00:00:05.999348500 / 00:00:00.005582300] [73596928 bytes] Test Errored (P\Tests\Feature\SistemRoutesTest::__pest_evaluable_dashboard_shows_authenticated_user_name_and_role)
                                                           Call to a member function all() on array
[00:00:06.000793400 / 00:00:00.001444900] [73596928 bytes] After Test Method Called (P\Tests\Feature\SistemRoutesTest::tearDown)
[00:00:06.001502100 / 00:00:00.000708700] [73596928 bytes] After Test Method Finished:
                                                           - P\Tests\Feature\SistemRoutesTest::tearDown
[00:00:06.002322200 / 00:00:00.000820100] [73596928 bytes] Test Finished (P\Tests\Feature\SistemRoutesTest::__pest_evaluable_dashboard_shows_authenticated_user_name_and_role)
[00:00:06.003002500 / 00:00:00.000680300] [73596928 bytes] Test Suite Started (P\Tests\Feature\SistemRoutesTest::__pest_evaluable_admin_can_access_all_sistem_modules, 8 tests)
[00:00:06.003655000 / 00:00:00.000652500] [73596928 bytes] Test Preparation Started (P\Tests\Feature\SistemRoutesTest::__pest_evaluable_admin_can_access_all_sistem_modules#dataset "dashboard")
[00:00:06.017079400 / 00:00:00.013424400] [74315576 bytes] Before Test Method Called (P\Tests\Feature\SistemRoutesTest::setUp)
[00:00:06.018175800 / 00:00:00.001096400] [74315576 bytes] Before Test Method Finished:
                                                           - P\Tests\Feature\SistemRoutesTest::setUp
[00:00:06.019027500 / 00:00:00.000851700] [74019176 bytes] Test Prepared (P\Tests\Feature\SistemRoutesTest::__pest_evaluable_admin_can_access_all_sistem_modules#dataset "dashboard")
[00:00:06.023989800 / 00:00:00.004962300] [74158968 bytes] Test Errored (P\Tests\Feature\SistemRoutesTest::__pest_evaluable_admin_can_access_all_sistem_modules#dataset "dashboard")
                                                           Call to a member function all() on array
[00:00:06.025254300 / 00:00:00.001264500] [74158968 bytes] After Test Method Called (P\Tests\Feature\SistemRoutesTest::tearDown)
[00:00:06.026160700 / 00:00:00.000906400] [74158968 bytes] After Test Method Finished:
                                                           - P\Tests\Feature\SistemRoutesTest::tearDown
[00:00:06.026768300 / 00:00:00.000607600] [74158968 bytes] Test Finished (P\Tests\Feature\SistemRoutesTest::__pest_evaluable_admin_can_access_all_sistem_modules#dataset "dashboard")
[00:00:06.027589300 / 00:00:00.000821000] [74158968 bytes] Test Preparation Started (P\Tests\Feature\SistemRoutesTest::__pest_evaluable_admin_can_access_all_sistem_modules#dataset "inventaris")
[00:00:06.041874400 / 00:00:00.014285100] [74878248 bytes] Before Test Method Called (P\Tests\Feature\SistemRoutesTest::setUp)
[00:00:06.042893500 / 00:00:00.001019100] [74878248 bytes] Before Test Method Finished:
                                                           - P\Tests\Feature\SistemRoutesTest::setUp
[00:00:06.043805400 / 00:00:00.000911900] [74581848 bytes] Test Prepared (P\Tests\Feature\SistemRoutesTest::__pest_evaluable_admin_can_access_all_sistem_modules#dataset "inventaris")
[00:00:06.049318600 / 00:00:00.005513200] [74714600 bytes] Test Errored (P\Tests\Feature\SistemRoutesTest::__pest_evaluable_admin_can_access_all_sistem_modules#dataset "inventaris")
                                                           Call to a member function all() on array
[00:00:06.053424400 / 00:00:00.004105800] [74714600 bytes] After Test Method Called (P\Tests\Feature\SistemRoutesTest::tearDown)
[00:00:06.054127400 / 00:00:00.000703000] [74714600 bytes] After Test Method Finished:
                                                           - P\Tests\Feature\SistemRoutesTest::tearDown
[00:00:06.055085300 / 00:00:00.000957900] [74714600 bytes] Test Finished (P\Tests\Feature\SistemRoutesTest::__pest_evaluable_admin_can_access_all_sistem_modules#dataset "inventaris")
[00:00:06.055645900 / 00:00:00.000560600] [74714600 bytes] Test Preparation Started (P\Tests\Feature\SistemRoutesTest::__pest_evaluable_admin_can_access_all_sistem_modules#dataset "laporan")
[00:00:06.069215600 / 00:00:00.013569700] [75440440 bytes] Before Test Method Called (P\Tests\Feature\SistemRoutesTest::setUp)
[00:00:06.070881100 / 00:00:00.001665500] [75440440 bytes] Before Test Method Finished:
                                                           - P\Tests\Feature\SistemRoutesTest::setUp
[00:00:06.071924600 / 00:00:00.001043500] [75144040 bytes] Test Prepared (P\Tests\Feature\SistemRoutesTest::__pest_evaluable_admin_can_access_all_sistem_modules#dataset "laporan")
[00:00:06.077095800 / 00:00:00.005171200] [75247704 bytes] Test Errored (P\Tests\Feature\SistemRoutesTest::__pest_evaluable_admin_can_access_all_sistem_modules#dataset "laporan")
                                                           Call to a member function all() on array
[00:00:06.078453200 / 00:00:00.001357400] [75247704 bytes] After Test Method Called (P\Tests\Feature\SistemRoutesTest::tearDown)
[00:00:06.079113600 / 00:00:00.000660400] [75247704 bytes] After Test Method Finished:
                                                           - P\Tests\Feature\SistemRoutesTest::tearDown
[00:00:06.079956600 / 00:00:00.000843000] [75247704 bytes] Test Finished (P\Tests\Feature\SistemRoutesTest::__pest_evaluable_admin_can_access_all_sistem_modules#dataset "laporan")
[00:00:06.080891100 / 00:00:00.000934500] [75247704 bytes] Test Preparation Started (P\Tests\Feature\SistemRoutesTest::__pest_evaluable_admin_can_access_all_sistem_modules#dataset "pos (kasir)")
[00:00:06.094712400 / 00:00:00.013821300] [76002304 bytes] Before Test Method Called (P\Tests\Feature\SistemRoutesTest::setUp)
[00:00:06.095848300 / 00:00:00.001135900] [76002304 bytes] Before Test Method Finished:
                                                           - P\Tests\Feature\SistemRoutesTest::setUp
[00:00:06.096870100 / 00:00:00.001021800] [75705904 bytes] Test Prepared (P\Tests\Feature\SistemRoutesTest::__pest_evaluable_admin_can_access_all_sistem_modules#dataset "pos (kasir)")
[00:00:06.101899500 / 00:00:00.005029400] [75810600 bytes] Test Errored (P\Tests\Feature\SistemRoutesTest::__pest_evaluable_admin_can_access_all_sistem_modules#dataset "pos (kasir)")
                                                           Call to a member function all() on array
[00:00:06.103276700 / 00:00:00.001377200] [75810600 bytes] After Test Method Called (P\Tests\Feature\SistemRoutesTest::tearDown)
[00:00:06.105310500 / 00:00:00.002033800] [75810600 bytes] After Test Method Finished:
                                                           - P\Tests\Feature\SistemRoutesTest::tearDown
[00:00:06.106209000 / 00:00:00.000898500] [75810600 bytes] Test Finished (P\Tests\Feature\SistemRoutesTest::__pest_evaluable_admin_can_access_all_sistem_modules#dataset "pos (kasir)")
[00:00:06.107057400 / 00:00:00.000848400] [75810600 bytes] Test Preparation Started (P\Tests\Feature\SistemRoutesTest::__pest_evaluable_admin_can_access_all_sistem_modules#dataset "users")
[00:00:06.120914100 / 00:00:00.013856700] [76565136 bytes] Before Test Method Called (P\Tests\Feature\SistemRoutesTest::setUp)
[00:00:06.122023800 / 00:00:00.001109700] [76565136 bytes] Before Test Method Finished:
                                                           - P\Tests\Feature\SistemRoutesTest::setUp
[00:00:06.124097800 / 00:00:00.002074000] [76268736 bytes] Test Prepared (P\Tests\Feature\SistemRoutesTest::__pest_evaluable_admin_can_access_all_sistem_modules#dataset "users")
[00:00:06.129184900 / 00:00:00.005087100] [76401136 bytes] Test Errored (P\Tests\Feature\SistemRoutesTest::__pest_evaluable_admin_can_access_all_sistem_modules#dataset "users")
                                                           Call to a member function all() on array
[00:00:06.130529000 / 00:00:00.001344100] [76401136 bytes] After Test Method Called (P\Tests\Feature\SistemRoutesTest::tearDown)
[00:00:06.131452600 / 00:00:00.000923600] [76401136 bytes] After Test Method Finished:
                                                           - P\Tests\Feature\SistemRoutesTest::tearDown
[00:00:06.132606500 / 00:00:00.001153900] [76401136 bytes] Test Finished (P\Tests\Feature\SistemRoutesTest::__pest_evaluable_admin_can_access_all_sistem_modules#dataset "users")
[00:00:06.133403000 / 00:00:00.000796500] [76401136 bytes] Test Preparation Started (P\Tests\Feature\SistemRoutesTest::__pest_evaluable_admin_can_access_all_sistem_modules#dataset "medicines index")
[00:00:06.147566100 / 00:00:00.014163100] [77127384 bytes] Before Test Method Called (P\Tests\Feature\SistemRoutesTest::setUp)
[00:00:06.148675200 / 00:00:00.001109100] [77127384 bytes] Before Test Method Finished:
                                                           - P\Tests\Feature\SistemRoutesTest::setUp
[00:00:06.149844700 / 00:00:00.001169500] [76830984 bytes] Test Prepared (P\Tests\Feature\SistemRoutesTest::__pest_evaluable_admin_can_access_all_sistem_modules#dataset "medicines index")
[00:00:06.155263400 / 00:00:00.005418700] [76934648 bytes] Test Errored (P\Tests\Feature\SistemRoutesTest::__pest_evaluable_admin_can_access_all_sistem_modules#dataset "medicines index")
                                                           Call to a member function all() on array
[00:00:06.156540400 / 00:00:00.001277000] [76934648 bytes] After Test Method Called (P\Tests\Feature\SistemRoutesTest::tearDown)
[00:00:06.157400300 / 00:00:00.000859900] [76934648 bytes] After Test Method Finished:
                                                           - P\Tests\Feature\SistemRoutesTest::tearDown
[00:00:06.158524100 / 00:00:00.001123800] [76934648 bytes] Test Finished (P\Tests\Feature\SistemRoutesTest::__pest_evaluable_admin_can_access_all_sistem_modules#dataset "medicines index")
[00:00:06.159557800 / 00:00:00.001033700] [76934648 bytes] Test Preparation Started (P\Tests\Feature\SistemRoutesTest::__pest_evaluable_admin_can_access_all_sistem_modules#dataset "stok opname")
[00:00:06.173474900 / 00:00:00.013917100] [77689296 bytes] Before Test Method Called (P\Tests\Feature\SistemRoutesTest::setUp)
[00:00:06.174676700 / 00:00:00.001201800] [77689296 bytes] Before Test Method Finished:
                                                           - P\Tests\Feature\SistemRoutesTest::setUp
[00:00:06.175700400 / 00:00:00.001023700] [77392896 bytes] Test Prepared (P\Tests\Feature\SistemRoutesTest::__pest_evaluable_admin_can_access_all_sistem_modules#dataset "stok opname")
[00:00:06.180524400 / 00:00:00.004824000] [77496824 bytes] Test Errored (P\Tests\Feature\SistemRoutesTest::__pest_evaluable_admin_can_access_all_sistem_modules#dataset "stok opname")
                                                           Call to a member function all() on array
[00:00:06.181848800 / 00:00:00.001324400] [77496824 bytes] After Test Method Called (P\Tests\Feature\SistemRoutesTest::tearDown)
[00:00:06.182638800 / 00:00:00.000790000] [77496824 bytes] After Test Method Finished:
                                                           - P\Tests\Feature\SistemRoutesTest::tearDown
[00:00:06.183573800 / 00:00:00.000935000] [77496824 bytes] Test Finished (P\Tests\Feature\SistemRoutesTest::__pest_evaluable_admin_can_access_all_sistem_modules#dataset "stok opname")
[00:00:06.184265800 / 00:00:00.000692000] [77496824 bytes] Test Preparation Started (P\Tests\Feature\SistemRoutesTest::__pest_evaluable_admin_can_access_all_sistem_modules#dataset "mutasi stok")
[00:00:06.198743900 / 00:00:00.014478100] [78317008 bytes] Before Test Method Called (P\Tests\Feature\SistemRoutesTest::setUp)
[00:00:06.199764400 / 00:00:00.001020500] [78317008 bytes] Before Test Method Finished:
                                                           - P\Tests\Feature\SistemRoutesTest::setUp
[00:00:06.200616100 / 00:00:00.000851700] [78020608 bytes] Test Prepared (P\Tests\Feature\SistemRoutesTest::__pest_evaluable_admin_can_access_all_sistem_modules#dataset "mutasi stok")
[00:00:06.206120200 / 00:00:00.005504100] [78124776 bytes] Test Errored (P\Tests\Feature\SistemRoutesTest::__pest_evaluable_admin_can_access_all_sistem_modules#dataset "mutasi stok")
                                                           Call to a member function all() on array
[00:00:06.207607800 / 00:00:00.001487600] [78124776 bytes] After Test Method Called (P\Tests\Feature\SistemRoutesTest::tearDown)
[00:00:06.209799400 / 00:00:00.002191600] [78124776 bytes] After Test Method Finished:
                                                           - P\Tests\Feature\SistemRoutesTest::tearDown
[00:00:06.210685000 / 00:00:00.000885600] [78124776 bytes] Test Finished (P\Tests\Feature\SistemRoutesTest::__pest_evaluable_admin_can_access_all_sistem_modules#dataset "mutasi stok")
[00:00:06.211385400 / 00:00:00.000700400] [78124776 bytes] Test Suite Finished (P\Tests\Feature\SistemRoutesTest::__pest_evaluable_admin_can_access_all_sistem_modules, 8 tests)
[00:00:06.212618200 / 00:00:00.001232800] [78124776 bytes] Test Suite Started (P\Tests\Feature\SistemRoutesTest::__pest_evaluable_pharmacist_can_access_dashboard_inventaris_laporan_and_pos, 7 tests)
[00:00:06.213415800 / 00:00:00.000797600] [78124776 bytes] Test Preparation Started (P\Tests\Feature\SistemRoutesTest::__pest_evaluable_pharmacist_can_access_dashboard_inventaris_laporan_and_pos#dataset "dashboard")
[00:00:06.228705700 / 00:00:00.015289900] [78877896 bytes] Before Test Method Called (P\Tests\Feature\SistemRoutesTest::setUp)
[00:00:06.229786900 / 00:00:00.001081200] [78877896 bytes] Before Test Method Finished:
                                                           - P\Tests\Feature\SistemRoutesTest::setUp
[00:00:06.230903900 / 00:00:00.001117000] [78581496 bytes] Test Prepared (P\Tests\Feature\SistemRoutesTest::__pest_evaluable_pharmacist_can_access_dashboard_inventaris_laporan_and_pos#dataset "dashboard")
[00:00:06.236073100 / 00:00:00.005169200] [78721560 bytes] Test Errored (P\Tests\Feature\SistemRoutesTest::__pest_evaluable_pharmacist_can_access_dashboard_inventaris_laporan_and_pos#dataset "dashboard")
                                                           Call to a member function all() on array
[00:00:06.237467700 / 00:00:00.001394600] [78721560 bytes] After Test Method Called (P\Tests\Feature\SistemRoutesTest::tearDown)
[00:00:06.238267700 / 00:00:00.000800000] [78721560 bytes] After Test Method Finished:
                                                           - P\Tests\Feature\SistemRoutesTest::tearDown
[00:00:06.239176000 / 00:00:00.000908300] [78721560 bytes] Test Finished (P\Tests\Feature\SistemRoutesTest::__pest_evaluable_pharmacist_can_access_dashboard_inventaris_laporan_and_pos#dataset "dashboard")
[00:00:06.240081000 / 00:00:00.000905000] [78721560 bytes] Test Preparation Started (P\Tests\Feature\SistemRoutesTest::__pest_evaluable_pharmacist_can_access_dashboard_inventaris_laporan_and_pos#dataset "inventaris")
[00:00:06.254996600 / 00:00:00.014915600] [79440888 bytes] Before Test Method Called (P\Tests\Feature\SistemRoutesTest::setUp)
[00:00:06.256101300 / 00:00:00.001104700] [79440888 bytes] Before Test Method Finished:
                                                           - P\Tests\Feature\SistemRoutesTest::setUp
[00:00:06.257186800 / 00:00:00.001085500] [79144488 bytes] Test Prepared (P\Tests\Feature\SistemRoutesTest::__pest_evaluable_pharmacist_can_access_dashboard_inventaris_laporan_and_pos#dataset "inventaris")
[00:00:06.262544200 / 00:00:00.005357400] [79277248 bytes] Test Errored (P\Tests\Feature\SistemRoutesTest::__pest_evaluable_pharmacist_can_access_dashboard_inventaris_laporan_and_pos#dataset "inventaris")
                                                           Call to a member function all() on array
[00:00:06.263937800 / 00:00:00.001393600] [79277248 bytes] After Test Method Called (P\Tests\Feature\SistemRoutesTest::tearDown)
[00:00:06.264738700 / 00:00:00.000800900] [79277248 bytes] After Test Method Finished:
                                                           - P\Tests\Feature\SistemRoutesTest::tearDown
[00:00:06.265586800 / 00:00:00.000848100] [79277248 bytes] Test Finished (P\Tests\Feature\SistemRoutesTest::__pest_evaluable_pharmacist_can_access_dashboard_inventaris_laporan_and_pos#dataset "inventaris")
[00:00:06.266460800 / 00:00:00.000874000] [79277248 bytes] Test Preparation Started (P\Tests\Feature\SistemRoutesTest::__pest_evaluable_pharmacist_can_access_dashboard_inventaris_laporan_and_pos#dataset "laporan")
[00:00:06.280536500 / 00:00:00.014075700] [80003024 bytes] Before Test Method Called (P\Tests\Feature\SistemRoutesTest::setUp)
[00:00:06.281444800 / 00:00:00.000908300] [80003024 bytes] Before Test Method Finished:
                                                           - P\Tests\Feature\SistemRoutesTest::setUp
[00:00:06.282484600 / 00:00:00.001039800] [79706624 bytes] Test Prepared (P\Tests\Feature\SistemRoutesTest::__pest_evaluable_pharmacist_can_access_dashboard_inventaris_laporan_and_pos#dataset "laporan")
[00:00:06.287773400 / 00:00:00.005288800] [79810560 bytes] Test Errored (P\Tests\Feature\SistemRoutesTest::__pest_evaluable_pharmacist_can_access_dashboard_inventaris_laporan_and_pos#dataset "laporan")
                                                           Call to a member function all() on array
[00:00:06.289075100 / 00:00:00.001301700] [79810560 bytes] After Test Method Called (P\Tests\Feature\SistemRoutesTest::tearDown)
[00:00:06.289873600 / 00:00:00.000798500] [79810560 bytes] After Test Method Finished:
                                                           - P\Tests\Feature\SistemRoutesTest::tearDown
[00:00:06.290875300 / 00:00:00.001001700] [79810560 bytes] Test Finished (P\Tests\Feature\SistemRoutesTest::__pest_evaluable_pharmacist_can_access_dashboard_inventaris_laporan_and_pos#dataset "laporan")
[00:00:06.291640600 / 00:00:00.000765300] [79810560 bytes] Test Preparation Started (P\Tests\Feature\SistemRoutesTest::__pest_evaluable_pharmacist_can_access_dashboard_inventaris_laporan_and_pos#dataset "pos (kasir)")
[00:00:06.306004200 / 00:00:00.014363600] [80565160 bytes] Before Test Method Called (P\Tests\Feature\SistemRoutesTest::setUp)
[00:00:06.307137000 / 00:00:00.001132800] [80565160 bytes] Before Test Method Finished:
                                                           - P\Tests\Feature\SistemRoutesTest::setUp
[00:00:06.308257400 / 00:00:00.001120400] [80268760 bytes] Test Prepared (P\Tests\Feature\SistemRoutesTest::__pest_evaluable_pharmacist_can_access_dashboard_inventaris_laporan_and_pos#dataset "pos (kasir)")
[00:00:06.313146200 / 00:00:00.004888800] [80372416 bytes] Test Errored (P\Tests\Feature\SistemRoutesTest::__pest_evaluable_pharmacist_can_access_dashboard_inventaris_laporan_and_pos#dataset "pos (kasir)")
                                                           Call to a member function all() on array
[00:00:06.314504000 / 00:00:00.001357800] [80372416 bytes] After Test Method Called (P\Tests\Feature\SistemRoutesTest::tearDown)
[00:00:06.315308900 / 00:00:00.000804900] [80372416 bytes] After Test Method Finished:
                                                           - P\Tests\Feature\SistemRoutesTest::tearDown
[00:00:06.316367100 / 00:00:00.001058200] [80372416 bytes] Test Finished (P\Tests\Feature\SistemRoutesTest::__pest_evaluable_pharmacist_can_access_dashboard_inventaris_laporan_and_pos#dataset "pos (kasir)")
[00:00:06.316998500 / 00:00:00.000631400] [80372416 bytes] Test Preparation Started (P\Tests\Feature\SistemRoutesTest::__pest_evaluable_pharmacist_can_access_dashboard_inventaris_laporan_and_pos#dataset "medicines index")
[00:00:06.330705000 / 00:00:00.013706500] [81132616 bytes] Before Test Method Called (P\Tests\Feature\SistemRoutesTest::setUp)
[00:00:06.331732600 / 00:00:00.001027600] [81132616 bytes] Before Test Method Finished:
                                                           - P\Tests\Feature\SistemRoutesTest::setUp
[00:00:06.332861200 / 00:00:00.001128600] [80836216 bytes] Test Prepared (P\Tests\Feature\SistemRoutesTest::__pest_evaluable_pharmacist_can_access_dashboard_inventaris_laporan_and_pos#dataset "medicines index")
[00:00:06.338061600 / 00:00:00.005200400] [80940152 bytes] Test Errored (P\Tests\Feature\SistemRoutesTest::__pest_evaluable_pharmacist_can_access_dashboard_inventaris_laporan_and_pos#dataset "medicines index")
                                                           Call to a member function all() on array
[00:00:06.339287700 / 00:00:00.001226100] [80940152 bytes] After Test Method Called (P\Tests\Feature\SistemRoutesTest::tearDown)
[00:00:06.340009700 / 00:00:00.000722000] [80940152 bytes] After Test Method Finished:
                                                           - P\Tests\Feature\SistemRoutesTest::tearDown
[00:00:06.341131300 / 00:00:00.001121600] [80940152 bytes] Test Finished (P\Tests\Feature\SistemRoutesTest::__pest_evaluable_pharmacist_can_access_dashboard_inventaris_laporan_and_pos#dataset "medicines index")
[00:00:06.341841500 / 00:00:00.000710200] [80940152 bytes] Test Preparation Started (P\Tests\Feature\SistemRoutesTest::__pest_evaluable_pharmacist_can_access_dashboard_inventaris_laporan_and_pos#dataset "stok opname")
[00:00:06.355006400 / 00:00:00.013164900] [81694704 bytes] Before Test Method Called (P\Tests\Feature\SistemRoutesTest::setUp)
[00:00:06.356078000 / 00:00:00.001071600] [81694704 bytes] Before Test Method Finished:
                                                           - P\Tests\Feature\SistemRoutesTest::setUp
[00:00:06.357281800 / 00:00:00.001203800] [81398304 bytes] Test Prepared (P\Tests\Feature\SistemRoutesTest::__pest_evaluable_pharmacist_can_access_dashboard_inventaris_laporan_and_pos#dataset "stok opname")
[00:00:06.370778700 / 00:00:00.013496900] [81654096 bytes] Test Errored (P\Tests\Feature\SistemRoutesTest::__pest_evaluable_pharmacist_can_access_dashboard_inventaris_laporan_and_pos#dataset "stok opname")
                                                           Call to a member function all() on array
[00:00:06.372018900 / 00:00:00.001240200] [81654096 bytes] After Test Method Called (P\Tests\Feature\SistemRoutesTest::tearDown)
[00:00:06.372734300 / 00:00:00.000715400] [81654096 bytes] After Test Method Finished:
                                                           - P\Tests\Feature\SistemRoutesTest::tearDown
[00:00:06.373822500 / 00:00:00.001088200] [81654096 bytes] Test Finished (P\Tests\Feature\SistemRoutesTest::__pest_evaluable_pharmacist_can_access_dashboard_inventaris_laporan_and_pos#dataset "stok opname")
[00:00:06.374703400 / 00:00:00.000880900] [81654096 bytes] Test Preparation Started (P\Tests\Feature\SistemRoutesTest::__pest_evaluable_pharmacist_can_access_dashboard_inventaris_laporan_and_pos#dataset "mutasi stok")
[00:00:06.389011900 / 00:00:00.014308500] [81654096 bytes] Before Test Method Called (P\Tests\Feature\SistemRoutesTest::setUp)
[00:00:06.390286600 / 00:00:00.001274700] [81654096 bytes] Before Test Method Finished:
                                                           - P\Tests\Feature\SistemRoutesTest::setUp
[00:00:06.391557600 / 00:00:00.001271000] [72598016 bytes] Test Prepared (P\Tests\Feature\SistemRoutesTest::__pest_evaluable_pharmacist_can_access_dashboard_inventaris_laporan_and_pos#dataset "mutasi stok")
[00:00:06.396079000 / 00:00:00.004521400] [72701936 bytes] Test Errored (P\Tests\Feature\SistemRoutesTest::__pest_evaluable_pharmacist_can_access_dashboard_inventaris_laporan_and_pos#dataset "mutasi stok")
                                                           Call to a member function all() on array
[00:00:06.398256700 / 00:00:00.002177700] [72701936 bytes] After Test Method Called (P\Tests\Feature\SistemRoutesTest::tearDown)
[00:00:06.398980200 / 00:00:00.000723500] [72701936 bytes] After Test Method Finished:
                                                           - P\Tests\Feature\SistemRoutesTest::tearDown
[00:00:06.399597900 / 00:00:00.000617700] [72701936 bytes] Test Finished (P\Tests\Feature\SistemRoutesTest::__pest_evaluable_pharmacist_can_access_dashboard_inventaris_laporan_and_pos#dataset "mutasi stok")
[00:00:06.400681500 / 00:00:00.001083600] [72701936 bytes] Test Suite Finished (P\Tests\Feature\SistemRoutesTest::__pest_evaluable_pharmacist_can_access_dashboard_inventaris_laporan_and_pos, 7 tests)
[00:00:06.401496400 / 00:00:00.000814900] [72701936 bytes] Test Preparation Started (P\Tests\Feature\SistemRoutesTest::__pest_evaluable_pharmacist_cannot_access_user_management)
[00:00:06.416206600 / 00:00:00.014710200] [73455792 bytes] Before Test Method Called (P\Tests\Feature\SistemRoutesTest::setUp)
[00:00:06.417360100 / 00:00:00.001153500] [73455792 bytes] Before Test Method Finished:
                                                           - P\Tests\Feature\SistemRoutesTest::setUp
[00:00:06.418259500 / 00:00:00.000899400] [73159392 bytes] Test Prepared (P\Tests\Feature\SistemRoutesTest::__pest_evaluable_pharmacist_cannot_access_user_management)
[00:00:06.424013600 / 00:00:00.005754100] [73281344 bytes] Test Errored (P\Tests\Feature\SistemRoutesTest::__pest_evaluable_pharmacist_cannot_access_user_management)
                                                           Call to a member function all() on array
[00:00:06.425540900 / 00:00:00.001527300] [73281344 bytes] After Test Method Called (P\Tests\Feature\SistemRoutesTest::tearDown)
[00:00:06.426392400 / 00:00:00.000851500] [73281344 bytes] After Test Method Finished:
                                                           - P\Tests\Feature\SistemRoutesTest::tearDown
[00:00:06.427206800 / 00:00:00.000814400] [73281344 bytes] Test Finished (P\Tests\Feature\SistemRoutesTest::__pest_evaluable_pharmacist_cannot_access_user_management)
[00:00:06.427956100 / 00:00:00.000749300] [73281344 bytes] Test Preparation Started (P\Tests\Feature\SistemRoutesTest::__pest_evaluable_cashier_can_access_dashboard_and_pos_only)
[00:00:06.442776200 / 00:00:00.014820100] [74008752 bytes] Before Test Method Called (P\Tests\Feature\SistemRoutesTest::setUp)
[00:00:06.444038500 / 00:00:00.001262300] [74008752 bytes] Before Test Method Finished:
                                                           - P\Tests\Feature\SistemRoutesTest::setUp
[00:00:06.445080200 / 00:00:00.001041700] [73712352 bytes] Test Prepared (P\Tests\Feature\SistemRoutesTest::__pest_evaluable_cashier_can_access_dashboard_and_pos_only)
[00:00:06.450777800 / 00:00:00.005697600] [73852088 bytes] Test Errored (P\Tests\Feature\SistemRoutesTest::__pest_evaluable_cashier_can_access_dashboard_and_pos_only)
                                                           Call to a member function all() on array
[00:00:06.452369000 / 00:00:00.001591200] [73852088 bytes] After Test Method Called (P\Tests\Feature\SistemRoutesTest::tearDown)
[00:00:06.453451900 / 00:00:00.001082900] [73852088 bytes] After Test Method Finished:
                                                           - P\Tests\Feature\SistemRoutesTest::tearDown
[00:00:06.454456400 / 00:00:00.001004500] [73852088 bytes] Test Finished (P\Tests\Feature\SistemRoutesTest::__pest_evaluable_cashier_can_access_dashboard_and_pos_only)
[00:00:06.455354000 / 00:00:00.000897600] [73852088 bytes] Test Suite Started (P\Tests\Feature\SistemRoutesTest::__pest_evaluable_cashier_cannot_access_inventaris_laporan_or_user_management, 6 tests)
[00:00:06.456405600 / 00:00:00.001051600] [73852088 bytes] Test Preparation Started (P\Tests\Feature\SistemRoutesTest::__pest_evaluable_cashier_cannot_access_inventaris_laporan_or_user_management#dataset "inventaris")
[00:00:06.470554600 / 00:00:00.014149000] [74571168 bytes] Before Test Method Called (P\Tests\Feature\SistemRoutesTest::setUp)
[00:00:06.471715500 / 00:00:00.001160900] [74571168 bytes] Before Test Method Finished:
                                                           - P\Tests\Feature\SistemRoutesTest::setUp
[00:00:06.472764400 / 00:00:00.001048900] [74274768 bytes] Test Prepared (P\Tests\Feature\SistemRoutesTest::__pest_evaluable_cashier_cannot_access_inventaris_laporan_or_user_management#dataset "inventaris")
[00:00:06.478174100 / 00:00:00.005409700] [74397448 bytes] Test Errored (P\Tests\Feature\SistemRoutesTest::__pest_evaluable_cashier_cannot_access_inventaris_laporan_or_user_management#dataset "inventaris")
                                                           Call to a member function all() on array
[00:00:06.479739800 / 00:00:00.001565700] [74397448 bytes] After Test Method Called (P\Tests\Feature\SistemRoutesTest::tearDown)
[00:00:06.480981000 / 00:00:00.001241200] [74397448 bytes] After Test Method Finished:
                                                           - P\Tests\Feature\SistemRoutesTest::tearDown
[00:00:06.481783200 / 00:00:00.000802200] [74397448 bytes] Test Finished (P\Tests\Feature\SistemRoutesTest::__pest_evaluable_cashier_cannot_access_inventaris_laporan_or_user_management#dataset "inventaris")
[00:00:06.482523200 / 00:00:00.000740000] [74397448 bytes] Test Preparation Started (P\Tests\Feature\SistemRoutesTest::__pest_evaluable_cashier_cannot_access_inventaris_laporan_or_user_management#dataset "laporan")
[00:00:06.497320400 / 00:00:00.014797200] [75124136 bytes] Before Test Method Called (P\Tests\Feature\SistemRoutesTest::setUp)
[00:00:06.498370500 / 00:00:00.001050100] [75124136 bytes] Before Test Method Finished:
                                                           - P\Tests\Feature\SistemRoutesTest::setUp
[00:00:06.499173500 / 00:00:00.000803000] [74827736 bytes] Test Prepared (P\Tests\Feature\SistemRoutesTest::__pest_evaluable_cashier_cannot_access_inventaris_laporan_or_user_management#dataset "laporan")
[00:00:06.504167400 / 00:00:00.004993900] [74921088 bytes] Test Errored (P\Tests\Feature\SistemRoutesTest::__pest_evaluable_cashier_cannot_access_inventaris_laporan_or_user_management#dataset "laporan")
                                                           Call to a member function all() on array
[00:00:06.506086600 / 00:00:00.001919200] [74921088 bytes] After Test Method Called (P\Tests\Feature\SistemRoutesTest::tearDown)
[00:00:06.506875600 / 00:00:00.000789000] [74921088 bytes] After Test Method Finished:
                                                           - P\Tests\Feature\SistemRoutesTest::tearDown
[00:00:06.508074500 / 00:00:00.001198900] [74921088 bytes] Test Finished (P\Tests\Feature\SistemRoutesTest::__pest_evaluable_cashier_cannot_access_inventaris_laporan_or_user_management#dataset "laporan")
[00:00:06.508872100 / 00:00:00.000797600] [74921088 bytes] Test Preparation Started (P\Tests\Feature\SistemRoutesTest::__pest_evaluable_cashier_cannot_access_inventaris_laporan_or_user_management#dataset "users")
[00:00:06.522642000 / 00:00:00.013769900] [75676032 bytes] Before Test Method Called (P\Tests\Feature\SistemRoutesTest::setUp)
[00:00:06.524350500 / 00:00:00.001708500] [75676032 bytes] Before Test Method Finished:
                                                           - P\Tests\Feature\SistemRoutesTest::setUp
[00:00:06.525343800 / 00:00:00.000993300] [75379632 bytes] Test Prepared (P\Tests\Feature\SistemRoutesTest::__pest_evaluable_cashier_cannot_access_inventaris_laporan_or_user_management#dataset "users")
[00:00:06.530380300 / 00:00:00.005036500] [75501712 bytes] Test Errored (P\Tests\Feature\SistemRoutesTest::__pest_evaluable_cashier_cannot_access_inventaris_laporan_or_user_management#dataset "users")
                                                           Call to a member function all() on array
[00:00:06.531778400 / 00:00:00.001398100] [75501712 bytes] After Test Method Called (P\Tests\Feature\SistemRoutesTest::tearDown)
[00:00:06.532595900 / 00:00:00.000817500] [75501712 bytes] After Test Method Finished:
                                                           - P\Tests\Feature\SistemRoutesTest::tearDown
[00:00:06.533509300 / 00:00:00.000913400] [75501712 bytes] Test Finished (P\Tests\Feature\SistemRoutesTest::__pest_evaluable_cashier_cannot_access_inventaris_laporan_or_user_management#dataset "users")
[00:00:06.534204500 / 00:00:00.000695200] [75501712 bytes] Test Preparation Started (P\Tests\Feature\SistemRoutesTest::__pest_evaluable_cashier_cannot_access_inventaris_laporan_or_user_management#dataset "medicines index")
[00:00:06.548354300 / 00:00:00.014149800] [76228048 bytes] Before Test Method Called (P\Tests\Feature\SistemRoutesTest::setUp)
[00:00:06.549473500 / 00:00:00.001119200] [76228048 bytes] Before Test Method Finished:
                                                           - P\Tests\Feature\SistemRoutesTest::setUp
[00:00:06.550278600 / 00:00:00.000805100] [75931648 bytes] Test Prepared (P\Tests\Feature\SistemRoutesTest::__pest_evaluable_cashier_cannot_access_inventaris_laporan_or_user_management#dataset "medicines index")
[00:00:06.555113200 / 00:00:00.004834600] [76025256 bytes] Test Errored (P\Tests\Feature\SistemRoutesTest::__pest_evaluable_cashier_cannot_access_inventaris_laporan_or_user_management#dataset "medicines index")
                                                           Call to a member function all() on array
[00:00:06.556580000 / 00:00:00.001466800] [76025256 bytes] After Test Method Called (P\Tests\Feature\SistemRoutesTest::tearDown)
[00:00:06.557967900 / 00:00:00.001387900] [76025256 bytes] After Test Method Finished:
                                                           - P\Tests\Feature\SistemRoutesTest::tearDown
[00:00:06.559226800 / 00:00:00.001258900] [76025256 bytes] Test Finished (P\Tests\Feature\SistemRoutesTest::__pest_evaluable_cashier_cannot_access_inventaris_laporan_or_user_management#dataset "medicines index")
[00:00:06.560314400 / 00:00:00.001087600] [76025256 bytes] Test Preparation Started (P\Tests\Feature\SistemRoutesTest::__pest_evaluable_cashier_cannot_access_inventaris_laporan_or_user_management#dataset "stok opname")
[00:00:06.582483100 / 00:00:00.022168700] [76780824 bytes] Before Test Method Called (P\Tests\Feature\SistemRoutesTest::setUp)
[00:00:06.583613800 / 00:00:00.001130700] [76780824 bytes] Before Test Method Finished:
                                                           - P\Tests\Feature\SistemRoutesTest::setUp
[00:00:06.584693400 / 00:00:00.001079600] [76484424 bytes] Test Prepared (P\Tests\Feature\SistemRoutesTest::__pest_evaluable_cashier_cannot_access_inventaris_laporan_or_user_management#dataset "stok opname")
[00:00:06.589302700 / 00:00:00.004609300] [76578040 bytes] Test Errored (P\Tests\Feature\SistemRoutesTest::__pest_evaluable_cashier_cannot_access_inventaris_laporan_or_user_management#dataset "stok opname")
                                                           Call to a member function all() on array
[00:00:06.590769600 / 00:00:00.001466900] [76578040 bytes] After Test Method Called (P\Tests\Feature\SistemRoutesTest::tearDown)
[00:00:06.591852400 / 00:00:00.001082800] [76578040 bytes] After Test Method Finished:
                                                           - P\Tests\Feature\SistemRoutesTest::tearDown
[00:00:06.592873700 / 00:00:00.001021300] [76578040 bytes] Test Finished (P\Tests\Feature\SistemRoutesTest::__pest_evaluable_cashier_cannot_access_inventaris_laporan_or_user_management#dataset "stok opname")
[00:00:06.593760400 / 00:00:00.000886700] [76578040 bytes] Test Preparation Started (P\Tests\Feature\SistemRoutesTest::__pest_evaluable_cashier_cannot_access_inventaris_laporan_or_user_management#dataset "mutasi stok")
[00:00:06.608350200 / 00:00:00.014589800] [77333064 bytes] Before Test Method Called (P\Tests\Feature\SistemRoutesTest::setUp)
[00:00:06.609444700 / 00:00:00.001094500] [77333064 bytes] Before Test Method Finished:
                                                           - P\Tests\Feature\SistemRoutesTest::setUp
[00:00:06.610406200 / 00:00:00.000961500] [77036664 bytes] Test Prepared (P\Tests\Feature\SistemRoutesTest::__pest_evaluable_cashier_cannot_access_inventaris_laporan_or_user_management#dataset "mutasi stok")
[00:00:06.615305600 / 00:00:00.004899400] [77130280 bytes] Test Errored (P\Tests\Feature\SistemRoutesTest::__pest_evaluable_cashier_cannot_access_inventaris_laporan_or_user_management#dataset "mutasi stok")
                                                           Call to a member function all() on array
[00:00:06.616606700 / 00:00:00.001301100] [77130280 bytes] After Test Method Called (P\Tests\Feature\SistemRoutesTest::tearDown)
[00:00:06.617223800 / 00:00:00.000617100] [77130280 bytes] After Test Method Finished:
                                                           - P\Tests\Feature\SistemRoutesTest::tearDown
[00:00:06.617903500 / 00:00:00.000679700] [77130280 bytes] Test Finished (P\Tests\Feature\SistemRoutesTest::__pest_evaluable_cashier_cannot_access_inventaris_laporan_or_user_management#dataset "mutasi stok")
[00:00:06.618728400 / 00:00:00.000824900] [77130280 bytes] Test Suite Finished (P\Tests\Feature\SistemRoutesTest::__pest_evaluable_cashier_cannot_access_inventaris_laporan_or_user_management, 6 tests)
[00:00:06.619727100 / 00:00:00.000998700] [77130280 bytes] After Last Test Method Called (P\Tests\Feature\SistemRoutesTest::tearDownAfterClass)
[00:00:06.620376300 / 00:00:00.000649200] [77130280 bytes] After Last Test Method Finished:
                                                           - P\Tests\Feature\SistemRoutesTest::tearDownAfterClass
[00:00:06.621379400 / 00:00:00.001003100] [77130280 bytes] Test Suite Finished (P\Tests\Feature\SistemRoutesTest, 32 tests)
[00:00:06.622093600 / 00:00:00.000714200] [77130280 bytes] Test Suite Started (P\Tests\Feature\StokOpnameTest, 7 tests)
[00:00:06.623282200 / 00:00:00.001188600] [77130280 bytes] Before First Test Method Called (P\Tests\Feature\StokOpnameTest::setUpBeforeClass)
[00:00:06.623990000 / 00:00:00.000707800] [77130280 bytes] Before First Test Method Finished:
                                                           - P\Tests\Feature\StokOpnameTest::setUpBeforeClass
[00:00:06.625057000 / 00:00:00.001067000] [77130280 bytes] Test Preparation Started (P\Tests\Feature\StokOpnameTest::__pest_evaluable_guests_are_redirected_from_stok_opname_page)
[00:00:06.638946900 / 00:00:00.013889900] [77905848 bytes] Before Test Method Called (P\Tests\Feature\StokOpnameTest::setUp)
[00:00:06.639970800 / 00:00:00.001023900] [77905848 bytes] Before Test Method Finished:
                                                           - P\Tests\Feature\StokOpnameTest::setUp
[00:00:06.640760300 / 00:00:00.000789500] [77609448 bytes] Test Prepared (P\Tests\Feature\StokOpnameTest::__pest_evaluable_guests_are_redirected_from_stok_opname_page)
[00:00:06.644314900 / 00:00:00.003554600] [77663448 bytes] Post Condition Method Called (P\Tests\Feature\StokOpnameTest::__MarkTestIncompleteIfSnapshotHaveChanged)
[00:00:06.645470400 / 00:00:00.001155500] [77663448 bytes] Post Condition Method Finished:
                                                           - P\Tests\Feature\StokOpnameTest::__MarkTestIncompleteIfSnapshotHaveChanged
[00:00:06.647273700 / 00:00:00.001803300] [77663448 bytes] After Test Method Called (P\Tests\Feature\StokOpnameTest::tearDown)
[00:00:06.648126000 / 00:00:00.000852300] [77663448 bytes] After Test Method Finished:
                                                           - P\Tests\Feature\StokOpnameTest::tearDown
[00:00:06.648952200 / 00:00:00.000826200] [77663448 bytes] Test Passed (P\Tests\Feature\StokOpnameTest::__pest_evaluable_guests_are_redirected_from_stok_opname_page)
[00:00:06.649803400 / 00:00:00.000851200] [77663448 bytes] Test Finished (P\Tests\Feature\StokOpnameTest::__pest_evaluable_guests_are_redirected_from_stok_opname_page)
[00:00:06.650629400 / 00:00:00.000826000] [77663448 bytes] Test Preparation Started (P\Tests\Feature\StokOpnameTest::__pest_evaluable_cashier_cannot_access_stok_opname_page)
[00:00:06.665422300 / 00:00:00.014792900] [78445872 bytes] Before Test Method Called (P\Tests\Feature\StokOpnameTest::setUp)
[00:00:06.666472900 / 00:00:00.001050600] [78445872 bytes] Before Test Method Finished:
                                                           - P\Tests\Feature\StokOpnameTest::setUp
[00:00:06.667758500 / 00:00:00.001285600] [78149472 bytes] Test Prepared (P\Tests\Feature\StokOpnameTest::__pest_evaluable_cashier_cannot_access_stok_opname_page)
[00:00:06.672894700 / 00:00:00.005136200] [78242176 bytes] Test Errored (P\Tests\Feature\StokOpnameTest::__pest_evaluable_cashier_cannot_access_stok_opname_page)
                                                           Call to a member function all() on array
[00:00:06.674674000 / 00:00:00.001779300] [78242176 bytes] After Test Method Called (P\Tests\Feature\StokOpnameTest::tearDown)
[00:00:06.675602300 / 00:00:00.000928300] [78242176 bytes] After Test Method Finished:
                                                           - P\Tests\Feature\StokOpnameTest::tearDown
[00:00:06.676601000 / 00:00:00.000998700] [78242176 bytes] Test Finished (P\Tests\Feature\StokOpnameTest::__pest_evaluable_cashier_cannot_access_stok_opname_page)
[00:00:06.677265100 / 00:00:00.000664100] [78242176 bytes] Test Preparation Started (P\Tests\Feature\StokOpnameTest::__pest_evaluable_pharmacist_can_access_stok_opname_page)
[00:00:06.691372400 / 00:00:00.014107300] [78998376 bytes] Before Test Method Called (P\Tests\Feature\StokOpnameTest::setUp)
[00:00:06.692496600 / 00:00:00.001124200] [78998376 bytes] Before Test Method Finished:
                                                           - P\Tests\Feature\StokOpnameTest::setUp
[00:00:06.693576700 / 00:00:00.001080100] [78701976 bytes] Test Prepared (P\Tests\Feature\StokOpnameTest::__pest_evaluable_pharmacist_can_access_stok_opname_page)
[00:00:06.699899200 / 00:00:00.006322500] [78802080 bytes] Test Errored (P\Tests\Feature\StokOpnameTest::__pest_evaluable_pharmacist_can_access_stok_opname_page)
                                                           Call to a member function all() on array
[00:00:06.701920800 / 00:00:00.002021600] [78802080 bytes] After Test Method Called (P\Tests\Feature\StokOpnameTest::tearDown)
[00:00:06.702713500 / 00:00:00.000792700] [78802080 bytes] After Test Method Finished:
                                                           - P\Tests\Feature\StokOpnameTest::tearDown
[00:00:06.703584300 / 00:00:00.000870800] [78802080 bytes] Test Finished (P\Tests\Feature\StokOpnameTest::__pest_evaluable_pharmacist_can_access_stok_opname_page)
[00:00:06.704431900 / 00:00:00.000847600] [78802080 bytes] Test Preparation Started (P\Tests\Feature\StokOpnameTest::__pest_evaluable_stok_opname_shows_medicines_with_system_stock_and_difference)
[00:00:06.718591200 / 00:00:00.014159300] [79560256 bytes] Before Test Method Called (P\Tests\Feature\StokOpnameTest::setUp)
[00:00:06.720446500 / 00:00:00.001855300] [79560256 bytes] Before Test Method Finished:
                                                           - P\Tests\Feature\StokOpnameTest::setUp
[00:00:06.721610900 / 00:00:00.001164400] [79263856 bytes] Test Prepared (P\Tests\Feature\StokOpnameTest::__pest_evaluable_stok_opname_shows_medicines_with_system_stock_and_difference)
[00:00:06.738458800 / 00:00:00.016847900] [79626160 bytes] Post Condition Method Called (P\Tests\Feature\StokOpnameTest::__MarkTestIncompleteIfSnapshotHaveChanged)
[00:00:06.739528200 / 00:00:00.001069400] [79626160 bytes] Post Condition Method Finished:
                                                           - P\Tests\Feature\StokOpnameTest::__MarkTestIncompleteIfSnapshotHaveChanged
[00:00:06.740856400 / 00:00:00.001328200] [79626160 bytes] After Test Method Called (P\Tests\Feature\StokOpnameTest::tearDown)
[00:00:06.741806200 / 00:00:00.000949800] [79626160 bytes] After Test Method Finished:
                                                           - P\Tests\Feature\StokOpnameTest::tearDown
[00:00:06.742638400 / 00:00:00.000832200] [79626160 bytes] Test Passed (P\Tests\Feature\StokOpnameTest::__pest_evaluable_stok_opname_shows_medicines_with_system_stock_and_difference)
[00:00:06.743676700 / 00:00:00.001038300] [79626160 bytes] Test Finished (P\Tests\Feature\StokOpnameTest::__pest_evaluable_stok_opname_shows_medicines_with_system_stock_and_difference)
[00:00:06.744602200 / 00:00:00.000925500] [79626160 bytes] Test Preparation Started (P\Tests\Feature\StokOpnameTest::__pest_evaluable_stok_opname_requires_reason_before_saving)
[00:00:06.758660400 / 00:00:00.014058200] [80050704 bytes] Before Test Method Called (P\Tests\Feature\StokOpnameTest::setUp)
[00:00:06.759672100 / 00:00:00.001011700] [80050704 bytes] Before Test Method Finished:
                                                           - P\Tests\Feature\StokOpnameTest::setUp
[00:00:06.760619000 / 00:00:00.000946900] [79754304 bytes] Test Prepared (P\Tests\Feature\StokOpnameTest::__pest_evaluable_stok_opname_requires_reason_before_saving)
[00:00:06.782884100 / 00:00:00.022265100] [80197416 bytes] Post Condition Method Called (P\Tests\Feature\StokOpnameTest::__MarkTestIncompleteIfSnapshotHaveChanged)
[00:00:06.783934500 / 00:00:00.001050400] [80197416 bytes] Post Condition Method Finished:
                                                           - P\Tests\Feature\StokOpnameTest::__MarkTestIncompleteIfSnapshotHaveChanged
[00:00:06.785373200 / 00:00:00.001438700] [80197416 bytes] After Test Method Called (P\Tests\Feature\StokOpnameTest::tearDown)
[00:00:06.786538100 / 00:00:00.001164900] [80197416 bytes] After Test Method Finished:
                                                           - P\Tests\Feature\StokOpnameTest::tearDown
[00:00:06.787506600 / 00:00:00.000968500] [80197416 bytes] Test Passed (P\Tests\Feature\StokOpnameTest::__pest_evaluable_stok_opname_requires_reason_before_saving)
[00:00:06.788765100 / 00:00:00.001258500] [80197416 bytes] Test Finished (P\Tests\Feature\StokOpnameTest::__pest_evaluable_stok_opname_requires_reason_before_saving)
[00:00:06.789716100 / 00:00:00.000951000] [80197416 bytes] Test Preparation Started (P\Tests\Feature\StokOpnameTest::__pest_evaluable_stok_opname_saves_adjustments_and_records_stock_mutations)
[00:00:06.804031700 / 00:00:00.014315600] [80543136 bytes] Before Test Method Called (P\Tests\Feature\StokOpnameTest::setUp)
[00:00:06.805311000 / 00:00:00.001279300] [80543136 bytes] Before Test Method Finished:
                                                           - P\Tests\Feature\StokOpnameTest::setUp
[00:00:06.806735400 / 00:00:00.001424400] [80246736 bytes] Test Prepared (P\Tests\Feature\StokOpnameTest::__pest_evaluable_stok_opname_saves_adjustments_and_records_stock_mutations)
[00:00:06.841440300 / 00:00:00.034704900] [80730440 bytes] Post Condition Method Called (P\Tests\Feature\StokOpnameTest::__MarkTestIncompleteIfSnapshotHaveChanged)
[00:00:06.842737700 / 00:00:00.001297400] [80730440 bytes] Post Condition Method Finished:
                                                           - P\Tests\Feature\StokOpnameTest::__MarkTestIncompleteIfSnapshotHaveChanged
[00:00:06.844504200 / 00:00:00.001766500] [80730440 bytes] After Test Method Called (P\Tests\Feature\StokOpnameTest::tearDown)
[00:00:06.845428800 / 00:00:00.000924600] [80730440 bytes] After Test Method Finished:
                                                           - P\Tests\Feature\StokOpnameTest::tearDown
[00:00:06.846244600 / 00:00:00.000815800] [80730440 bytes] Test Passed (P\Tests\Feature\StokOpnameTest::__pest_evaluable_stok_opname_saves_adjustments_and_records_stock_mutations)
[00:00:06.847205300 / 00:00:00.000960700] [80730440 bytes] Test Finished (P\Tests\Feature\StokOpnameTest::__pest_evaluable_stok_opname_saves_adjustments_and_records_stock_mutations)
[00:00:06.847952100 / 00:00:00.000746800] [80730440 bytes] Test Preparation Started (P\Tests\Feature\StokOpnameTest::__pest_evaluable_stok_opname_shows_last_opname_timestamp_after_saving)
[00:00:06.863590300 / 00:00:00.015638200] [81063088 bytes] Before Test Method Called (P\Tests\Feature\StokOpnameTest::setUp)
[00:00:06.864888900 / 00:00:00.001298600] [81063088 bytes] Before Test Method Finished:
                                                           - P\Tests\Feature\StokOpnameTest::setUp
[00:00:06.866057900 / 00:00:00.001169000] [80766688 bytes] Test Prepared (P\Tests\Feature\StokOpnameTest::__pest_evaluable_stok_opname_shows_last_opname_timestamp_after_saving)
[00:00:06.907206200 / 00:00:00.041148300] [81057928 bytes] Post Condition Method Called (P\Tests\Feature\StokOpnameTest::__MarkTestIncompleteIfSnapshotHaveChanged)
[00:00:06.908303500 / 00:00:00.001097300] [81057928 bytes] Post Condition Method Finished:
                                                           - P\Tests\Feature\StokOpnameTest::__MarkTestIncompleteIfSnapshotHaveChanged
[00:00:06.909747900 / 00:00:00.001444400] [81057928 bytes] After Test Method Called (P\Tests\Feature\StokOpnameTest::tearDown)
[00:00:06.910576600 / 00:00:00.000828700] [81057928 bytes] After Test Method Finished:
                                                           - P\Tests\Feature\StokOpnameTest::tearDown
[00:00:06.911252200 / 00:00:00.000675600] [81057928 bytes] Test Passed (P\Tests\Feature\StokOpnameTest::__pest_evaluable_stok_opname_shows_last_opname_timestamp_after_saving)
[00:00:06.912177400 / 00:00:00.000925200] [81057928 bytes] Test Finished (P\Tests\Feature\StokOpnameTest::__pest_evaluable_stok_opname_shows_last_opname_timestamp_after_saving)
[00:00:06.913057300 / 00:00:00.000879900] [81057928 bytes] After Last Test Method Called (P\Tests\Feature\StokOpnameTest::tearDownAfterClass)
[00:00:06.913727800 / 00:00:00.000670500] [81057928 bytes] After Last Test Method Finished:
                                                           - P\Tests\Feature\StokOpnameTest::tearDownAfterClass
[00:00:06.914771600 / 00:00:00.001043800] [81057928 bytes] Test Suite Finished (P\Tests\Feature\StokOpnameTest, 7 tests)
[00:00:06.915966500 / 00:00:00.001194900] [81057928 bytes] Test Suite Started (P\Tests\Feature\UserManagementTest, 26 tests)
[00:00:06.917286000 / 00:00:00.001319500] [81057928 bytes] Before First Test Method Called (P\Tests\Feature\UserManagementTest::setUpBeforeClass)
[00:00:06.918089300 / 00:00:00.000803300] [81057928 bytes] Before First Test Method Finished:
                                                           - P\Tests\Feature\UserManagementTest::setUpBeforeClass
[00:00:06.918970300 / 00:00:00.000881000] [81057928 bytes] Test Preparation Started (P\Tests\Feature\UserManagementTest::__pest_evaluable_guests_are_redirected_from_admin_users_page)
[00:00:06.933648700 / 00:00:00.014678400] [81057928 bytes] Before Test Method Called (P\Tests\Feature\UserManagementTest::setUp)
[00:00:06.934782400 / 00:00:00.001133700] [81057928 bytes] Before Test Method Finished:
                                                           - P\Tests\Feature\UserManagementTest::setUp
[00:00:06.935917500 / 00:00:00.001135100] [73641840 bytes] Test Prepared (P\Tests\Feature\UserManagementTest::__pest_evaluable_guests_are_redirected_from_admin_users_page)
[00:00:06.939815700 / 00:00:00.003898200] [73812256 bytes] Post Condition Method Called (P\Tests\Feature\UserManagementTest::__MarkTestIncompleteIfSnapshotHaveChanged)
[00:00:06.940938000 / 00:00:00.001122300] [73812256 bytes] Post Condition Method Finished:
                                                           - P\Tests\Feature\UserManagementTest::__MarkTestIncompleteIfSnapshotHaveChanged
[00:00:06.942097700 / 00:00:00.001159700] [73812256 bytes] After Test Method Called (P\Tests\Feature\UserManagementTest::tearDown)
[00:00:06.942805600 / 00:00:00.000707900] [73812256 bytes] After Test Method Finished:
                                                           - P\Tests\Feature\UserManagementTest::tearDown
[00:00:06.944029500 / 00:00:00.001223900] [73812256 bytes] Test Passed (P\Tests\Feature\UserManagementTest::__pest_evaluable_guests_are_redirected_from_admin_users_page)
[00:00:06.944914500 / 00:00:00.000885000] [73812256 bytes] Test Finished (P\Tests\Feature\UserManagementTest::__pest_evaluable_guests_are_redirected_from_admin_users_page)
[00:00:06.945909300 / 00:00:00.000994800] [73812256 bytes] Test Preparation Started (P\Tests\Feature\UserManagementTest::__pest_evaluable_cashier_cannot_access_admin_users_page)
[00:00:06.960764600 / 00:00:00.014855300] [74594696 bytes] Before Test Method Called (P\Tests\Feature\UserManagementTest::setUp)
[00:00:06.962047800 / 00:00:00.001283200] [74594696 bytes] Before Test Method Finished:
                                                           - P\Tests\Feature\UserManagementTest::setUp
[00:00:06.962835000 / 00:00:00.000787200] [74298296 bytes] Test Prepared (P\Tests\Feature\UserManagementTest::__pest_evaluable_cashier_cannot_access_admin_users_page)
[00:00:06.968458000 / 00:00:00.005623000] [74390992 bytes] Test Errored (P\Tests\Feature\UserManagementTest::__pest_evaluable_cashier_cannot_access_admin_users_page)
                                                           Call to a member function all() on array
[00:00:06.969755200 / 00:00:00.001297200] [74390992 bytes] After Test Method Called (P\Tests\Feature\UserManagementTest::tearDown)
[00:00:06.970765500 / 00:00:00.001010300] [74390992 bytes] After Test Method Finished:
                                                           - P\Tests\Feature\UserManagementTest::tearDown
[00:00:06.972139000 / 00:00:00.001373500] [74390992 bytes] Test Finished (P\Tests\Feature\UserManagementTest::__pest_evaluable_cashier_cannot_access_admin_users_page)
[00:00:06.973345200 / 00:00:00.001206200] [74390992 bytes] Test Preparation Started (P\Tests\Feature\UserManagementTest::__pest_evaluable_pharmacist_cannot_access_admin_users_page)
[00:00:06.988019000 / 00:00:00.014673800] [75147168 bytes] Before Test Method Called (P\Tests\Feature\UserManagementTest::setUp)
[00:00:06.989263400 / 00:00:00.001244400] [75147168 bytes] Before Test Method Finished:
                                                           - P\Tests\Feature\UserManagementTest::setUp
[00:00:06.990225400 / 00:00:00.000962000] [74850768 bytes] Test Prepared (P\Tests\Feature\UserManagementTest::__pest_evaluable_pharmacist_cannot_access_admin_users_page)
[00:00:06.994879500 / 00:00:00.004654100] [74944232 bytes] Test Errored (P\Tests\Feature\UserManagementTest::__pest_evaluable_pharmacist_cannot_access_admin_users_page)
                                                           Call to a member function all() on array
[00:00:06.996875300 / 00:00:00.001995800] [74944232 bytes] After Test Method Called (P\Tests\Feature\UserManagementTest::tearDown)
[00:00:06.998500700 / 00:00:00.001625400] [74944232 bytes] After Test Method Finished:
                                                           - P\Tests\Feature\UserManagementTest::tearDown
[00:00:06.999825800 / 00:00:00.001325100] [74944232 bytes] Test Finished (P\Tests\Feature\UserManagementTest::__pest_evaluable_pharmacist_cannot_access_admin_users_page)
[00:00:07.001064100 / 00:00:00.001238300] [74944232 bytes] Test Preparation Started (P\Tests\Feature\UserManagementTest::__pest_evaluable_admin_can_access_user_management_page)
[00:00:07.015292900 / 00:00:00.014228800] [75700392 bytes] Before Test Method Called (P\Tests\Feature\UserManagementTest::setUp)
[00:00:07.016483000 / 00:00:00.001190100] [75700392 bytes] Before Test Method Finished:
                                                           - P\Tests\Feature\UserManagementTest::setUp
[00:00:07.017823600 / 00:00:00.001340600] [75403992 bytes] Test Prepared (P\Tests\Feature\UserManagementTest::__pest_evaluable_admin_can_access_user_management_page)
[00:00:07.022581900 / 00:00:00.004758300] [75497240 bytes] Test Errored (P\Tests\Feature\UserManagementTest::__pest_evaluable_admin_can_access_user_management_page)
                                                           Call to a member function all() on array
[00:00:07.024166300 / 00:00:00.001584400] [75497240 bytes] After Test Method Called (P\Tests\Feature\UserManagementTest::tearDown)
[00:00:07.025501900 / 00:00:00.001335600] [75497240 bytes] After Test Method Finished:
                                                           - P\Tests\Feature\UserManagementTest::tearDown
[00:00:07.026618300 / 00:00:00.001116400] [75497240 bytes] Test Finished (P\Tests\Feature\UserManagementTest::__pest_evaluable_admin_can_access_user_management_page)
[00:00:07.027453900 / 00:00:00.000835600] [75497240 bytes] Test Preparation Started (P\Tests\Feature\UserManagementTest::__pest_evaluable_user_management_lists_all_users)
[00:00:07.041626900 / 00:00:00.014173000] [76253384 bytes] Before Test Method Called (P\Tests\Feature\UserManagementTest::setUp)
[00:00:07.042834800 / 00:00:00.001207900] [76253384 bytes] Before Test Method Finished:
                                                           - P\Tests\Feature\UserManagementTest::setUp
[00:00:07.044176500 / 00:00:00.001341700] [75956984 bytes] Test Prepared (P\Tests\Feature\UserManagementTest::__pest_evaluable_user_management_lists_all_users)
[00:00:07.054485900 / 00:00:00.010309400] [76219192 bytes] Post Condition Method Called (P\Tests\Feature\UserManagementTest::__MarkTestIncompleteIfSnapshotHaveChanged)
[00:00:07.055692100 / 00:00:00.001206200] [76219192 bytes] Post Condition Method Finished:
                                                           - P\Tests\Feature\UserManagementTest::__MarkTestIncompleteIfSnapshotHaveChanged
[00:00:07.057113200 / 00:00:00.001421100] [76219192 bytes] After Test Method Called (P\Tests\Feature\UserManagementTest::tearDown)
[00:00:07.057832400 / 00:00:00.000719200] [76219192 bytes] After Test Method Finished:
                                                           - P\Tests\Feature\UserManagementTest::tearDown
[00:00:07.058633300 / 00:00:00.000800900] [76219192 bytes] Test Passed (P\Tests\Feature\UserManagementTest::__pest_evaluable_user_management_lists_all_users)
[00:00:07.059500800 / 00:00:00.000867500] [76219192 bytes] Test Finished (P\Tests\Feature\UserManagementTest::__pest_evaluable_user_management_lists_all_users)
[00:00:07.060194900 / 00:00:00.000694100] [76219192 bytes] Test Preparation Started (P\Tests\Feature\UserManagementTest::__pest_evaluable_user_management_shows_role_badge_and_status_badge)
[00:00:07.074203400 / 00:00:00.014008500] [76703752 bytes] Before Test Method Called (P\Tests\Feature\UserManagementTest::setUp)
[00:00:07.075297100 / 00:00:00.001093700] [76703752 bytes] Before Test Method Finished:
                                                           - P\Tests\Feature\UserManagementTest::setUp
[00:00:07.076319700 / 00:00:00.001022600] [76407352 bytes] Test Prepared (P\Tests\Feature\UserManagementTest::__pest_evaluable_user_management_shows_role_badge_and_status_badge)
[00:00:07.085752800 / 00:00:00.009433100] [76644416 bytes] Post Condition Method Called (P\Tests\Feature\UserManagementTest::__MarkTestIncompleteIfSnapshotHaveChanged)
[00:00:07.086964500 / 00:00:00.001211700] [76644416 bytes] Post Condition Method Finished:
                                                           - P\Tests\Feature\UserManagementTest::__MarkTestIncompleteIfSnapshotHaveChanged
[00:00:07.088454400 / 00:00:00.001489900] [76644416 bytes] After Test Method Called (P\Tests\Feature\UserManagementTest::tearDown)
[00:00:07.090162600 / 00:00:00.001708200] [76644416 bytes] After Test Method Finished:
                                                           - P\Tests\Feature\UserManagementTest::tearDown
[00:00:07.090863700 / 00:00:00.000701100] [76644416 bytes] Test Passed (P\Tests\Feature\UserManagementTest::__pest_evaluable_user_management_shows_role_badge_and_status_badge)
[00:00:07.091627500 / 00:00:00.000763800] [76644416 bytes] Test Finished (P\Tests\Feature\UserManagementTest::__pest_evaluable_user_management_shows_role_badge_and_status_badge)
[00:00:07.092285100 / 00:00:00.000657600] [76644416 bytes] Test Preparation Started (P\Tests\Feature\UserManagementTest::__pest_evaluable_user_management_search_filters_by_name)
[00:00:07.106408100 / 00:00:00.014123000] [77131008 bytes] Before Test Method Called (P\Tests\Feature\UserManagementTest::setUp)
[00:00:07.107425500 / 00:00:00.001017400] [77131008 bytes] Before Test Method Finished:
                                                           - P\Tests\Feature\UserManagementTest::setUp
[00:00:07.108498800 / 00:00:00.001073300] [76834608 bytes] Test Prepared (P\Tests\Feature\UserManagementTest::__pest_evaluable_user_management_search_filters_by_name)
[00:00:07.121228700 / 00:00:00.012729900] [77149360 bytes] Post Condition Method Called (P\Tests\Feature\UserManagementTest::__MarkTestIncompleteIfSnapshotHaveChanged)
[00:00:07.122300300 / 00:00:00.001071600] [77149360 bytes] Post Condition Method Finished:
                                                           - P\Tests\Feature\UserManagementTest::__MarkTestIncompleteIfSnapshotHaveChanged
[00:00:07.123922700 / 00:00:00.001622400] [77149360 bytes] After Test Method Called (P\Tests\Feature\UserManagementTest::tearDown)
[00:00:07.124724800 / 00:00:00.000802100] [77149360 bytes] After Test Method Finished:
                                                           - P\Tests\Feature\UserManagementTest::tearDown
[00:00:07.125594900 / 00:00:00.000870100] [77149360 bytes] Test Passed (P\Tests\Feature\UserManagementTest::__pest_evaluable_user_management_search_filters_by_name)
[00:00:07.126337600 / 00:00:00.000742700] [77149360 bytes] Test Finished (P\Tests\Feature\UserManagementTest::__pest_evaluable_user_management_search_filters_by_name)
[00:00:07.127130200 / 00:00:00.000792600] [77149360 bytes] Test Preparation Started (P\Tests\Feature\UserManagementTest::__pest_evaluable_user_management_search_filters_by_email)
[00:00:07.143197300 / 00:00:00.016067100] [77581048 bytes] Before Test Method Called (P\Tests\Feature\UserManagementTest::setUp)
[00:00:07.144214900 / 00:00:00.001017600] [77581048 bytes] Before Test Method Finished:
                                                           - P\Tests\Feature\UserManagementTest::setUp
[00:00:07.145213100 / 00:00:00.000998200] [77284648 bytes] Test Prepared (P\Tests\Feature\UserManagementTest::__pest_evaluable_user_management_search_filters_by_email)
[00:00:07.158068800 / 00:00:00.012855700] [77599032 bytes] Post Condition Method Called (P\Tests\Feature\UserManagementTest::__MarkTestIncompleteIfSnapshotHaveChanged)
[00:00:07.159270000 / 00:00:00.001201200] [77599032 bytes] Post Condition Method Finished:
                                                           - P\Tests\Feature\UserManagementTest::__MarkTestIncompleteIfSnapshotHaveChanged
[00:00:07.160652800 / 00:00:00.001382800] [77599032 bytes] After Test Method Called (P\Tests\Feature\UserManagementTest::tearDown)
[00:00:07.161422400 / 00:00:00.000769600] [77599032 bytes] After Test Method Finished:
                                                           - P\Tests\Feature\UserManagementTest::tearDown
[00:00:07.161906200 / 00:00:00.000483800] [77599032 bytes] Test Passed (P\Tests\Feature\UserManagementTest::__pest_evaluable_user_management_search_filters_by_email)
[00:00:07.162712500 / 00:00:00.000806300] [77599032 bytes] Test Finished (P\Tests\Feature\UserManagementTest::__pest_evaluable_user_management_search_filters_by_email)
[00:00:07.163453000 / 00:00:00.000740500] [77599032 bytes] Test Preparation Started (P\Tests\Feature\UserManagementTest::__pest_evaluable_user_management_paginates_fifteen_users_per_page)
[00:00:07.177737000 / 00:00:00.014284000] [78030736 bytes] Before Test Method Called (P\Tests\Feature\UserManagementTest::setUp)
[00:00:07.178867000 / 00:00:00.001130000] [78030736 bytes] Before Test Method Finished:
                                                           - P\Tests\Feature\UserManagementTest::setUp
[00:00:07.179639900 / 00:00:00.000772900] [77734336 bytes] Test Prepared (P\Tests\Feature\UserManagementTest::__pest_evaluable_user_management_paginates_fifteen_users_per_page)
[00:00:07.194200300 / 00:00:00.014560400] [78075560 bytes] Post Condition Method Called (P\Tests\Feature\UserManagementTest::__MarkTestIncompleteIfSnapshotHaveChanged)
[00:00:07.195221000 / 00:00:00.001020700] [78075560 bytes] Post Condition Method Finished:
                                                           - P\Tests\Feature\UserManagementTest::__MarkTestIncompleteIfSnapshotHaveChanged
[00:00:07.196650300 / 00:00:00.001429300] [78075560 bytes] After Test Method Called (P\Tests\Feature\UserManagementTest::tearDown)
[00:00:07.197351200 / 00:00:00.000700900] [78075560 bytes] After Test Method Finished:
                                                           - P\Tests\Feature\UserManagementTest::tearDown
[00:00:07.198060000 / 00:00:00.000708800] [78075560 bytes] Test Passed (P\Tests\Feature\UserManagementTest::__pest_evaluable_user_management_paginates_fifteen_users_per_page)
[00:00:07.199104300 / 00:00:00.001044300] [78075560 bytes] Test Finished (P\Tests\Feature\UserManagementTest::__pest_evaluable_user_management_paginates_fifteen_users_per_page)
[00:00:07.199855300 / 00:00:00.000751000] [78075560 bytes] Test Preparation Started (P\Tests\Feature\UserManagementTest::__pest_evaluable_admin_can_open_create_modal)
[00:00:07.214254200 / 00:00:00.014398900] [78490336 bytes] Before Test Method Called (P\Tests\Feature\UserManagementTest::setUp)
[00:00:07.215278100 / 00:00:00.001023900] [78490336 bytes] Before Test Method Finished:
                                                           - P\Tests\Feature\UserManagementTest::setUp
[00:00:07.216375200 / 00:00:00.001097100] [78193936 bytes] Test Prepared (P\Tests\Feature\UserManagementTest::__pest_evaluable_admin_can_open_create_modal)
[00:00:07.229078700 / 00:00:00.012703500] [78486176 bytes] Post Condition Method Called (P\Tests\Feature\UserManagementTest::__MarkTestIncompleteIfSnapshotHaveChanged)
[00:00:07.230160900 / 00:00:00.001082200] [78486176 bytes] Post Condition Method Finished:
                                                           - P\Tests\Feature\UserManagementTest::__MarkTestIncompleteIfSnapshotHaveChanged
[00:00:07.231523700 / 00:00:00.001362800] [78486176 bytes] After Test Method Called (P\Tests\Feature\UserManagementTest::tearDown)
[00:00:07.232198800 / 00:00:00.000675100] [78486176 bytes] After Test Method Finished:
                                                           - P\Tests\Feature\UserManagementTest::tearDown
[00:00:07.233161300 / 00:00:00.000962500] [78486176 bytes] Test Passed (P\Tests\Feature\UserManagementTest::__pest_evaluable_admin_can_open_create_modal)
[00:00:07.233790600 / 00:00:00.000629300] [78486176 bytes] Test Finished (P\Tests\Feature\UserManagementTest::__pest_evaluable_admin_can_open_create_modal)
[00:00:07.234670100 / 00:00:00.000879500] [78486176 bytes] Test Preparation Started (P\Tests\Feature\UserManagementTest::__pest_evaluable_admin_can_create_a_new_user)
[00:00:07.248834900 / 00:00:00.014164800] [78935568 bytes] Before Test Method Called (P\Tests\Feature\UserManagementTest::setUp)
[00:00:07.249898200 / 00:00:00.001063300] [78935568 bytes] Before Test Method Finished:
                                                           - P\Tests\Feature\UserManagementTest::setUp
[00:00:07.250845300 / 00:00:00.000947100] [78639168 bytes] Test Prepared (P\Tests\Feature\UserManagementTest::__pest_evaluable_admin_can_create_a_new_user)
[00:00:07.282623500 / 00:00:00.031778200] [79035768 bytes] Post Condition Method Called (P\Tests\Feature\UserManagementTest::__MarkTestIncompleteIfSnapshotHaveChanged)
[00:00:07.283778500 / 00:00:00.001155000] [79035768 bytes] Post Condition Method Finished:
                                                           - P\Tests\Feature\UserManagementTest::__MarkTestIncompleteIfSnapshotHaveChanged
[00:00:07.285499000 / 00:00:00.001720500] [79035768 bytes] After Test Method Called (P\Tests\Feature\UserManagementTest::tearDown)
[00:00:07.286488400 / 00:00:00.000989400] [79035768 bytes] After Test Method Finished:
                                                           - P\Tests\Feature\UserManagementTest::tearDown
[00:00:07.287364700 / 00:00:00.000876300] [79035768 bytes] Test Passed (P\Tests\Feature\UserManagementTest::__pest_evaluable_admin_can_create_a_new_user)
[00:00:07.288560900 / 00:00:00.001196200] [79035768 bytes] Test Finished (P\Tests\Feature\UserManagementTest::__pest_evaluable_admin_can_create_a_new_user)
[00:00:07.289523700 / 00:00:00.000962800] [79035768 bytes] Test Preparation Started (P\Tests\Feature\UserManagementTest::__pest_evaluable_create_user_validates_required_fields)
[00:00:07.304352200 / 00:00:00.014828500] [79409080 bytes] Before Test Method Called (P\Tests\Feature\UserManagementTest::setUp)
[00:00:07.305511300 / 00:00:00.001159100] [79409080 bytes] Before Test Method Finished:
                                                           - P\Tests\Feature\UserManagementTest::setUp
[00:00:07.306401800 / 00:00:00.000890500] [79112680 bytes] Test Prepared (P\Tests\Feature\UserManagementTest::__pest_evaluable_create_user_validates_required_fields)
[00:00:07.338758200 / 00:00:00.032356400] [79344648 bytes] Post Condition Method Called (P\Tests\Feature\UserManagementTest::__MarkTestIncompleteIfSnapshotHaveChanged)
[00:00:07.339785500 / 00:00:00.001027300] [79344648 bytes] Post Condition Method Finished:
                                                           - P\Tests\Feature\UserManagementTest::__MarkTestIncompleteIfSnapshotHaveChanged
[00:00:07.341083000 / 00:00:00.001297500] [79344648 bytes] After Test Method Called (P\Tests\Feature\UserManagementTest::tearDown)
[00:00:07.341891100 / 00:00:00.000808100] [79344648 bytes] After Test Method Finished:
                                                           - P\Tests\Feature\UserManagementTest::tearDown
[00:00:07.342760000 / 00:00:00.000868900] [79344648 bytes] Test Passed (P\Tests\Feature\UserManagementTest::__pest_evaluable_create_user_validates_required_fields)
[00:00:07.343690700 / 00:00:00.000930700] [79344648 bytes] Test Finished (P\Tests\Feature\UserManagementTest::__pest_evaluable_create_user_validates_required_fields)
[00:00:07.344308600 / 00:00:00.000617900] [79344648 bytes] Test Preparation Started (P\Tests\Feature\UserManagementTest::__pest_evaluable_create_user_validates_unique_email)
[00:00:07.358960600 / 00:00:00.014652000] [79344648 bytes] Before Test Method Called (P\Tests\Feature\UserManagementTest::setUp)
[00:00:07.360048800 / 00:00:00.001088200] [79344648 bytes] Before Test Method Finished:
                                                           - P\Tests\Feature\UserManagementTest::setUp
[00:00:07.360999400 / 00:00:00.000950600] [74489840 bytes] Test Prepared (P\Tests\Feature\UserManagementTest::__pest_evaluable_create_user_validates_unique_email)
[00:00:07.392904400 / 00:00:00.031905000] [74948712 bytes] Post Condition Method Called (P\Tests\Feature\UserManagementTest::__MarkTestIncompleteIfSnapshotHaveChanged)
[00:00:07.394052500 / 00:00:00.001148100] [74948712 bytes] Post Condition Method Finished:
                                                           - P\Tests\Feature\UserManagementTest::__MarkTestIncompleteIfSnapshotHaveChanged
[00:00:07.395694900 / 00:00:00.001642400] [74948712 bytes] After Test Method Called (P\Tests\Feature\UserManagementTest::tearDown)
[00:00:07.396546600 / 00:00:00.000851700] [74948712 bytes] After Test Method Finished:
                                                           - P\Tests\Feature\UserManagementTest::tearDown
[00:00:07.397423800 / 00:00:00.000877200] [74948712 bytes] Test Passed (P\Tests\Feature\UserManagementTest::__pest_evaluable_create_user_validates_unique_email)
[00:00:07.398346400 / 00:00:00.000922600] [74948712 bytes] Test Finished (P\Tests\Feature\UserManagementTest::__pest_evaluable_create_user_validates_unique_email)
[00:00:07.399579300 / 00:00:00.001232900] [74948712 bytes] Test Preparation Started (P\Tests\Feature\UserManagementTest::__pest_evaluable_create_user_validates_password_minimum_length)
[00:00:07.415376700 / 00:00:00.015797400] [75263456 bytes] Before Test Method Called (P\Tests\Feature\UserManagementTest::setUp)
[00:00:07.416661500 / 00:00:00.001284800] [75263456 bytes] Before Test Method Finished:
                                                           - P\Tests\Feature\UserManagementTest::setUp
[00:00:07.417659100 / 00:00:00.000997600] [74967056 bytes] Test Prepared (P\Tests\Feature\UserManagementTest::__pest_evaluable_create_user_validates_password_minimum_length)
[00:00:07.446208000 / 00:00:00.028548900] [75397936 bytes] Post Condition Method Called (P\Tests\Feature\UserManagementTest::__MarkTestIncompleteIfSnapshotHaveChanged)
[00:00:07.447240500 / 00:00:00.001032500] [75397936 bytes] Post Condition Method Finished:
                                                           - P\Tests\Feature\UserManagementTest::__MarkTestIncompleteIfSnapshotHaveChanged
[00:00:07.449221900 / 00:00:00.001981400] [75397936 bytes] After Test Method Called (P\Tests\Feature\UserManagementTest::tearDown)
[00:00:07.450178000 / 00:00:00.000956100] [75397936 bytes] After Test Method Finished:
                                                           - P\Tests\Feature\UserManagementTest::tearDown
[00:00:07.451280400 / 00:00:00.001102400] [75397936 bytes] Test Passed (P\Tests\Feature\UserManagementTest::__pest_evaluable_create_user_validates_password_minimum_length)
[00:00:07.452057300 / 00:00:00.000776900] [75397936 bytes] Test Finished (P\Tests\Feature\UserManagementTest::__pest_evaluable_create_user_validates_password_minimum_length)
[00:00:07.453057200 / 00:00:00.000999900] [75397936 bytes] Test Preparation Started (P\Tests\Feature\UserManagementTest::__pest_evaluable_create_user_validates_role_value)
[00:00:07.468182800 / 00:00:00.015125600] [75734288 bytes] Before Test Method Called (P\Tests\Feature\UserManagementTest::setUp)
[00:00:07.469228300 / 00:00:00.001045500] [75734288 bytes] Before Test Method Finished:
                                                           - P\Tests\Feature\UserManagementTest::setUp
[00:00:07.470233800 / 00:00:00.001005500] [75437888 bytes] Test Prepared (P\Tests\Feature\UserManagementTest::__pest_evaluable_create_user_validates_role_value)
[00:00:07.498738000 / 00:00:00.028504200] [75870536 bytes] Post Condition Method Called (P\Tests\Feature\UserManagementTest::__MarkTestIncompleteIfSnapshotHaveChanged)
[00:00:07.499686400 / 00:00:00.000948400] [75870536 bytes] Post Condition Method Finished:
                                                           - P\Tests\Feature\UserManagementTest::__MarkTestIncompleteIfSnapshotHaveChanged
[00:00:07.500744800 / 00:00:00.001058400] [75870536 bytes] After Test Method Called (P\Tests\Feature\UserManagementTest::tearDown)
[00:00:07.501605000 / 00:00:00.000860200] [75870536 bytes] After Test Method Finished:
                                                           - P\Tests\Feature\UserManagementTest::tearDown
[00:00:07.502576200 / 00:00:00.000971200] [75870536 bytes] Test Passed (P\Tests\Feature\UserManagementTest::__pest_evaluable_create_user_validates_role_value)
[00:00:07.503719000 / 00:00:00.001142800] [75870536 bytes] Test Finished (P\Tests\Feature\UserManagementTest::__pest_evaluable_create_user_validates_role_value)
[00:00:07.504588000 / 00:00:00.000869000] [75870536 bytes] Test Preparation Started (P\Tests\Feature\UserManagementTest::__pest_evaluable_admin_can_open_edit_modal_with_user_data_pre_filled)
[00:00:07.519944800 / 00:00:00.015356800] [76206144 bytes] Before Test Method Called (P\Tests\Feature\UserManagementTest::setUp)
[00:00:07.521073300 / 00:00:00.001128500] [76206144 bytes] Before Test Method Finished:
                                                           - P\Tests\Feature\UserManagementTest::setUp
[00:00:07.522105400 / 00:00:00.001032100] [75909744 bytes] Test Prepared (P\Tests\Feature\UserManagementTest::__pest_evaluable_admin_can_open_edit_modal_with_user_data_pre_filled)
[00:00:07.535174800 / 00:00:00.013069400] [76220592 bytes] Post Condition Method Called (P\Tests\Feature\UserManagementTest::__MarkTestIncompleteIfSnapshotHaveChanged)
[00:00:07.536284900 / 00:00:00.001110100] [76220592 bytes] Post Condition Method Finished:
                                                           - P\Tests\Feature\UserManagementTest::__MarkTestIncompleteIfSnapshotHaveChanged
[00:00:07.537648800 / 00:00:00.001363900] [76220592 bytes] After Test Method Called (P\Tests\Feature\UserManagementTest::tearDown)
[00:00:07.538398100 / 00:00:00.000749300] [76220592 bytes] After Test Method Finished:
                                                           - P\Tests\Feature\UserManagementTest::tearDown
[00:00:07.538957300 / 00:00:00.000559200] [76220592 bytes] Test Passed (P\Tests\Feature\UserManagementTest::__pest_evaluable_admin_can_open_edit_modal_with_user_data_pre_filled)
[00:00:07.539845300 / 00:00:00.000888000] [76220592 bytes] Test Finished (P\Tests\Feature\UserManagementTest::__pest_evaluable_admin_can_open_edit_modal_with_user_data_pre_filled)
[00:00:07.540452100 / 00:00:00.000606800] [76220592 bytes] Test Preparation Started (P\Tests\Feature\UserManagementTest::__pest_evaluable_admin_can_edit_user_name_and_role)
[00:00:07.554233900 / 00:00:00.013781800] [76654464 bytes] Before Test Method Called (P\Tests\Feature\UserManagementTest::setUp)
[00:00:07.557404000 / 00:00:00.003170100] [76654464 bytes] Before Test Method Finished:
                                                           - P\Tests\Feature\UserManagementTest::setUp
[00:00:07.558422700 / 00:00:00.001018700] [76358064 bytes] Test Prepared (P\Tests\Feature\UserManagementTest::__pest_evaluable_admin_can_edit_user_name_and_role)
[00:00:07.582132300 / 00:00:00.023709600] [76751048 bytes] Post Condition Method Called (P\Tests\Feature\UserManagementTest::__MarkTestIncompleteIfSnapshotHaveChanged)
[00:00:07.583228500 / 00:00:00.001096200] [76751048 bytes] Post Condition Method Finished:
                                                           - P\Tests\Feature\UserManagementTest::__MarkTestIncompleteIfSnapshotHaveChanged
[00:00:07.585032700 / 00:00:00.001804200] [76751048 bytes] After Test Method Called (P\Tests\Feature\UserManagementTest::tearDown)
[00:00:07.585810500 / 00:00:00.000777800] [76751048 bytes] After Test Method Finished:
                                                           - P\Tests\Feature\UserManagementTest::tearDown
[00:00:07.586811400 / 00:00:00.001000900] [76751048 bytes] Test Passed (P\Tests\Feature\UserManagementTest::__pest_evaluable_admin_can_edit_user_name_and_role)
[00:00:07.587801500 / 00:00:00.000990100] [76751048 bytes] Test Finished (P\Tests\Feature\UserManagementTest::__pest_evaluable_admin_can_edit_user_name_and_role)
[00:00:07.588501300 / 00:00:00.000699800] [76751048 bytes] Test Preparation Started (P\Tests\Feature\UserManagementTest::__pest_evaluable_edit_form_does_not_show_password_field)
[00:00:07.603257000 / 00:00:00.014755700] [77123464 bytes] Before Test Method Called (P\Tests\Feature\UserManagementTest::setUp)
[00:00:07.604320500 / 00:00:00.001063500] [77123464 bytes] Before Test Method Finished:
                                                           - P\Tests\Feature\UserManagementTest::setUp
[00:00:07.605166700 / 00:00:00.000846200] [76827064 bytes] Test Prepared (P\Tests\Feature\UserManagementTest::__pest_evaluable_edit_form_does_not_show_password_field)
[00:00:07.627663400 / 00:00:00.022496700] [77175816 bytes] Post Condition Method Called (P\Tests\Feature\UserManagementTest::__MarkTestIncompleteIfSnapshotHaveChanged)
[00:00:07.629061000 / 00:00:00.001397600] [77175816 bytes] Post Condition Method Finished:
                                                           - P\Tests\Feature\UserManagementTest::__MarkTestIncompleteIfSnapshotHaveChanged
[00:00:07.630882500 / 00:00:00.001821500] [77175816 bytes] After Test Method Called (P\Tests\Feature\UserManagementTest::tearDown)
[00:00:07.631642000 / 00:00:00.000759500] [77175816 bytes] After Test Method Finished:
                                                           - P\Tests\Feature\UserManagementTest::tearDown
[00:00:07.632783300 / 00:00:00.001141300] [77175816 bytes] Test Passed (P\Tests\Feature\UserManagementTest::__pest_evaluable_edit_form_does_not_show_password_field)
[00:00:07.633905000 / 00:00:00.001121700] [77175816 bytes] Test Finished (P\Tests\Feature\UserManagementTest::__pest_evaluable_edit_form_does_not_show_password_field)
[00:00:07.634868200 / 00:00:00.000963200] [77175816 bytes] Test Preparation Started (P\Tests\Feature\UserManagementTest::__pest_evaluable_edit_does_not_allow_duplicate_email_for_other_user)
[00:00:07.650732600 / 00:00:00.015864400] [77585928 bytes] Before Test Method Called (P\Tests\Feature\UserManagementTest::setUp)
[00:00:07.651835900 / 00:00:00.001103300] [77585928 bytes] Before Test Method Finished:
                                                           - P\Tests\Feature\UserManagementTest::setUp
[00:00:07.652931200 / 00:00:00.001095300] [77289528 bytes] Test Prepared (P\Tests\Feature\UserManagementTest::__pest_evaluable_edit_does_not_allow_duplicate_email_for_other_user)
[00:00:07.676929500 / 00:00:00.023998300] [77721176 bytes] Post Condition Method Called (P\Tests\Feature\UserManagementTest::__MarkTestIncompleteIfSnapshotHaveChanged)
[00:00:07.678173400 / 00:00:00.001243900] [77721176 bytes] Post Condition Method Finished:
                                                           - P\Tests\Feature\UserManagementTest::__MarkTestIncompleteIfSnapshotHaveChanged
[00:00:07.679876300 / 00:00:00.001702900] [77721176 bytes] After Test Method Called (P\Tests\Feature\UserManagementTest::tearDown)
[00:00:07.680682500 / 00:00:00.000806200] [77721176 bytes] After Test Method Finished:
                                                           - P\Tests\Feature\UserManagementTest::tearDown
[00:00:07.681811400 / 00:00:00.001128900] [77721176 bytes] Test Passed (P\Tests\Feature\UserManagementTest::__pest_evaluable_edit_does_not_allow_duplicate_email_for_other_user)
[00:00:07.682963700 / 00:00:00.001152300] [77721176 bytes] Test Finished (P\Tests\Feature\UserManagementTest::__pest_evaluable_edit_does_not_allow_duplicate_email_for_other_user)
[00:00:07.683671200 / 00:00:00.000707500] [77721176 bytes] Test Preparation Started (P\Tests\Feature\UserManagementTest::__pest_evaluable_admin_can_deactivate_another_user)
[00:00:07.697915600 / 00:00:00.014244400] [78046800 bytes] Before Test Method Called (P\Tests\Feature\UserManagementTest::setUp)
[00:00:07.699026800 / 00:00:00.001111200] [78046800 bytes] Before Test Method Finished:
                                                           - P\Tests\Feature\UserManagementTest::setUp
[00:00:07.699934900 / 00:00:00.000908100] [77750400 bytes] Test Prepared (P\Tests\Feature\UserManagementTest::__pest_evaluable_admin_can_deactivate_another_user)
[00:00:07.713742300 / 00:00:00.013807400] [78065168 bytes] Post Condition Method Called (P\Tests\Feature\UserManagementTest::__MarkTestIncompleteIfSnapshotHaveChanged)
[00:00:07.715011600 / 00:00:00.001269300] [78065168 bytes] Post Condition Method Finished:
                                                           - P\Tests\Feature\UserManagementTest::__MarkTestIncompleteIfSnapshotHaveChanged
[00:00:07.716447500 / 00:00:00.001435900] [78065168 bytes] After Test Method Called (P\Tests\Feature\UserManagementTest::tearDown)
[00:00:07.717295100 / 00:00:00.000847600] [78065168 bytes] After Test Method Finished:
                                                           - P\Tests\Feature\UserManagementTest::tearDown
[00:00:07.718330200 / 00:00:00.001035100] [78065168 bytes] Test Passed (P\Tests\Feature\UserManagementTest::__pest_evaluable_admin_can_deactivate_another_user)
[00:00:07.719357700 / 00:00:00.001027500] [78065168 bytes] Test Finished (P\Tests\Feature\UserManagementTest::__pest_evaluable_admin_can_deactivate_another_user)
[00:00:07.720302800 / 00:00:00.000945100] [78065168 bytes] Test Preparation Started (P\Tests\Feature\UserManagementTest::__pest_evaluable_admin_can_reactivate_a_deactivated_user)
[00:00:07.750107200 / 00:00:00.029804400] [78498880 bytes] Before Test Method Called (P\Tests\Feature\UserManagementTest::setUp)
[00:00:07.751308000 / 00:00:00.001200800] [78498880 bytes] Before Test Method Finished:
                                                           - P\Tests\Feature\UserManagementTest::setUp
[00:00:07.753127200 / 00:00:00.001819200] [78202480 bytes] Test Prepared (P\Tests\Feature\UserManagementTest::__pest_evaluable_admin_can_reactivate_a_deactivated_user)
[00:00:07.770283900 / 00:00:00.017156700] [78518328 bytes] Post Condition Method Called (P\Tests\Feature\UserManagementTest::__MarkTestIncompleteIfSnapshotHaveChanged)
[00:00:07.771514100 / 00:00:00.001230200] [78518328 bytes] Post Condition Method Finished:
                                                           - P\Tests\Feature\UserManagementTest::__MarkTestIncompleteIfSnapshotHaveChanged
[00:00:07.775227000 / 00:00:00.003712900] [78518328 bytes] After Test Method Called (P\Tests\Feature\UserManagementTest::tearDown)
[00:00:07.778543800 / 00:00:00.003316800] [78518328 bytes] After Test Method Finished:
                                                           - P\Tests\Feature\UserManagementTest::tearDown
[00:00:07.780166200 / 00:00:00.001622400] [78518328 bytes] Test Passed (P\Tests\Feature\UserManagementTest::__pest_evaluable_admin_can_reactivate_a_deactivated_user)
[00:00:07.781434700 / 00:00:00.001268500] [78518328 bytes] Test Finished (P\Tests\Feature\UserManagementTest::__pest_evaluable_admin_can_reactivate_a_deactivated_user)
[00:00:07.782675700 / 00:00:00.001241000] [78518328 bytes] Test Preparation Started (P\Tests\Feature\UserManagementTest::__pest_evaluable_admin_cannot_deactivate_themselves_via_toggle)
[00:00:07.804110700 / 00:00:00.021435000] [78952056 bytes] Before Test Method Called (P\Tests\Feature\UserManagementTest::setUp)
[00:00:07.805203100 / 00:00:00.001092400] [78952056 bytes] Before Test Method Finished:
                                                           - P\Tests\Feature\UserManagementTest::setUp
[00:00:07.806610200 / 00:00:00.001407100] [78655656 bytes] Test Prepared (P\Tests\Feature\UserManagementTest::__pest_evaluable_admin_cannot_deactivate_themselves_via_toggle)
[00:00:07.821043800 / 00:00:00.014433600] [78948688 bytes] Post Condition Method Called (P\Tests\Feature\UserManagementTest::__MarkTestIncompleteIfSnapshotHaveChanged)
[00:00:07.822022600 / 00:00:00.000978800] [78948688 bytes] Post Condition Method Finished:
                                                           - P\Tests\Feature\UserManagementTest::__MarkTestIncompleteIfSnapshotHaveChanged
[00:00:07.823437900 / 00:00:00.001415300] [78948688 bytes] After Test Method Called (P\Tests\Feature\UserManagementTest::tearDown)
[00:00:07.824538800 / 00:00:00.001100900] [78948688 bytes] After Test Method Finished:
                                                           - P\Tests\Feature\UserManagementTest::tearDown
[00:00:07.825304000 / 00:00:00.000765200] [78948688 bytes] Test Passed (P\Tests\Feature\UserManagementTest::__pest_evaluable_admin_cannot_deactivate_themselves_via_toggle)
[00:00:07.826167600 / 00:00:00.000863600] [78948688 bytes] Test Finished (P\Tests\Feature\UserManagementTest::__pest_evaluable_admin_cannot_deactivate_themselves_via_toggle)
[00:00:07.826906400 / 00:00:00.000738800] [78948688 bytes] Test Preparation Started (P\Tests\Feature\UserManagementTest::__pest_evaluable_admin_cannot_deactivate_themselves_via_edit_form)
[00:00:07.840529200 / 00:00:00.013622800] [79397984 bytes] Before Test Method Called (P\Tests\Feature\UserManagementTest::setUp)
[00:00:07.841516600 / 00:00:00.000987400] [79397984 bytes] Before Test Method Finished:
                                                           - P\Tests\Feature\UserManagementTest::setUp
[00:00:07.842477800 / 00:00:00.000961200] [79101584 bytes] Test Prepared (P\Tests\Feature\UserManagementTest::__pest_evaluable_admin_cannot_deactivate_themselves_via_edit_form)
[00:00:07.867153300 / 00:00:00.024675500] [79370464 bytes] Post Condition Method Called (P\Tests\Feature\UserManagementTest::__MarkTestIncompleteIfSnapshotHaveChanged)
[00:00:07.868174100 / 00:00:00.001020800] [79370464 bytes] Post Condition Method Finished:
                                                           - P\Tests\Feature\UserManagementTest::__MarkTestIncompleteIfSnapshotHaveChanged
[00:00:07.869781600 / 00:00:00.001607500] [79370464 bytes] After Test Method Called (P\Tests\Feature\UserManagementTest::tearDown)
[00:00:07.870765700 / 00:00:00.000984100] [79370464 bytes] After Test Method Finished:
                                                           - P\Tests\Feature\UserManagementTest::tearDown
[00:00:07.871978900 / 00:00:00.001213200] [79370464 bytes] Test Passed (P\Tests\Feature\UserManagementTest::__pest_evaluable_admin_cannot_deactivate_themselves_via_edit_form)
[00:00:07.873214100 / 00:00:00.001235200] [79370464 bytes] Test Finished (P\Tests\Feature\UserManagementTest::__pest_evaluable_admin_cannot_deactivate_themselves_via_edit_form)
[00:00:07.874003600 / 00:00:00.000789500] [79370464 bytes] Test Preparation Started (P\Tests\Feature\UserManagementTest::__pest_evaluable_admin_can_reset_another_users_password_to_password123)
[00:00:07.888168700 / 00:00:00.014165100] [79370464 bytes] Before Test Method Called (P\Tests\Feature\UserManagementTest::setUp)
[00:00:07.889351000 / 00:00:00.001182300] [79370464 bytes] Before Test Method Finished:
                                                           - P\Tests\Feature\UserManagementTest::setUp
[00:00:07.890347500 / 00:00:00.000996500] [75180856 bytes] Test Prepared (P\Tests\Feature\UserManagementTest::__pest_evaluable_admin_can_reset_another_users_password_to_password123)
[00:00:07.905520400 / 00:00:00.015172900] [75494784 bytes] Post Condition Method Called (P\Tests\Feature\UserManagementTest::__MarkTestIncompleteIfSnapshotHaveChanged)
[00:00:07.906619200 / 00:00:00.001098800] [75494784 bytes] Post Condition Method Finished:
                                                           - P\Tests\Feature\UserManagementTest::__MarkTestIncompleteIfSnapshotHaveChanged
[00:00:07.907884300 / 00:00:00.001265100] [75494784 bytes] After Test Method Called (P\Tests\Feature\UserManagementTest::tearDown)
[00:00:07.908972100 / 00:00:00.001087800] [75494784 bytes] After Test Method Finished:
                                                           - P\Tests\Feature\UserManagementTest::tearDown
[00:00:07.909710800 / 00:00:00.000738700] [75494784 bytes] Test Passed (P\Tests\Feature\UserManagementTest::__pest_evaluable_admin_can_reset_another_users_password_to_password123)
[00:00:07.910890400 / 00:00:00.001179600] [75494784 bytes] Test Finished (P\Tests\Feature\UserManagementTest::__pest_evaluable_admin_can_reset_another_users_password_to_password123)
[00:00:07.911705300 / 00:00:00.000814900] [75494784 bytes] Test Preparation Started (P\Tests\Feature\UserManagementTest::__pest_evaluable_reset_password_dispatches_warning_notification)
[00:00:07.926972900 / 00:00:00.015267600] [75928720 bytes] Before Test Method Called (P\Tests\Feature\UserManagementTest::setUp)
[00:00:07.928035100 / 00:00:00.001062200] [75928720 bytes] Before Test Method Finished:
                                                           - P\Tests\Feature\UserManagementTest::setUp
[00:00:07.929107700 / 00:00:00.001072600] [75632320 bytes] Test Prepared (P\Tests\Feature\UserManagementTest::__pest_evaluable_reset_password_dispatches_warning_notification)
[00:00:07.943034000 / 00:00:00.013926300] [75942064 bytes] Post Condition Method Called (P\Tests\Feature\UserManagementTest::__MarkTestIncompleteIfSnapshotHaveChanged)
[00:00:07.944086100 / 00:00:00.001052100] [75942064 bytes] Post Condition Method Finished:
                                                           - P\Tests\Feature\UserManagementTest::__MarkTestIncompleteIfSnapshotHaveChanged
[00:00:07.945765100 / 00:00:00.001679000] [75942064 bytes] After Test Method Called (P\Tests\Feature\UserManagementTest::tearDown)
[00:00:07.946513500 / 00:00:00.000748400] [75942064 bytes] After Test Method Finished:
                                                           - P\Tests\Feature\UserManagementTest::tearDown
[00:00:07.947377100 / 00:00:00.000863600] [75942064 bytes] Test Passed (P\Tests\Feature\UserManagementTest::__pest_evaluable_reset_password_dispatches_warning_notification)
[00:00:07.948088400 / 00:00:00.000711300] [75942064 bytes] Test Finished (P\Tests\Feature\UserManagementTest::__pest_evaluable_reset_password_dispatches_warning_notification)
[00:00:07.949060000 / 00:00:00.000971600] [75942064 bytes] Test Preparation Started (P\Tests\Feature\UserManagementTest::__pest_evaluable_closing_modal_resets_form_fields)
[00:00:07.963374000 / 00:00:00.014314000] [76379248 bytes] Before Test Method Called (P\Tests\Feature\UserManagementTest::setUp)
[00:00:07.964272400 / 00:00:00.000898400] [76379248 bytes] Before Test Method Finished:
                                                           - P\Tests\Feature\UserManagementTest::setUp
[00:00:07.965170700 / 00:00:00.000898300] [76082848 bytes] Test Prepared (P\Tests\Feature\UserManagementTest::__pest_evaluable_closing_modal_resets_form_fields)
[00:00:07.986455900 / 00:00:00.021285200] [76444320 bytes] Post Condition Method Called (P\Tests\Feature\UserManagementTest::__MarkTestIncompleteIfSnapshotHaveChanged)
[00:00:07.987485000 / 00:00:00.001029100] [76444320 bytes] Post Condition Method Finished:
                                                           - P\Tests\Feature\UserManagementTest::__MarkTestIncompleteIfSnapshotHaveChanged
[00:00:07.988939700 / 00:00:00.001454700] [76444320 bytes] After Test Method Called (P\Tests\Feature\UserManagementTest::tearDown)
[00:00:07.989640100 / 00:00:00.000700400] [76444320 bytes] After Test Method Finished:
                                                           - P\Tests\Feature\UserManagementTest::tearDown
[00:00:07.990944500 / 00:00:00.001304400] [76444320 bytes] Test Passed (P\Tests\Feature\UserManagementTest::__pest_evaluable_closing_modal_resets_form_fields)
[00:00:07.991625700 / 00:00:00.000681200] [76444320 bytes] Test Finished (P\Tests\Feature\UserManagementTest::__pest_evaluable_closing_modal_resets_form_fields)
[00:00:07.992153200 / 00:00:00.000527500] [76444320 bytes] After Last Test Method Called (P\Tests\Feature\UserManagementTest::tearDownAfterClass)
[00:00:07.992929300 / 00:00:00.000776100] [76444320 bytes] After Last Test Method Finished:
                                                           - P\Tests\Feature\UserManagementTest::tearDownAfterClass
[00:00:07.993622000 / 00:00:00.000692700] [76444320 bytes] Test Suite Finished (P\Tests\Feature\UserManagementTest, 26 tests)
[00:00:07.994484100 / 00:00:00.000862100] [76444320 bytes] Test Suite Finished (Feature, 155 tests)
[00:00:07.995217600 / 00:00:00.000733500] [76444320 bytes] Test Suite Finished (C:\Rega Code\Web\apotek-digital\apotek-digital\phpunit.xml, 170 tests)
[00:00:07.996836000 / 00:00:00.001618400] [76444320 bytes] Test Runner Execution Finished
[00:00:07.997417100 / 00:00:00.000581100] [76444320 bytes] Test Runner Finished
[00:00:07.999378200 / 00:00:00.001961100] [76444320 bytes] PHPUnit Finished (Shell Exit Code: 2)
