{"tool":"pest","result":"failed","tests":170,"passed":126,"assertions":373,"duration_ms":7746,"failed":4,"failures":[{"test":"P\\Tests\\Feature\\ApotekMiddlewareTest::__pest_evaluable_auth_apotek_middleware_allows_authenticated_users","file":"Code\\Web\\apotek-digital\\apotek-digital\\vendor\\laravel\\framework\\src\\Illuminate\\Testing\\TestResponseAssert.php","line":45,"message":"Expected response status code [200] but received 500.\nFailed asserting that 500 is identical to 200.\r\n\r\nThe following exception occurred during the last request:\n\nRuntimeException: Session store not set on request. in C:\\Rega Code\\Web\\apotek-digital\\apotek-digital\\vendor\\laravel\\framework\\src\\Illuminate\\Http\\Request.php:624\nStack trace:\n#0 C:\\Rega Code\\Web\\apotek-digital\\apotek-digital\\app\\Http\\Middleware\\EnsureAuthenticated.php(32): Illuminate\\Http\\Request->session()\n#1 C:\\Rega Code\\Web\\apotek-digital\\apotek-digital\\vendor\\laravel\\framework\\src\\Illuminate\\Pipeline\\Pipeline.php(219): App\\Http\\Middleware\\EnsureAuthenticated->handle()\n#2 C:\\Rega Code\\Web\\apotek-digital\\apotek-digital\\vendor\\laravel\\framework\\src\\Illuminate\\Pipeline\\Pipeline.php(137): Illuminate\\Pipeline\\Pipeline->{closure:{closure:Illuminate\\Pipeline\\Pipeline::carry():194}:195}()\n#3 C:\\Rega Code\\Web\\apotek-digital\\apotek-digital\\vendor\\laravel\\framework\\src\\Illuminate\\Routing\\Router.php(821): Illuminate\\Pipeline\\Pipeline->then()\n#4 C:\\Rega Code\\Web\\apotek-digital\\apotek-digital\\vendor\\laravel\\framework\\src\\Illuminate\\Routing\\Router.php(800): Illuminate\\Routing\\Router->runRouteWithinStack()\n#5 C:\\Rega Code\\Web\\apotek-digital\\apotek-digital\\vendor\\laravel\\framework\\src\\Illuminate\\Routing\\Router.php(764): Illuminate\\Routing\\Router->runRoute()\n#6 C:\\Rega Code\\Web\\apotek-digital\\apotek-digital\\vendor\\laravel\\framework\\src\\Illuminate\\Routing\\Router.php(753): Illuminate\\Routing\\Router->dispatchToRoute()\n#7 C:\\Rega Code\\Web\\apotek-digital\\apotek-digital\\vendor\\laravel\\framework\\src\\Illuminate\\Foundation\\Http\\Kernel.php(200): Illuminate\\Routing\\Router->dispatch()\n#8 C:\\Rega Code\\Web\\apotek-digital\\apotek-digital\\vendor\\laravel\\framework\\src\\Illuminate\\Pipeline\\Pipeline.php(180): Illuminate\\Foundation\\Http\\Kernel->{closure:Illuminate\\Foundation\\Http\\Kernel::dispatchToRouter():197}()\n#9 C:\\Rega Code\\Web\\apotek-digital\\apotek-digital\\vendor\\livewire\\livewire\\src\\Features\\SupportDisablingBackButtonCache\\DisableBackButtonCacheMiddleware.php(19): Illuminate\\Pipeline\\Pipeline->{closure:Illuminate\\Pipeline\\Pipeline::prepareDestination():178}()\n#10 C:\\Rega Code\\Web\\apotek-digital\\apotek-digital\\vendor\\laravel\\framework\\src\\Illuminate\\Pipeline\\Pipeline.php(219): Livewire\\Features\\SupportDisablingBackButtonCache\\DisableBackButtonCacheMiddleware->handle()\n#11 C:\\Rega Code\\Web\\apotek-digital\\apotek-digital\\vendor\\laravel\\framework\\src\\Illuminate\\Foundation\\Http\\Middleware\\TransformsRequest.php(21): Illuminate\\Pipeline\\Pipeline->{closure:{closure:Illuminate\\Pipeline\\Pipeline::carry():194}:195}()\n#12 C:\\Rega Code\\Web\\apotek-digital\\apotek-digital\\vendor\\laravel\\framework\\src\\Illuminate\\Foundation\\Http\\Middleware\\ConvertEmptyStringsToNull.php(31): Illuminate\\Foundation\\Http\\Middleware\\TransformsRequest->handle()\n#13 C:\\Rega Code\\Web\\apotek-digital\\apotek-digital\\vendor\\laravel\\framework\\src\\Illuminate\\Pipeline\\Pipeline.php(219): Illuminate\\Foundation\\Http\\Middleware\\ConvertEmptyStringsToNull->handle()\n#14 C:\\Rega Code\\Web\\apotek-digital\\apotek-digital\\vendor\\laravel\\framework\\src\\Illuminate\\Foundation\\Http\\Middleware\\TransformsRequest.php(21): Illuminate\\Pipeline\\Pipeline->{closure:{closure:Illuminate\\Pipeline\\Pipeline::carry():194}:195}()\n#15 C:\\Rega Code\\Web\\apotek-digital\\apotek-digital\\vendor\\laravel\\framework\\src\\Illuminate\\Foundation\\Http\\Middleware\\TrimStrings.php(51): Illuminate\\Foundation\\Http\\Middleware\\TransformsRequest->handle()\n#16 C:\\Rega Code\\Web\\apotek-digital\\apotek-digital\\vendor\\laravel\\framework\\src\\Illuminate\\Pipeline\\Pipeline.php(219): Illuminate\\Foundation\\Http\\Middleware\\TrimStrings->handle()\n#17 C:\\Rega Code\\Web\\apotek-digital\\apotek-digital\\vendor\\laravel\\framework\\src\\Illuminate\\Http\\Middleware\\ValidatePostSize.php(27): Illuminate\\Pipeline\\Pipeline->{closure:{closure:Illuminate\\Pipeline\\Pipeline::carry():194}:195}()\n#18 C:\\Rega Code\\Web\\apotek-digital\\apotek-digital\\vendor\\laravel\\framework\\src\\Illuminate\\Pipeline\\Pipeline.php(219): Illuminate\\Http\\Middleware\\ValidatePostSize->handle()\n#19 C:\\Rega Code\\Web\\apotek-digital\\apotek-digital\\vendor\\laravel\\framework\\src\\Illuminate\\Foundation\\Http\\Middleware\\PreventRequestsDuringMaintenance.php(109): Illuminate\\Pipeline\\Pipeline->{closure:{closure:Illuminate\\Pipeline\\Pipeline::carry():194}:195}()\n#20 C:\\Rega Code\\Web\\apotek-digital\\apotek-digital\\vendor\\laravel\\framework\\src\\Illuminate\\Pipeline\\Pipeline.php(219): Illuminate\\Foundation\\Http\\Middleware\\PreventRequestsDuringMaintenance->handle()\n#21 C:\\Rega Code\\Web\\apotek-digital\\apotek-digital\\vendor\\laravel\\framework\\src\\Illuminate\\Http\\Middleware\\HandleCors.php(61): Illuminate\\Pipeline\\Pipeline->{closure:{closure:Illuminate\\Pipeline\\Pipeline::carry():194}:195}()\n#22 C:\\Rega Code\\Web\\apotek-digital\\apotek-digital\\vendor\\laravel\\framework\\src\\Illuminate\\Pipeline\\Pipeline.php(219): Illuminate\\Http\\Middleware\\HandleCors->handle()\n#23 C:\\Rega Code\\Web\\apotek-digital\\apotek-digital\\vendor\\laravel\\framework\\src\\Illuminate\\Http\\Middleware\\TrustProxies.php(58): Illuminate\\Pipeline\\Pipeline->{closure:{closure:Illuminate\\Pipeline\\Pipeline::carry():194}:195}()\n#24 C:\\Rega Code\\Web\\apotek-digital\\apotek-digital\\vendor\\laravel\\framework\\src\\Illuminate\\Pipeline\\Pipeline.php(219): Illuminate\\Http\\Middleware\\TrustProxies->handle()\n#25 C:\\Rega Code\\Web\\apotek-digital\\apotek-digital\\vendor\\laravel\\framework\\src\\Illuminate\\Foundation\\Http\\Middleware\\InvokeDeferredCallbacks.php(22): Illuminate\\Pipeline\\Pipeline->{closure:{closure:Illuminate\\Pipeline\\Pipeline::carry():194}:195}()\n#26 C:\\Rega Code\\Web\\apotek-digital\\apotek-digital\\vendor\\laravel\\framework\\src\\Illuminate\\Pipeline\\Pipeline.php(219): Illuminate\\Foundation\\Http\\Middleware\\InvokeDeferredCallbacks->handle()\n#27 C:\\Rega Code\\Web\\apotek-digital\\apotek-digital\\vendor\\laravel\\framework\\src\\Illuminate\\Http\\Middleware\\ValidatePathEncoding.php(28): Illuminate\\Pipeline\\Pipeline->{closure:{closure:Illuminate\\Pipeline\\Pipeline::carry():194}:195}()\n#28 C:\\Rega Code\\Web\\apotek-digital\\apotek-digital\\vendor\\laravel\\framework\\src\\Illuminate\\Pipeline\\Pipeline.php(219): Illuminate\\Http\\Middleware\\ValidatePathEncoding->handle()\n#29 C:\\Rega Code\\Web\\apotek-digital\\apotek-digital\\vendor\\laravel\\framework\\src\\Illuminate\\Pipeline\\Pipeline.php(137): Illuminate\\Pipeline\\Pipeline->{closure:{closure:Illuminate\\Pipeline\\Pipeline::carry():194}:195}()\n#30 C:\\Rega Code\\Web\\apotek-digital\\apotek-digital\\vendor\\laravel\\framework\\src\\Illuminate\\Foundation\\Http\\Kernel.php(175): Illuminate\\Pipeline\\Pipeline->then()\n#31 C:\\Rega Code\\Web\\apotek-digital\\apotek-digital\\vendor\\laravel\\framework\\src\\Illuminate\\Foundation\\Http\\Kernel.php(144): Illuminate\\Foundation\\Http\\Kernel->sendRequestThroughRouter()\n#32 C:\\Rega Code\\Web\\apotek-digital\\apotek-digital\\vendor\\laravel\\framework\\src\\Illuminate\\Foundation\\Testing\\Concerns\\MakesHttpRequests.php(607): Illuminate\\Foundation\\Http\\Kernel->handle()\n#33 C:\\Rega Code\\Web\\apotek-digital\\apotek-digital\\vendor\\laravel\\framework\\src\\Illuminate\\Foundation\\Testing\\Concerns\\MakesHttpRequests.php(368): Illuminate\\Foundation\\Testing\\TestCase->call()\n#34 C:\\Rega Code\\Web\\apotek-digital\\apotek-digital\\tests\\Feature\\ApotekMiddlewareTest.php(26): Illuminate\\Foundation\\Testing\\TestCase->get()\n#35 C:\\Rega Code\\Web\\apotek-digital\\apotek-digital\\vendor\\pestphp\\pest\\src\\Factories\\TestCaseMethodFactory.php(177): P\\Tests\\Feature\\ApotekMiddlewareTest->{closure:C:\\Rega Code\\Web\\apotek-digital\\apotek-digital\\tests\\Feature\\ApotekMiddlewareTest.php:21}()\n#36 [internal function]: P\\Tests\\Feature\\ApotekMiddlewareTest->{closure:Pest\\Factories\\TestCaseMethodFactory::getClosure():167}()\n#37 C:\\Rega Code\\Web\\apotek-digital\\apotek-digital\\vendor\\pestphp\\pest\\src\\Concerns\\Testable.php(576): call_user_func_array()\n#38 C:\\Rega Code\\Web\\apotek-digital\\apotek-digital\\vendor\\pestphp\\pest\\src\\Support\\ExceptionTrace.php(26): P\\Tests\\Feature\\ApotekMiddlewareTest->{closure:Pest\\Concerns\\Testable::__callClosure():576}()\n#39 C:\\Rega Code\\Web\\apotek-digital\\apotek-digital\\vendor\\pestphp\\pest\\src\\Concerns\\Testable.php(576): Pest\\Support\\ExceptionTrace::ensure()\n#40 C:\\Rega Code\\Web\\apotek-digital\\apotek-digital\\vendor\\pestphp\\pest\\src\\Concerns\\Testable.php(403): P\\Tests\\Feature\\ApotekMiddlewareTest->__callClosure()\n#41 C:\\Rega Code\\Web\\apotek-digital\\apotek-digital\\vendor\\pestphp\\pest\\src\\Factories\\TestCaseFactory.php(175) : eval()'d code(26): P\\Tests\\Feature\\ApotekMiddlewareTest->__runTest()\n#42 C:\\Rega Code\\Web\\apotek-digital\\apotek-digital\\vendor\\phpunit\\phpunit\\src\\Framework\\TestCase.php(1314): P\\Tests\\Feature\\ApotekMiddlewareTest->__pest_evaluable_auth_apotek_middleware_allows_authenticated_users()\n#43 C:\\Rega Code\\Web\\apotek-digital\\apotek-digital\\vendor\\phpunit\\phpunit\\src\\Framework\\TestCase.php(1351): PHPUnit\\Framework\\TestCase->invokeTestMethod()\n#44 C:\\Rega Code\\Web\\apotek-digital\\apotek-digital\\vendor\\phpunit\\phpunit\\src\\Framework\\TestCase.php(521): PHPUnit\\Framework\\TestCase->runTest()\n#45 C:\\Rega Code\\Web\\apotek-digital\\apotek-digital\\vendor\\phpunit\\phpunit\\src\\Framework\\TestRunner\\TestRunner.php(99): PHPUnit\\Framework\\TestCase->runBare()\n#46 C:\\Rega Code\\Web\\apotek-digital\\apotek-digital\\vendor\\phpunit\\phpunit\\src\\Framework\\TestCase.php(361): PHPUnit\\Framework\\TestRunner->run()\n#47 C:\\Rega Code\\Web\\apotek-digital\\apotek-digital\\vendor\\phpunit\\phpunit\\src\\Framework\\TestSuite.php(374): PHPUnit\\Framework\\TestCase->run()\n#48 C:\\Rega Code\\Web\\apotek-digital\\apotek-digital\\vendor\\phpunit\\phpunit\\src\\Framework\\TestSuite.php(374): PHPUnit\\Framework\\TestSuite->run()\n#49 C:\\Rega Code\\Web\\apotek-digital\\apotek-digital\\vendor\\phpunit\\phpunit\\src\\Framework\\TestSuite.php(374): PHPUnit\\Framework\\TestSuite->run()\n#50 C:\\Rega Code\\Web\\apotek-digital\\apotek-digital\\vendor\\phpunit\\phpunit\\src\\TextUI\\TestRunner.php(64): PHPUnit\\Framework\\TestSuite->run()\n#51 C:\\Rega Code\\Web\\apotek-digital\\apotek-digital\\vendor\\phpunit\\phpunit\\src\\TextUI\\Application.php(229): PHPUnit\\TextUI\\TestRunner->run()\n#52 C:\\Rega Code\\Web\\apotek-digital\\apotek-digital\\vendor\\pestphp\\pest\\src\\Kernel.php(117): PHPUnit\\TextUI\\Application->run()\n#53 C:\\Rega Code\\Web\\apotek-digital\\apotek-digital\\vendor\\pestphp\\pest\\bin\\pest(207): Pest\\Kernel->handle()\n#54 C:\\Rega Code\\Web\\apotek-digital\\apotek-digital\\vendor\\pestphp\\pest\\bin\\pest(215): {closure:C:\\Rega Code\\Web\\apotek-digital\\apotek-digital\\vendor\\pestphp\\pest\\bin\\pest:21}()\n#55 C:\\Rega Code\\Web\\apotek-digital\\apotek-digital\\vendor\\bin\\pest(119): include('...')\n#56 {main}\n\n----------------------------------------------------------------------------------\n\nSession store not set on request."},{"test":"P\\Tests\\Feature\\ApotekMiddlewareTest::__pest_evaluable_role_middleware_allows_users_with_matching_role","file":"Code\\Web\\apotek-digital\\apotek-digital\\vendor\\laravel\\framework\\src\\Illuminate\\Testing\\TestResponseAssert.php","line":45,"message":"Expected response status code [200] but received 500.\nFailed asserting that 500 is identical to 200.\r\n\r\nThe following exception occurred during the last request:\n\nRuntimeException: Session store not set on request. in C:\\Rega Code\\Web\\apotek-digital\\apotek-digital\\vendor\\laravel\\framework\\src\\Illuminate\\Http\\Request.php:624\nStack trace:\n#0 C:\\Rega Code\\Web\\apotek-digital\\apotek-digital\\app\\Http\\Middleware\\EnsureAuthenticated.php(32): Illuminate\\Http\\Request->session()\n#1 C:\\Rega Code\\Web\\apotek-digital\\apotek-digital\\vendor\\laravel\\framework\\src\\Illuminate\\Pipeline\\Pipeline.php(219): App\\Http\\Middleware\\EnsureAuthenticated->handle()\n#2 C:\\Rega Code\\Web\\apotek-digital\\apotek-digital\\vendor\\laravel\\framework\\src\\Illuminate\\Pipeline\\Pipeline.php(137): Illuminate\\Pipeline\\Pipeline->{closure:{closure:Illuminate\\Pipeline\\Pipeline::carry():194}:195}()\n#3 C:\\Rega Code\\Web\\apotek-digital\\apotek-digital\\vendor\\laravel\\framework\\src\\Illuminate\\Routing\\Router.php(821): Illuminate\\Pipeline\\Pipeline->then()\n#4 C:\\Rega Code\\Web\\apotek-digital\\apotek-digital\\vendor\\laravel\\framework\\src\\Illuminate\\Routing\\Router.php(800): Illuminate\\Routing\\Router->runRouteWithinStack()\n#5 C:\\Rega Code\\Web\\apotek-digital\\apotek-digital\\vendor\\laravel\\framework\\src\\Illuminate\\Routing\\Router.php(764): Illuminate\\Routing\\Router->runRoute()\n#6 C:\\Rega Code\\Web\\apotek-digital\\apotek-digital\\vendor\\laravel\\framework\\src\\Illuminate\\Routing\\Router.php(753): Illuminate\\Routing\\Router->dispatchToRoute()\n#7 C:\\Rega Code\\Web\\apotek-digital\\apotek-digital\\vendor\\laravel\\framework\\src\\Illuminate\\Foundation\\Http\\Kernel.php(200): Illuminate\\Routing\\Router->dispatch()\n#8 C:\\Rega Code\\Web\\apotek-digital\\apotek-digital\\vendor\\laravel\\framework\\src\\Illuminate\\Pipeline\\Pipeline.php(180): Illuminate\\Foundation\\Http\\Kernel->{closure:Illuminate\\Foundation\\Http\\Kernel::dispatchToRouter():197}()\n#9 C:\\Rega Code\\Web\\apotek-digital\\apotek-digital\\vendor\\livewire\\livewire\\src\\Features\\SupportDisablingBackButtonCache\\DisableBackButtonCacheMiddleware.php(19): Illuminate\\Pipeline\\Pipeline->{closure:Illuminate\\Pipeline\\Pipeline::prepareDestination():178}()\n#10 C:\\Rega Code\\Web\\apotek-digital\\apotek-digital\\vendor\\laravel\\framework\\src\\Illuminate\\Pipeline\\Pipeline.php(219): Livewire\\Features\\SupportDisablingBackButtonCache\\DisableBackButtonCacheMiddleware->handle()\n#11 C:\\Rega Code\\Web\\apotek-digital\\apotek-digital\\vendor\\laravel\\framework\\src\\Illuminate\\Foundation\\Http\\Middleware\\TransformsRequest.php(21): Illuminate\\Pipeline\\Pipeline->{closure:{closure:Illuminate\\Pipeline\\Pipeline::carry():194}:195}()\n#12 C:\\Rega Code\\Web\\apotek-digital\\apotek-digital\\vendor\\laravel\\framework\\src\\Illuminate\\Foundation\\Http\\Middleware\\ConvertEmptyStringsToNull.php(31): Illuminate\\Foundation\\Http\\Middleware\\TransformsRequest->handle()\n#13 C:\\Rega Code\\Web\\apotek-digital\\apotek-digital\\vendor\\laravel\\framework\\src\\Illuminate\\Pipeline\\Pipeline.php(219): Illuminate\\Foundation\\Http\\Middleware\\ConvertEmptyStringsToNull->handle()\n#14 C:\\Rega Code\\Web\\apotek-digital\\apotek-digital\\vendor\\laravel\\framework\\src\\Illuminate\\Foundation\\Http\\Middleware\\TransformsRequest.php(21): Illuminate\\Pipeline\\Pipeline->{closure:{closure:Illuminate\\Pipeline\\Pipeline::carry():194}:195}()\n#15 C:\\Rega Code\\Web\\apotek-digital\\apotek-digital\\vendor\\laravel\\framework\\src\\Illuminate\\Foundation\\Http\\Middleware\\TrimStrings.php(51): Illuminate\\Foundation\\Http\\Middleware\\TransformsRequest->handle()\n#16 C:\\Rega Code\\Web\\apotek-digital\\apotek-digital\\vendor\\laravel\\framework\\src\\Illuminate\\Pipeline\\Pipeline.php(219): Illuminate\\Foundation\\Http\\Middleware\\TrimStrings->handle()\n#17 C:\\Rega Code\\Web\\apotek-digital\\apotek-digital\\vendor\\laravel\\framework\\src\\Illuminate\\Http\\Middleware\\ValidatePostSize.php(27): Illuminate\\Pipeline\\Pipeline->{closure:{closure:Illuminate\\Pipeline\\Pipeline::carry():194}:195}()\n#18 C:\\Rega Code\\Web\\apotek-digital\\apotek-digital\\vendor\\laravel\\framework\\src\\Illuminate\\Pipeline\\Pipeline.php(219): Illuminate\\Http\\Middleware\\ValidatePostSize->handle()\n#19 C:\\Rega Code\\Web\\apotek-digital\\apotek-digital\\vendor\\laravel\\framework\\src\\Illuminate\\Foundation\\Http\\Middleware\\PreventRequestsDuringMaintenance.php(109): Illuminate\\Pipeline\\Pipeline->{closure:{closure:Illuminate\\Pipeline\\Pipeline::carry():194}:195}()\n#20 C:\\Rega Code\\Web\\apotek-digital\\apotek-digital\\vendor\\laravel\\framework\\src\\Illuminate\\Pipeline\\Pipeline.php(219): Illuminate\\Foundation\\Http\\Middleware\\PreventRequestsDuringMaintenance->handle()\n#21 C:\\Rega Code\\Web\\apotek-digital\\apotek-digital\\vendor\\laravel\\framework\\src\\Illuminate\\Http\\Middleware\\HandleCors.php(61): Illuminate\\Pipeline\\Pipeline->{closure:{closure:Illuminate\\Pipeline\\Pipeline::carry():194}:195}()\n#22 C:\\Rega Code\\Web\\apotek-digital\\apotek-digital\\vendor\\laravel\\framework\\src\\Illuminate\\Pipeline\\Pipeline.php(219): Illuminate\\Http\\Middleware\\HandleCors->handle()\n#23 C:\\Rega Code\\Web\\apotek-digital\\apotek-digital\\vendor\\laravel\\framework\\src\\Illuminate\\Http\\Middleware\\TrustProxies.php(58): Illuminate\\Pipeline\\Pipeline->{closure:{closure:Illuminate\\Pipeline\\Pipeline::carry():194}:195}()\n#24 C:\\Rega Code\\Web\\apotek-digital\\apotek-digital\\vendor\\laravel\\framework\\src\\Illuminate\\Pipeline\\Pipeline.php(219): Illuminate\\Http\\Middleware\\TrustProxies->handle()\n#25 C:\\Rega Code\\Web\\apotek-digital\\apotek-digital\\vendor\\laravel\\framework\\src\\Illuminate\\Foundation\\Http\\Middleware\\InvokeDeferredCallbacks.php(22): Illuminate\\Pipeline\\Pipeline->{closure:{closure:Illuminate\\Pipeline\\Pipeline::carry():194}:195}()\n#26 C:\\Rega Code\\Web\\apotek-digital\\apotek-digital\\vendor\\laravel\\framework\\src\\Illuminate\\Pipeline\\Pipeline.php(219): Illuminate\\Foundation\\Http\\Middleware\\InvokeDeferredCallbacks->handle()\n#27 C:\\Rega Code\\Web\\apotek-digital\\apotek-digital\\vendor\\laravel\\framework\\src\\Illuminate\\Http\\Middleware\\ValidatePathEncoding.php(28): Illuminate\\Pipeline\\Pipeline->{closure:{closure:Illuminate\\Pipeline\\Pipeline::carry():194}:195}()\n#28 C:\\Rega Code\\Web\\apotek-digital\\apotek-digital\\vendor\\laravel\\framework\\src\\Illuminate\\Pipeline\\Pipeline.php(219): Illuminate\\Http\\Middleware\\ValidatePathEncoding->handle()\n#29 C:\\Rega Code\\Web\\apotek-digital\\apotek-digital\\vendor\\laravel\\framework\\src\\Illuminate\\Pipeline\\Pipeline.php(137): Illuminate\\Pipeline\\Pipeline->{closure:{closure:Illuminate\\Pipeline\\Pipeline::carry():194}:195}()\n#30 C:\\Rega Code\\Web\\apotek-digital\\apotek-digital\\vendor\\laravel\\framework\\src\\Illuminate\\Foundation\\Http\\Kernel.php(175): Illuminate\\Pipeline\\Pipeline->then()\n#31 C:\\Rega Code\\Web\\apotek-digital\\apotek-digital\\vendor\\laravel\\framework\\src\\Illuminate\\Foundation\\Http\\Kernel.php(144): Illuminate\\Foundation\\Http\\Kernel->sendRequestThroughRouter()\n#32 C:\\Rega Code\\Web\\apotek-digital\\apotek-digital\\vendor\\laravel\\framework\\src\\Illuminate\\Foundation\\Testing\\Concerns\\MakesHttpRequests.php(607): Illuminate\\Foundation\\Http\\Kernel->handle()\n#33 C:\\Rega Code\\Web\\apotek-digital\\apotek-digital\\vendor\\laravel\\framework\\src\\Illuminate\\Foundation\\Testing\\Concerns\\MakesHttpRequests.php(368): Illuminate\\Foundation\\Testing\\TestCase->call()\n#34 C:\\Rega Code\\Web\\apotek-digital\\apotek-digital\\tests\\Feature\\ApotekMiddlewareTest.php(39): Illuminate\\Foundation\\Testing\\TestCase->get()\n#35 C:\\Rega Code\\Web\\apotek-digital\\apotek-digital\\vendor\\pestphp\\pest\\src\\Factories\\TestCaseMethodFactory.php(177): P\\Tests\\Feature\\ApotekMiddlewareTest->{closure:C:\\Rega Code\\Web\\apotek-digital\\apotek-digital\\tests\\Feature\\ApotekMiddlewareTest.php:33}()\n#36 [internal function]: P\\Tests\\Feature\\ApotekMiddlewareTest->{closure:Pest\\Factories\\TestCaseMethodFactory::getClosure():167}()\n#37 C:\\Rega Code\\Web\\apotek-digital\\apotek-digital\\vendor\\pestphp\\pest\\src\\Concerns\\Testable.php(576): call_user_func_array()\n#38 C:\\Rega Code\\Web\\apotek-digital\\apotek-digital\\vendor\\pestphp\\pest\\src\\Support\\ExceptionTrace.php(26): P\\Tests\\Feature\\ApotekMiddlewareTest->{closure:Pest\\Concerns\\Testable::__callClosure():576}()\n#39 C:\\Rega Code\\Web\\apotek-digital\\apotek-digital\\vendor\\pestphp\\pest\\src\\Concerns\\Testable.php(576): Pest\\Support\\ExceptionTrace::ensure()\n#40 C:\\Rega Code\\Web\\apotek-digital\\apotek-digital\\vendor\\pestphp\\pest\\src\\Concerns\\Testable.php(403): P\\Tests\\Feature\\ApotekMiddlewareTest->__callClosure()\n#41 C:\\Rega Code\\Web\\apotek-digital\\apotek-digital\\vendor\\pestphp\\pest\\src\\Factories\\TestCaseFactory.php(175) : eval()'d code(35): P\\Tests\\Feature\\ApotekMiddlewareTest->__runTest()\n#42 C:\\Rega Code\\Web\\apotek-digital\\apotek-digital\\vendor\\phpunit\\phpunit\\src\\Framework\\TestCase.php(1314): P\\Tests\\Feature\\ApotekMiddlewareTest->__pest_evaluable_role_middleware_allows_users_with_matching_role()\n#43 C:\\Rega Code\\Web\\apotek-digital\\apotek-digital\\vendor\\phpunit\\phpunit\\src\\Framework\\TestCase.php(1351): PHPUnit\\Framework\\TestCase->invokeTestMethod()\n#44 C:\\Rega Code\\Web\\apotek-digital\\apotek-digital\\vendor\\phpunit\\phpunit\\src\\Framework\\TestCase.php(521): PHPUnit\\Framework\\TestCase->runTest()\n#45 C:\\Rega Code\\Web\\apotek-digital\\apotek-digital\\vendor\\phpunit\\phpunit\\src\\Framework\\TestRunner\\TestRunner.php(99): PHPUnit\\Framework\\TestCase->runBare()\n#46 C:\\Rega Code\\Web\\apotek-digital\\apotek-digital\\vendor\\phpunit\\phpunit\\src\\Framework\\TestCase.php(361): PHPUnit\\Framework\\TestRunner->run()\n#47 C:\\Rega Code\\Web\\apotek-digital\\apotek-digital\\vendor\\phpunit\\phpunit\\src\\Framework\\TestSuite.php(374): PHPUnit\\Framework\\TestCase->run()\n#48 C:\\Rega Code\\Web\\apotek-digital\\apotek-digital\\vendor\\phpunit\\phpunit\\src\\Framework\\TestSuite.php(374): PHPUnit\\Framework\\TestSuite->run()\n#49 C:\\Rega Code\\Web\\apotek-digital\\apotek-digital\\vendor\\phpunit\\phpunit\\src\\Framework\\TestSuite.php(374): PHPUnit\\Framework\\TestSuite->run()\n#50 C:\\Rega Code\\Web\\apotek-digital\\apotek-digital\\vendor\\phpunit\\phpunit\\src\\TextUI\\TestRunner.php(64): PHPUnit\\Framework\\TestSuite->run()\n#51 C:\\Rega Code\\Web\\apotek-digital\\apotek-digital\\vendor\\phpunit\\phpunit\\src\\TextUI\\Application.php(229): PHPUnit\\TextUI\\TestRunner->run()\n#52 C:\\Rega Code\\Web\\apotek-digital\\apotek-digital\\vendor\\pestphp\\pest\\src\\Kernel.php(117): PHPUnit\\TextUI\\Application->run()\n#53 C:\\Rega Code\\Web\\apotek-digital\\apotek-digital\\vendor\\pestphp\\pest\\bin\\pest(207): Pest\\Kernel->handle()\n#54 C:\\Rega Code\\Web\\apotek-digital\\apotek-digital\\vendor\\pestphp\\pest\\bin\\pest(215): {closure:C:\\Rega Code\\Web\\apotek-digital\\apotek-digital\\vendor\\pestphp\\pest\\bin\\pest:21}()\n#55 C:\\Rega Code\\Web\\apotek-digital\\apotek-digital\\vendor\\bin\\pest(119): include('...')\n#56 {main}\n\n----------------------------------------------------------------------------------\n\nSession store not set on request."},{"test":"P\\Tests\\Feature\\ApotekMiddlewareTest::__pest_evaluable_role_middleware_aborts_with_403_for_users_without_matching_role","file":"Code\\Web\\apotek-digital\\apotek-digital\\vendor\\laravel\\framework\\src\\Illuminate\\Testing\\TestResponseAssert.php","line":45,"message":"Expected response status code [403] but received 500.\nFailed asserting that 500 is identical to 403.\r\n\r\nThe following exception occurred during the last request:\n\nRuntimeException: Session store not set on request. in C:\\Rega Code\\Web\\apotek-digital\\apotek-digital\\vendor\\laravel\\framework\\src\\Illuminate\\Http\\Request.php:624\nStack trace:\n#0 C:\\Rega Code\\Web\\apotek-digital\\apotek-digital\\app\\Http\\Middleware\\EnsureAuthenticated.php(32): Illuminate\\Http\\Request->session()\n#1 C:\\Rega Code\\Web\\apotek-digital\\apotek-digital\\vendor\\laravel\\framework\\src\\Illuminate\\Pipeline\\Pipeline.php(219): App\\Http\\Middleware\\EnsureAuthenticated->handle()\n#2 C:\\Rega Code\\Web\\apotek-digital\\apotek-digital\\vendor\\laravel\\framework\\src\\Illuminate\\Pipeline\\Pipeline.php(137): Illuminate\\Pipeline\\Pipeline->{closure:{closure:Illuminate\\Pipeline\\Pipeline::carry():194}:195}()\n#3 C:\\Rega Code\\Web\\apotek-digital\\apotek-digital\\vendor\\laravel\\framework\\src\\Illuminate\\Routing\\Router.php(821): Illuminate\\Pipeline\\Pipeline->then()\n#4 C:\\Rega Code\\Web\\apotek-digital\\apotek-digital\\vendor\\laravel\\framework\\src\\Illuminate\\Routing\\Router.php(800): Illuminate\\Routing\\Router->runRouteWithinStack()\n#5 C:\\Rega Code\\Web\\apotek-digital\\apotek-digital\\vendor\\laravel\\framework\\src\\Illuminate\\Routing\\Router.php(764): Illuminate\\Routing\\Router->runRoute()\n#6 C:\\Rega Code\\Web\\apotek-digital\\apotek-digital\\vendor\\laravel\\framework\\src\\Illuminate\\Routing\\Router.php(753): Illuminate\\Routing\\Router->dispatchToRoute()\n#7 C:\\Rega Code\\Web\\apotek-digital\\apotek-digital\\vendor\\laravel\\framework\\src\\Illuminate\\Foundation\\Http\\Kernel.php(200): Illuminate\\Routing\\Router->dispatch()\n#8 C:\\Rega Code\\Web\\apotek-digital\\apotek-digital\\vendor\\laravel\\framework\\src\\Illuminate\\Pipeline\\Pipeline.php(180): Illuminate\\Foundation\\Http\\Kernel->{closure:Illuminate\\Foundation\\Http\\Kernel::dispatchToRouter():197}()\n#9 C:\\Rega Code\\Web\\apotek-digital\\apotek-digital\\vendor\\livewire\\livewire\\src\\Features\\SupportDisablingBackButtonCache\\DisableBackButtonCacheMiddleware.php(19): Illuminate\\Pipeline\\Pipeline->{closure:Illuminate\\Pipeline\\Pipeline::prepareDestination():178}()\n#10 C:\\Rega Code\\Web\\apotek-digital\\apotek-digital\\vendor\\laravel\\framework\\src\\Illuminate\\Pipeline\\Pipeline.php(219): Livewire\\Features\\SupportDisablingBackButtonCache\\DisableBackButtonCacheMiddleware->handle()\n#11 C:\\Rega Code\\Web\\apotek-digital\\apotek-digital\\vendor\\laravel\\framework\\src\\Illuminate\\Foundation\\Http\\Middleware\\TransformsRequest.php(21): Illuminate\\Pipeline\\Pipeline->{closure:{closure:Illuminate\\Pipeline\\Pipeline::carry():194}:195}()\n#12 C:\\Rega Code\\Web\\apotek-digital\\apotek-digital\\vendor\\laravel\\framework\\src\\Illuminate\\Foundation\\Http\\Middleware\\ConvertEmptyStringsToNull.php(31): Illuminate\\Foundation\\Http\\Middleware\\TransformsRequest->handle()\n#13 C:\\Rega Code\\Web\\apotek-digital\\apotek-digital\\vendor\\laravel\\framework\\src\\Illuminate\\Pipeline\\Pipeline.php(219): Illuminate\\Foundation\\Http\\Middleware\\ConvertEmptyStringsToNull->handle()\n#14 C:\\Rega Code\\Web\\apotek-digital\\apotek-digital\\vendor\\laravel\\framework\\src\\Illuminate\\Foundation\\Http\\Middleware\\TransformsRequest.php(21): Illuminate\\Pipeline\\Pipeline->{closure:{closure:Illuminate\\Pipeline\\Pipeline::carry():194}:195}()\n#15 C:\\Rega Code\\Web\\apotek-digital\\apotek-digital\\vendor\\laravel\\framework\\src\\Illuminate\\Foundation\\Http\\Middleware\\TrimStrings.php(51): Illuminate\\Foundation\\Http\\Middleware\\TransformsRequest->handle()\n#16 C:\\Rega Code\\Web\\apotek-digital\\apotek-digital\\vendor\\laravel\\framework\\src\\Illuminate\\Pipeline\\Pipeline.php(219): Illuminate\\Foundation\\Http\\Middleware\\TrimStrings->handle()\n#17 C:\\Rega Code\\Web\\apotek-digital\\apotek-digital\\vendor\\laravel\\framework\\src\\Illuminate\\Http\\Middleware\\ValidatePostSize.php(27): Illuminate\\Pipeline\\Pipeline->{closure:{closure:Illuminate\\Pipeline\\Pipeline::carry():194}:195}()\n#18 C:\\Rega Code\\Web\\apotek-digital\\apotek-digital\\vendor\\laravel\\framework\\src\\Illuminate\\Pipeline\\Pipeline.php(219): Illuminate\\Http\\Middleware\\ValidatePostSize->handle()\n#19 C:\\Rega Code\\Web\\apotek-digital\\apotek-digital\\vendor\\laravel\\framework\\src\\Illuminate\\Foundation\\Http\\Middleware\\PreventRequestsDuringMaintenance.php(109): Illuminate\\Pipeline\\Pipeline->{closure:{closure:Illuminate\\Pipeline\\Pipeline::carry():194}:195}()\n#20 C:\\Rega Code\\Web\\apotek-digital\\apotek-digital\\vendor\\laravel\\framework\\src\\Illuminate\\Pipeline\\Pipeline.php(219): Illuminate\\Foundation\\Http\\Middleware\\PreventRequestsDuringMaintenance->handle()\n#21 C:\\Rega Code\\Web\\apotek-digital\\apotek-digital\\vendor\\laravel\\framework\\src\\Illuminate\\Http\\Middleware\\HandleCors.php(61): Illuminate\\Pipeline\\Pipeline->{closure:{closure:Illuminate\\Pipeline\\Pipeline::carry():194}:195}()\n#22 C:\\Rega Code\\Web\\apotek-digital\\apotek-digital\\vendor\\laravel\\framework\\src\\Illuminate\\Pipeline\\Pipeline.php(219): Illuminate\\Http\\Middleware\\HandleCors->handle()\n#23 C:\\Rega Code\\Web\\apotek-digital\\apotek-digital\\vendor\\laravel\\framework\\src\\Illuminate\\Http\\Middleware\\TrustProxies.php(58): Illuminate\\Pipeline\\Pipeline->{closure:{closure:Illuminate\\Pipeline\\Pipeline::carry():194}:195}()\n#24 C:\\Rega Code\\Web\\apotek-digital\\apotek-digital\\vendor\\laravel\\framework\\src\\Illuminate\\Pipeline\\Pipeline.php(219): Illuminate\\Http\\Middleware\\TrustProxies->handle()\n#25 C:\\Rega Code\\Web\\apotek-digital\\apotek-digital\\vendor\\laravel\\framework\\src\\Illuminate\\Foundation\\Http\\Middleware\\InvokeDeferredCallbacks.php(22): Illuminate\\Pipeline\\Pipeline->{closure:{closure:Illuminate\\Pipeline\\Pipeline::carry():194}:195}()\n#26 C:\\Rega Code\\Web\\apotek-digital\\apotek-digital\\vendor\\laravel\\framework\\src\\Illuminate\\Pipeline\\Pipeline.php(219): Illuminate\\Foundation\\Http\\Middleware\\InvokeDeferredCallbacks->handle()\n#27 C:\\Rega Code\\Web\\apotek-digital\\apotek-digital\\vendor\\laravel\\framework\\src\\Illuminate\\Http\\Middleware\\ValidatePathEncoding.php(28): Illuminate\\Pipeline\\Pipeline->{closure:{closure:Illuminate\\Pipeline\\Pipeline::carry():194}:195}()\n#28 C:\\Rega Code\\Web\\apotek-digital\\apotek-digital\\vendor\\laravel\\framework\\src\\Illuminate\\Pipeline\\Pipeline.php(219): Illuminate\\Http\\Middleware\\ValidatePathEncoding->handle()\n#29 C:\\Rega Code\\Web\\apotek-digital\\apotek-digital\\vendor\\laravel\\framework\\src\\Illuminate\\Pipeline\\Pipeline.php(137): Illuminate\\Pipeline\\Pipeline->{closure:{closure:Illuminate\\Pipeline\\Pipeline::carry():194}:195}()\n#30 C:\\Rega Code\\Web\\apotek-digital\\apotek-digital\\vendor\\laravel\\framework\\src\\Illuminate\\Foundation\\Http\\Kernel.php(175): Illuminate\\Pipeline\\Pipeline->then()\n#31 C:\\Rega Code\\Web\\apotek-digital\\apotek-digital\\vendor\\laravel\\framework\\src\\Illuminate\\Foundation\\Http\\Kernel.php(144): Illuminate\\Foundation\\Http\\Kernel->sendRequestThroughRouter()\n#32 C:\\Rega Code\\Web\\apotek-digital\\apotek-digital\\vendor\\laravel\\framework\\src\\Illuminate\\Foundation\\Testing\\Concerns\\MakesHttpRequests.php(607): Illuminate\\Foundation\\Http\\Kernel->handle()\n#33 C:\\Rega Code\\Web\\apotek-digital\\apotek-digital\\vendor\\laravel\\framework\\src\\Illuminate\\Foundation\\Testing\\Concerns\\MakesHttpRequests.php(368): Illuminate\\Foundation\\Testing\\TestCase->call()\n#34 C:\\Rega Code\\Web\\apotek-digital\\apotek-digital\\tests\\Feature\\ApotekMiddlewareTest.php(49): Illuminate\\Foundation\\Testing\\TestCase->get()\n#35 C:\\Rega Code\\Web\\apotek-digital\\apotek-digital\\vendor\\pestphp\\pest\\src\\Factories\\TestCaseMethodFactory.php(177): P\\Tests\\Feature\\ApotekMiddlewareTest->{closure:C:\\Rega Code\\Web\\apotek-digital\\apotek-digital\\tests\\Feature\\ApotekMiddlewareTest.php:44}()\n#36 [internal function]: P\\Tests\\Feature\\ApotekMiddlewareTest->{closure:Pest\\Factories\\TestCaseMethodFactory::getClosure():167}()\n#37 C:\\Rega Code\\Web\\apotek-digital\\apotek-digital\\vendor\\pestphp\\pest\\src\\Concerns\\Testable.php(576): call_user_func_array()\n#38 C:\\Rega Code\\Web\\apotek-digital\\apotek-digital\\vendor\\pestphp\\pest\\src\\Support\\ExceptionTrace.php(26): P\\Tests\\Feature\\ApotekMiddlewareTest->{closure:Pest\\Concerns\\Testable::__callClosure():576}()\n#39 C:\\Rega Code\\Web\\apotek-digital\\apotek-digital\\vendor\\pestphp\\pest\\src\\Concerns\\Testable.php(576): Pest\\Support\\ExceptionTrace::ensure()\n#40 C:\\Rega Code\\Web\\apotek-digital\\apotek-digital\\vendor\\pestphp\\pest\\src\\Concerns\\Testable.php(403): P\\Tests\\Feature\\ApotekMiddlewareTest->__callClosure()\n#41 C:\\Rega Code\\Web\\apotek-digital\\apotek-digital\\vendor\\pestphp\\pest\\src\\Factories\\TestCaseFactory.php(175) : eval()'d code(44): P\\Tests\\Feature\\ApotekMiddlewareTest->__runTest()\n#42 C:\\Rega Code\\Web\\apotek-digital\\apotek-digital\\vendor\\phpunit\\phpunit\\src\\Framework\\TestCase.php(1314): P\\Tests\\Feature\\ApotekMiddlewareTest->__pest_evaluable_role_middleware_aborts_with_403_for_users_without_matching_role()\n#43 C:\\Rega Code\\Web\\apotek-digital\\apotek-digital\\vendor\\phpunit\\phpunit\\src\\Framework\\TestCase.php(1351): PHPUnit\\Framework\\TestCase->invokeTestMethod()\n#44 C:\\Rega Code\\Web\\apotek-digital\\apotek-digital\\vendor\\phpunit\\phpunit\\src\\Framework\\TestCase.php(521): PHPUnit\\Framework\\TestCase->runTest()\n#45 C:\\Rega Code\\Web\\apotek-digital\\apotek-digital\\vendor\\phpunit\\phpunit\\src\\Framework\\TestRunner\\TestRunner.php(99): PHPUnit\\Framework\\TestCase->runBare()\n#46 C:\\Rega Code\\Web\\apotek-digital\\apotek-digital\\vendor\\phpunit\\phpunit\\src\\Framework\\TestCase.php(361): PHPUnit\\Framework\\TestRunner->run()\n#47 C:\\Rega Code\\Web\\apotek-digital\\apotek-digital\\vendor\\phpunit\\phpunit\\src\\Framework\\TestSuite.php(374): PHPUnit\\Framework\\TestCase->run()\n#48 C:\\Rega Code\\Web\\apotek-digital\\apotek-digital\\vendor\\phpunit\\phpunit\\src\\Framework\\TestSuite.php(374): PHPUnit\\Framework\\TestSuite->run()\n#49 C:\\Rega Code\\Web\\apotek-digital\\apotek-digital\\vendor\\phpunit\\phpunit\\src\\Framework\\TestSuite.php(374): PHPUnit\\Framework\\TestSuite->run()\n#50 C:\\Rega Code\\Web\\apotek-digital\\apotek-digital\\vendor\\phpunit\\phpunit\\src\\TextUI\\TestRunner.php(64): PHPUnit\\Framework\\TestSuite->run()\n#51 C:\\Rega Code\\Web\\apotek-digital\\apotek-digital\\vendor\\phpunit\\phpunit\\src\\TextUI\\Application.php(229): PHPUnit\\TextUI\\TestRunner->run()\n#52 C:\\Rega Code\\Web\\apotek-digital\\apotek-digital\\vendor\\pestphp\\pest\\src\\Kernel.php(117): PHPUnit\\TextUI\\Application->run()\n#53 C:\\Rega Code\\Web\\apotek-digital\\apotek-digital\\vendor\\pestphp\\pest\\bin\\pest(207): Pest\\Kernel->handle()\n#54 C:\\Rega Code\\Web\\apotek-digital\\apotek-digital\\vendor\\pestphp\\pest\\bin\\pest(215): {closure:C:\\Rega Code\\Web\\apotek-digital\\apotek-digital\\vendor\\pestphp\\pest\\bin\\pest:21}()\n#55 C:\\Rega Code\\Web\\apotek-digital\\apotek-digital\\vendor\\bin\\pest(119): include('...')\n#56 {main}\n\n----------------------------------------------------------------------------------\n\nSession store not set on request."},{"test":"P\\Tests\\Feature\\MedicineFormTest::__pest_evaluable_medicine_form_does_not_record_stock_mutation_when_stock_is_not_increased_on_edit","file":"Code\\Web\\apotek-digital\\apotek-digital\\tests\\Feature\\MedicineFormTest.php","line":91,"message":"Failed asserting that 1 is identical to 0."}],"errors":40,"error_details":[{"test":"P\\Tests\\Feature\\CategoryManagementTest::__pest_evaluable_admin_can_access_category_management_page","file":"Code\\Web\\apotek-digital\\apotek-digital\\vendor\\laravel\\framework\\src\\Illuminate\\Testing\\TestResponseAssert.php","line":81,"message":"Call to a member function all() on array"},{"test":"P\\Tests\\Feature\\CategoryManagementTest::__pest_evaluable_pharmacist_can_access_category_management_page","file":"Code\\Web\\apotek-digital\\apotek-digital\\vendor\\laravel\\framework\\src\\Illuminate\\Testing\\TestResponseAssert.php","line":81,"message":"Call to a member function all() on array"},{"test":"P\\Tests\\Feature\\CategoryManagementTest::__pest_evaluable_cashier_cannot_access_category_management_page","file":"Code\\Web\\apotek-digital\\apotek-digital\\vendor\\laravel\\framework\\src\\Illuminate\\Testing\\TestResponseAssert.php","line":81,"message":"Call to a member function all() on array"},{"test":"P\\Tests\\Feature\\DashboardTest::__pest_evaluable_authenticated_users_can_visit_the_sistem_dashboard","file":"Code\\Web\\apotek-digital\\apotek-digital\\vendor\\laravel\\framework\\src\\Illuminate\\Testing\\TestResponseAssert.php","line":81,"message":"Call to a member function all() on array"},{"test":"P\\Tests\\Feature\\LaporanPageTest::__pest_evaluable_cashier_cannot_access_laporan_page","file":"Code\\Web\\apotek-digital\\apotek-digital\\vendor\\laravel\\framework\\src\\Illuminate\\Testing\\TestResponseAssert.php","line":81,"message":"Call to a member function all() on array"},{"test":"P\\Tests\\Feature\\LaporanPageTest::__pest_evaluable_admin_can_access_laporan_page","file":"Code\\Web\\apotek-digital\\apotek-digital\\vendor\\laravel\\framework\\src\\Illuminate\\Testing\\TestResponseAssert.php","line":81,"message":"Call to a member function all() on array"},{"test":"P\\Tests\\Feature\\LaporanPageTest::__pest_evaluable_pharmacist_can_access_laporan_page","file":"Code\\Web\\apotek-digital\\apotek-digital\\vendor\\laravel\\framework\\src\\Illuminate\\Testing\\TestResponseAssert.php","line":81,"message":"Call to a member function all() on array"},{"test":"P\\Tests\\Feature\\MedicineIndexTest::__pest_evaluable_cashier_cannot_access_medicine_index","file":"Code\\Web\\apotek-digital\\apotek-digital\\vendor\\laravel\\framework\\src\\Illuminate\\Testing\\TestResponseAssert.php","line":81,"message":"Call to a member function all() on array"},{"test":"P\\Tests\\Feature\\MedicineIndexTest::__pest_evaluable_pharmacist_can_access_medicine_index_page","file":"Code\\Web\\apotek-digital\\apotek-digital\\vendor\\laravel\\framework\\src\\Illuminate\\Testing\\TestResponseAssert.php","line":81,"message":"Call to a member function all() on array"},{"test":"P\\Tests\\Feature\\MedicineIndexTest::__pest_evaluable_medicine_index_shows_low_stock_and_expiring_soon_badges","file":"Code\\Web\\apotek-digital\\apotek-digital\\vendor\\laravel\\framework\\src\\Illuminate\\Testing\\TestResponseAssert.php","line":81,"message":"Call to a member function all() on array"},{"test":"P\\Tests\\Feature\\MutasiStokTest::__pest_evaluable_cashier_cannot_access_mutasi_stok_page","file":"Code\\Web\\apotek-digital\\apotek-digital\\vendor\\laravel\\framework\\src\\Illuminate\\Testing\\TestResponseAssert.php","line":81,"message":"Call to a member function all() on array"},{"test":"P\\Tests\\Feature\\SistemRoutesTest::__pest_evaluable_dashboard_shows_authenticated_user_name_and_role","file":"Code\\Web\\apotek-digital\\apotek-digital\\vendor\\laravel\\framework\\src\\Illuminate\\Testing\\TestResponseAssert.php","line":81,"message":"Call to a member function all() on array"},{"test":"P\\Tests\\Feature\\SistemRoutesTest::__pest_evaluable_admin_can_access_all_sistem_modules with data set \"dataset \"dashboard\"\"","file":"Code\\Web\\apotek-digital\\apotek-digital\\vendor\\laravel\\framework\\src\\Illuminate\\Testing\\TestResponseAssert.php","line":81,"message":"Call to a member function all() on array"},{"test":"P\\Tests\\Feature\\SistemRoutesTest::__pest_evaluable_admin_can_access_all_sistem_modules with data set \"dataset \"inventaris\"\"","file":"Code\\Web\\apotek-digital\\apotek-digital\\vendor\\laravel\\framework\\src\\Illuminate\\Testing\\TestResponseAssert.php","line":81,"message":"Call to a member function all() on array"},{"test":"P\\Tests\\Feature\\SistemRoutesTest::__pest_evaluable_admin_can_access_all_sistem_modules with data set \"dataset \"laporan\"\"","file":"Code\\Web\\apotek-digital\\apotek-digital\\vendor\\laravel\\framework\\src\\Illuminate\\Testing\\TestResponseAssert.php","line":81,"message":"Call to a member function all() on array"},{"test":"P\\Tests\\Feature\\SistemRoutesTest::__pest_evaluable_admin_can_access_all_sistem_modules with data set \"dataset \"pos (kasir)\"\"","file":"Code\\Web\\apotek-digital\\apotek-digital\\vendor\\laravel\\framework\\src\\Illuminate\\Testing\\TestResponseAssert.php","line":81,"message":"Call to a member function all() on array"},{"test":"P\\Tests\\Feature\\SistemRoutesTest::__pest_evaluable_admin_can_access_all_sistem_modules with data set \"dataset \"users\"\"","file":"Code\\Web\\apotek-digital\\apotek-digital\\vendor\\laravel\\framework\\src\\Illuminate\\Testing\\TestResponseAssert.php","line":81,"message":"Call to a member function all() on array"},{"test":"P\\Tests\\Feature\\SistemRoutesTest::__pest_evaluable_admin_can_access_all_sistem_modules with data set \"dataset \"medicines index\"\"","file":"Code\\Web\\apotek-digital\\apotek-digital\\vendor\\laravel\\framework\\src\\Illuminate\\Testing\\TestResponseAssert.php","line":81,"message":"Call to a member function all() on array"},{"test":"P\\Tests\\Feature\\SistemRoutesTest::__pest_evaluable_admin_can_access_all_sistem_modules with data set \"dataset \"stok opname\"\"","file":"Code\\Web\\apotek-digital\\apotek-digital\\vendor\\laravel\\framework\\src\\Illuminate\\Testing\\TestResponseAssert.php","line":81,"message":"Call to a member function all() on array"},{"test":"P\\Tests\\Feature\\SistemRoutesTest::__pest_evaluable_admin_can_access_all_sistem_modules with data set \"dataset \"mutasi stok\"\"","file":"Code\\Web\\apotek-digital\\apotek-digital\\vendor\\laravel\\framework\\src\\Illuminate\\Testing\\TestResponseAssert.php","line":81,"message":"Call to a member function all() on array"},{"test":"P\\Tests\\Feature\\SistemRoutesTest::__pest_evaluable_pharmacist_can_access_dashboard_inventaris_laporan_and_pos with data set \"dataset \"dashboard\"\"","file":"Code\\Web\\apotek-digital\\apotek-digital\\vendor\\laravel\\framework\\src\\Illuminate\\Testing\\TestResponseAssert.php","line":81,"message":"Call to a member function all() on array"},{"test":"P\\Tests\\Feature\\SistemRoutesTest::__pest_evaluable_pharmacist_can_access_dashboard_inventaris_laporan_and_pos with data set \"dataset \"inventaris\"\"","file":"Code\\Web\\apotek-digital\\apotek-digital\\vendor\\laravel\\framework\\src\\Illuminate\\Testing\\TestResponseAssert.php","line":81,"message":"Call to a member function all() on array"},{"test":"P\\Tests\\Feature\\SistemRoutesTest::__pest_evaluable_pharmacist_can_access_dashboard_inventaris_laporan_and_pos with data set \"dataset \"laporan\"\"","file":"Code\\Web\\apotek-digital\\apotek-digital\\vendor\\laravel\\framework\\src\\Illuminate\\Testing\\TestResponseAssert.php","line":81,"message":"Call to a member function all() on array"},{"test":"P\\Tests\\Feature\\SistemRoutesTest::__pest_evaluable_pharmacist_can_access_dashboard_inventaris_laporan_and_pos with data set \"dataset \"pos (kasir)\"\"","file":"Code\\Web\\apotek-digital\\apotek-digital\\vendor\\laravel\\framework\\src\\Illuminate\\Testing\\TestResponseAssert.php","line":81,"message":"Call to a member function all() on array"},{"test":"P\\Tests\\Feature\\SistemRoutesTest::__pest_evaluable_pharmacist_can_access_dashboard_inventaris_laporan_and_pos with data set \"dataset \"medicines index\"\"","file":"Code\\Web\\apotek-digital\\apotek-digital\\vendor\\laravel\\framework\\src\\Illuminate\\Testing\\TestResponseAssert.php","line":81,"message":"Call to a member function all() on array"},{"test":"P\\Tests\\Feature\\SistemRoutesTest::__pest_evaluable_pharmacist_can_access_dashboard_inventaris_laporan_and_pos with data set \"dataset \"stok opname\"\"","file":"Code\\Web\\apotek-digital\\apotek-digital\\vendor\\laravel\\framework\\src\\Illuminate\\Testing\\TestResponseAssert.php","line":81,"message":"Call to a member function all() on array"},{"test":"P\\Tests\\Feature\\SistemRoutesTest::__pest_evaluable_pharmacist_can_access_dashboard_inventaris_laporan_and_pos with data set \"dataset \"mutasi stok\"\"","file":"Code\\Web\\apotek-digital\\apotek-digital\\vendor\\laravel\\framework\\src\\Illuminate\\Testing\\TestResponseAssert.php","line":81,"message":"Call to a member function all() on array"},{"test":"P\\Tests\\Feature\\SistemRoutesTest::__pest_evaluable_pharmacist_cannot_access_user_management","file":"Code\\Web\\apotek-digital\\apotek-digital\\vendor\\laravel\\framework\\src\\Illuminate\\Testing\\TestResponseAssert.php","line":81,"message":"Call to a member function all() on array"},{"test":"P\\Tests\\Feature\\SistemRoutesTest::__pest_evaluable_cashier_can_access_dashboard_and_pos_only","file":"Code\\Web\\apotek-digital\\apotek-digital\\vendor\\laravel\\framework\\src\\Illuminate\\Testing\\TestResponseAssert.php","line":81,"message":"Call to a member function all() on array"},{"test":"P\\Tests\\Feature\\SistemRoutesTest::__pest_evaluable_cashier_cannot_access_inventaris_laporan_or_user_management with data set \"dataset \"inventaris\"\"","file":"Code\\Web\\apotek-digital\\apotek-digital\\vendor\\laravel\\framework\\src\\Illuminate\\Testing\\TestResponseAssert.php","line":81,"message":"Call to a member function all() on array"},{"test":"P\\Tests\\Feature\\SistemRoutesTest::__pest_evaluable_cashier_cannot_access_inventaris_laporan_or_user_management with data set \"dataset \"laporan\"\"","file":"Code\\Web\\apotek-digital\\apotek-digital\\vendor\\laravel\\framework\\src\\Illuminate\\Testing\\TestResponseAssert.php","line":81,"message":"Call to a member function all() on array"},{"test":"P\\Tests\\Feature\\SistemRoutesTest::__pest_evaluable_cashier_cannot_access_inventaris_laporan_or_user_management with data set \"dataset \"users\"\"","file":"Code\\Web\\apotek-digital\\apotek-digital\\vendor\\laravel\\framework\\src\\Illuminate\\Testing\\TestResponseAssert.php","line":81,"message":"Call to a member function all() on array"},{"test":"P\\Tests\\Feature\\SistemRoutesTest::__pest_evaluable_cashier_cannot_access_inventaris_laporan_or_user_management with data set \"dataset \"medicines index\"\"","file":"Code\\Web\\apotek-digital\\apotek-digital\\vendor\\laravel\\framework\\src\\Illuminate\\Testing\\TestResponseAssert.php","line":81,"message":"Call to a member function all() on array"},{"test":"P\\Tests\\Feature\\SistemRoutesTest::__pest_evaluable_cashier_cannot_access_inventaris_laporan_or_user_management with data set \"dataset \"stok opname\"\"","file":"Code\\Web\\apotek-digital\\apotek-digital\\vendor\\laravel\\framework\\src\\Illuminate\\Testing\\TestResponseAssert.php","line":81,"message":"Call to a member function all() on array"},{"test":"P\\Tests\\Feature\\SistemRoutesTest::__pest_evaluable_cashier_cannot_access_inventaris_laporan_or_user_management with data set \"dataset \"mutasi stok\"\"","file":"Code\\Web\\apotek-digital\\apotek-digital\\vendor\\laravel\\framework\\src\\Illuminate\\Testing\\TestResponseAssert.php","line":81,"message":"Call to a member function all() on array"},{"test":"P\\Tests\\Feature\\StokOpnameTest::__pest_evaluable_cashier_cannot_access_stok_opname_page","file":"Code\\Web\\apotek-digital\\apotek-digital\\vendor\\laravel\\framework\\src\\Illuminate\\Testing\\TestResponseAssert.php","line":81,"message":"Call to a member function all() on array"},{"test":"P\\Tests\\Feature\\StokOpnameTest::__pest_evaluable_pharmacist_can_access_stok_opname_page","file":"Code\\Web\\apotek-digital\\apotek-digital\\vendor\\laravel\\framework\\src\\Illuminate\\Testing\\TestResponseAssert.php","line":81,"message":"Call to a member function all() on array"},{"test":"P\\Tests\\Feature\\UserManagementTest::__pest_evaluable_cashier_cannot_access_admin_users_page","file":"Code\\Web\\apotek-digital\\apotek-digital\\vendor\\laravel\\framework\\src\\Illuminate\\Testing\\TestResponseAssert.php","line":81,"message":"Call to a member function all() on array"},{"test":"P\\Tests\\Feature\\UserManagementTest::__pest_evaluable_pharmacist_cannot_access_admin_users_page","file":"Code\\Web\\apotek-digital\\apotek-digital\\vendor\\laravel\\framework\\src\\Illuminate\\Testing\\TestResponseAssert.php","line":81,"message":"Call to a member function all() on array"},{"test":"P\\Tests\\Feature\\UserManagementTest::__pest_evaluable_admin_can_access_user_management_page","file":"Code\\Web\\apotek-digital\\apotek-digital\\vendor\\laravel\\framework\\src\\Illuminate\\Testing\\TestResponseAssert.php","line":81,"message":"Call to a member function all() on array"}]}
